[2026-01-20T03:39:56.788+0000] {taskinstance.py:1956} INFO - Dependencies all met for dep_context=non-requeueable deps ti=<TaskInstance: streamflow_main.Spark_Submit manual__2026-01-20T03:39:51.970993+00:00 [queued]>
[2026-01-20T03:39:56.805+0000] {taskinstance.py:1956} INFO - Dependencies all met for dep_context=requeueable deps ti=<TaskInstance: streamflow_main.Spark_Submit manual__2026-01-20T03:39:51.970993+00:00 [queued]>
[2026-01-20T03:39:56.806+0000] {taskinstance.py:2170} INFO - Starting attempt 1 of 1
[2026-01-20T03:39:56.830+0000] {taskinstance.py:2191} INFO - Executing <Task(BashOperator): Spark_Submit> on 2026-01-20 03:39:51.970993+00:00
[2026-01-20T03:39:56.837+0000] {standard_task_runner.py:60} INFO - Started process 987 to run task
[2026-01-20T03:39:56.841+0000] {standard_task_runner.py:87} INFO - Running: ['***', 'tasks', 'run', 'streamflow_main', 'Spark_Submit', 'manual__2026-01-20T03:39:51.970993+00:00', '--job-id', '4', '--raw', '--subdir', 'DAGS_FOLDER/dag_streamflow.py', '--cfg-path', '/tmp/tmpycku8d6q']
[2026-01-20T03:39:56.845+0000] {standard_task_runner.py:88} INFO - Job 4: Subtask Spark_Submit
[2026-01-20T03:39:56.929+0000] {task_command.py:423} INFO - Running <TaskInstance: streamflow_main.Spark_Submit manual__2026-01-20T03:39:51.970993+00:00 [running]> on host 519d7d29de3d
[2026-01-20T03:39:57.054+0000] {taskinstance.py:2480} INFO - Exporting env vars: AIRFLOW_CTX_DAG_OWNER='student' AIRFLOW_CTX_DAG_ID='streamflow_main' AIRFLOW_CTX_TASK_ID='Spark_Submit' AIRFLOW_CTX_EXECUTION_DATE='2026-01-20T03:39:51.970993+00:00' AIRFLOW_CTX_TRY_NUMBER='1' AIRFLOW_CTX_DAG_RUN_ID='manual__2026-01-20T03:39:51.970993+00:00'
[2026-01-20T03:39:57.056+0000] {subprocess.py:63} INFO - Tmp dir root location: /tmp
[2026-01-20T03:39:57.063+0000] {subprocess.py:75} INFO - Running command: ['/usr/bin/bash', '-c', '\n            spark-submit                 --master spark://spark-master:7077                 /opt/spark-jobs/etl_job.py\n        ']
[2026-01-20T03:39:57.073+0000] {subprocess.py:86} INFO - Output:
[2026-01-20T03:39:57.117+0000] {subprocess.py:93} INFO - /opt/spark/bin/load-spark-env.sh: line 68: ps: command not found
[2026-01-20T03:40:01.770+0000] {subprocess.py:93} INFO - 26/01/20 03:40:01 INFO SparkContext: Running Spark version 3.5.0
[2026-01-20T03:40:01.772+0000] {subprocess.py:93} INFO - 26/01/20 03:40:01 INFO SparkContext: OS info Linux, 5.15.167.4-microsoft-standard-WSL2, amd64
[2026-01-20T03:40:01.774+0000] {subprocess.py:93} INFO - 26/01/20 03:40:01 INFO SparkContext: Java version 17.0.17
[2026-01-20T03:40:01.867+0000] {subprocess.py:93} INFO - 26/01/20 03:40:01 WARN NativeCodeLoader: Unable to load native-hadoop library for your platform... using builtin-java classes where applicable
[2026-01-20T03:40:02.013+0000] {subprocess.py:93} INFO - 26/01/20 03:40:02 INFO ResourceUtils: ==============================================================
[2026-01-20T03:40:02.013+0000] {subprocess.py:93} INFO - 26/01/20 03:40:02 INFO ResourceUtils: No custom resources configured for spark.driver.
[2026-01-20T03:40:02.014+0000] {subprocess.py:93} INFO - 26/01/20 03:40:02 INFO ResourceUtils: ==============================================================
[2026-01-20T03:40:02.015+0000] {subprocess.py:93} INFO - 26/01/20 03:40:02 INFO SparkContext: Submitted application: ETL_job
[2026-01-20T03:40:02.036+0000] {subprocess.py:93} INFO - 26/01/20 03:40:02 INFO ResourceProfile: Default ResourceProfile created, executor resources: Map(cores -> name: cores, amount: 1, script: , vendor: , memory -> name: memory, amount: 1024, script: , vendor: , offHeap -> name: offHeap, amount: 0, script: , vendor: ), task resources: Map(cpus -> name: cpus, amount: 1.0)
[2026-01-20T03:40:02.044+0000] {subprocess.py:93} INFO - 26/01/20 03:40:02 INFO ResourceProfile: Limiting resource is cpu
[2026-01-20T03:40:02.045+0000] {subprocess.py:93} INFO - 26/01/20 03:40:02 INFO ResourceProfileManager: Added ResourceProfile id: 0
[2026-01-20T03:40:02.116+0000] {subprocess.py:93} INFO - 26/01/20 03:40:02 INFO SecurityManager: Changing view acls to: root
[2026-01-20T03:40:02.117+0000] {subprocess.py:93} INFO - 26/01/20 03:40:02 INFO SecurityManager: Changing modify acls to: root
[2026-01-20T03:40:02.117+0000] {subprocess.py:93} INFO - 26/01/20 03:40:02 INFO SecurityManager: Changing view acls groups to:
[2026-01-20T03:40:02.118+0000] {subprocess.py:93} INFO - 26/01/20 03:40:02 INFO SecurityManager: Changing modify acls groups to:
[2026-01-20T03:40:02.119+0000] {subprocess.py:93} INFO - 26/01/20 03:40:02 INFO SecurityManager: SecurityManager: authentication disabled; ui acls disabled; users with view permissions: root; groups with view permissions: EMPTY; users with modify permissions: root; groups with modify permissions: EMPTY
[2026-01-20T03:40:02.441+0000] {subprocess.py:93} INFO - 26/01/20 03:40:02 INFO Utils: Successfully started service 'sparkDriver' on port 42481.
[2026-01-20T03:40:02.488+0000] {subprocess.py:93} INFO - 26/01/20 03:40:02 INFO SparkEnv: Registering MapOutputTracker
[2026-01-20T03:40:02.540+0000] {subprocess.py:93} INFO - 26/01/20 03:40:02 INFO SparkEnv: Registering BlockManagerMaster
[2026-01-20T03:40:02.560+0000] {subprocess.py:93} INFO - 26/01/20 03:40:02 INFO BlockManagerMasterEndpoint: Using org.apache.spark.storage.DefaultTopologyMapper for getting topology information
[2026-01-20T03:40:02.562+0000] {subprocess.py:93} INFO - 26/01/20 03:40:02 INFO BlockManagerMasterEndpoint: BlockManagerMasterEndpoint up
[2026-01-20T03:40:02.567+0000] {subprocess.py:93} INFO - 26/01/20 03:40:02 INFO SparkEnv: Registering BlockManagerMasterHeartbeat
[2026-01-20T03:40:02.600+0000] {subprocess.py:93} INFO - 26/01/20 03:40:02 INFO DiskBlockManager: Created local directory at /tmp/blockmgr-73c4d5ea-4d7d-45c6-afee-85a0025883df
[2026-01-20T03:40:02.618+0000] {subprocess.py:93} INFO - 26/01/20 03:40:02 INFO MemoryStore: MemoryStore started with capacity 434.4 MiB
[2026-01-20T03:40:02.643+0000] {subprocess.py:93} INFO - 26/01/20 03:40:02 INFO SparkEnv: Registering OutputCommitCoordinator
[2026-01-20T03:40:02.884+0000] {subprocess.py:93} INFO - 26/01/20 03:40:02 INFO JettyUtils: Start Jetty 0.0.0.0:4040 for SparkUI
[2026-01-20T03:40:02.992+0000] {subprocess.py:93} INFO - 26/01/20 03:40:02 INFO Utils: Successfully started service 'SparkUI' on port 4040.
[2026-01-20T03:40:03.138+0000] {subprocess.py:93} INFO - 26/01/20 03:40:03 INFO Executor: Starting executor ID driver on host 519d7d29de3d
[2026-01-20T03:40:03.140+0000] {subprocess.py:93} INFO - 26/01/20 03:40:03 INFO Executor: OS info Linux, 5.15.167.4-microsoft-standard-WSL2, amd64
[2026-01-20T03:40:03.141+0000] {subprocess.py:93} INFO - 26/01/20 03:40:03 INFO Executor: Java version 17.0.17
[2026-01-20T03:40:03.151+0000] {subprocess.py:93} INFO - 26/01/20 03:40:03 INFO Executor: Starting executor with user classpath (userClassPathFirst = false): ''
[2026-01-20T03:40:03.152+0000] {subprocess.py:93} INFO - 26/01/20 03:40:03 INFO Executor: Created or updated repl class loader org.apache.spark.util.MutableURLClassLoader@272584ff for default.
[2026-01-20T03:40:03.180+0000] {subprocess.py:93} INFO - 26/01/20 03:40:03 INFO Utils: Successfully started service 'org.apache.spark.network.netty.NettyBlockTransferService' on port 39719.
[2026-01-20T03:40:03.181+0000] {subprocess.py:93} INFO - 26/01/20 03:40:03 INFO NettyBlockTransferService: Server created on 519d7d29de3d:39719
[2026-01-20T03:40:03.183+0000] {subprocess.py:93} INFO - 26/01/20 03:40:03 INFO BlockManager: Using org.apache.spark.storage.RandomBlockReplicationPolicy for block replication policy
[2026-01-20T03:40:03.192+0000] {subprocess.py:93} INFO - 26/01/20 03:40:03 INFO BlockManagerMaster: Registering BlockManager BlockManagerId(driver, 519d7d29de3d, 39719, None)
[2026-01-20T03:40:03.197+0000] {subprocess.py:93} INFO - 26/01/20 03:40:03 INFO BlockManagerMasterEndpoint: Registering block manager 519d7d29de3d:39719 with 434.4 MiB RAM, BlockManagerId(driver, 519d7d29de3d, 39719, None)
[2026-01-20T03:40:03.200+0000] {subprocess.py:93} INFO - 26/01/20 03:40:03 INFO BlockManagerMaster: Registered BlockManager BlockManagerId(driver, 519d7d29de3d, 39719, None)
[2026-01-20T03:40:03.201+0000] {subprocess.py:93} INFO - 26/01/20 03:40:03 INFO BlockManager: Initialized BlockManager: BlockManagerId(driver, 519d7d29de3d, 39719, None)
[2026-01-20T03:40:03.846+0000] {subprocess.py:93} INFO - 26/01/20 03:40:03 INFO SharedState: Setting hive.metastore.warehouse.dir ('null') to the value of spark.sql.warehouse.dir.
[2026-01-20T03:40:03.854+0000] {subprocess.py:93} INFO - 26/01/20 03:40:03 INFO SharedState: Warehouse path is 'file:/tmp/***tmpuei48xuk/spark-warehouse'.
[2026-01-20T03:40:05.025+0000] {subprocess.py:93} INFO - 26/01/20 03:40:05 INFO InMemoryFileIndex: It took 66 ms to list leaf files for 1 paths.
[2026-01-20T03:40:05.117+0000] {subprocess.py:93} INFO - 26/01/20 03:40:05 INFO InMemoryFileIndex: It took 12 ms to list leaf files for 1 paths.
[2026-01-20T03:40:07.469+0000] {subprocess.py:93} INFO - 26/01/20 03:40:07 INFO FileSourceStrategy: Pushed Filters:
[2026-01-20T03:40:07.480+0000] {subprocess.py:93} INFO - 26/01/20 03:40:07 INFO FileSourceStrategy: Post-Scan Filters:
[2026-01-20T03:40:07.715+0000] {subprocess.py:93} INFO - 26/01/20 03:40:07 INFO MemoryStore: Block broadcast_0 stored as values in memory (estimated size 199.2 KiB, free 434.2 MiB)
[2026-01-20T03:40:07.797+0000] {subprocess.py:93} INFO - 26/01/20 03:40:07 INFO MemoryStore: Block broadcast_0_piece0 stored as bytes in memory (estimated size 34.2 KiB, free 434.2 MiB)
[2026-01-20T03:40:07.801+0000] {subprocess.py:93} INFO - 26/01/20 03:40:07 INFO BlockManagerInfo: Added broadcast_0_piece0 in memory on 519d7d29de3d:39719 (size: 34.2 KiB, free: 434.4 MiB)
[2026-01-20T03:40:07.806+0000] {subprocess.py:93} INFO - 26/01/20 03:40:07 INFO SparkContext: Created broadcast 0 from json at NativeMethodAccessorImpl.java:0
[2026-01-20T03:40:07.818+0000] {subprocess.py:93} INFO - 26/01/20 03:40:07 INFO FileSourceScanExec: Planning scan with bin packing, max size: 4194304 bytes, open cost is considered as scanning 4194304 bytes.
[2026-01-20T03:40:07.983+0000] {subprocess.py:93} INFO - 26/01/20 03:40:07 INFO SparkContext: Starting job: json at NativeMethodAccessorImpl.java:0
[2026-01-20T03:40:07.998+0000] {subprocess.py:93} INFO - 26/01/20 03:40:07 INFO DAGScheduler: Got job 0 (json at NativeMethodAccessorImpl.java:0) with 13 output partitions
[2026-01-20T03:40:08.000+0000] {subprocess.py:93} INFO - 26/01/20 03:40:07 INFO DAGScheduler: Final stage: ResultStage 0 (json at NativeMethodAccessorImpl.java:0)
[2026-01-20T03:40:08.001+0000] {subprocess.py:93} INFO - 26/01/20 03:40:07 INFO DAGScheduler: Parents of final stage: List()
[2026-01-20T03:40:08.002+0000] {subprocess.py:93} INFO - 26/01/20 03:40:08 INFO DAGScheduler: Missing parents: List()
[2026-01-20T03:40:08.004+0000] {subprocess.py:93} INFO - 26/01/20 03:40:08 INFO DAGScheduler: Submitting ResultStage 0 (MapPartitionsRDD[3] at json at NativeMethodAccessorImpl.java:0), which has no missing parents
[2026-01-20T03:40:08.093+0000] {subprocess.py:93} INFO - 26/01/20 03:40:08 INFO MemoryStore: Block broadcast_1 stored as values in memory (estimated size 16.0 KiB, free 434.2 MiB)
[2026-01-20T03:40:08.100+0000] {subprocess.py:93} INFO - 26/01/20 03:40:08 INFO MemoryStore: Block broadcast_1_piece0 stored as bytes in memory (estimated size 7.5 KiB, free 434.1 MiB)
[2026-01-20T03:40:08.101+0000] {subprocess.py:93} INFO - 26/01/20 03:40:08 INFO BlockManagerInfo: Added broadcast_1_piece0 in memory on 519d7d29de3d:39719 (size: 7.5 KiB, free: 434.4 MiB)
[2026-01-20T03:40:08.104+0000] {subprocess.py:93} INFO - 26/01/20 03:40:08 INFO SparkContext: Created broadcast 1 from broadcast at DAGScheduler.scala:1580
[2026-01-20T03:40:08.118+0000] {subprocess.py:93} INFO - 26/01/20 03:40:08 INFO DAGScheduler: Submitting 13 missing tasks from ResultStage 0 (MapPartitionsRDD[3] at json at NativeMethodAccessorImpl.java:0) (first 15 tasks are for partitions Vector(0, 1, 2, 3, 4, 5, 6, 7, 8, 9, 10, 11, 12))
[2026-01-20T03:40:08.120+0000] {subprocess.py:93} INFO - 26/01/20 03:40:08 INFO TaskSchedulerImpl: Adding task set 0.0 with 13 tasks resource profile 0
[2026-01-20T03:40:08.160+0000] {subprocess.py:93} INFO - 26/01/20 03:40:08 INFO TaskSetManager: Starting task 0.0 in stage 0.0 (TID 0) (519d7d29de3d, executor driver, partition 0, PROCESS_LOCAL, 8251 bytes)
[2026-01-20T03:40:08.164+0000] {subprocess.py:93} INFO - 26/01/20 03:40:08 INFO TaskSetManager: Starting task 1.0 in stage 0.0 (TID 1) (519d7d29de3d, executor driver, partition 1, PROCESS_LOCAL, 8251 bytes)
[2026-01-20T03:40:08.165+0000] {subprocess.py:93} INFO - 26/01/20 03:40:08 INFO TaskSetManager: Starting task 2.0 in stage 0.0 (TID 2) (519d7d29de3d, executor driver, partition 2, PROCESS_LOCAL, 8251 bytes)
[2026-01-20T03:40:08.166+0000] {subprocess.py:93} INFO - 26/01/20 03:40:08 INFO TaskSetManager: Starting task 3.0 in stage 0.0 (TID 3) (519d7d29de3d, executor driver, partition 3, PROCESS_LOCAL, 8251 bytes)
[2026-01-20T03:40:08.167+0000] {subprocess.py:93} INFO - 26/01/20 03:40:08 INFO TaskSetManager: Starting task 4.0 in stage 0.0 (TID 4) (519d7d29de3d, executor driver, partition 4, PROCESS_LOCAL, 8251 bytes)
[2026-01-20T03:40:08.169+0000] {subprocess.py:93} INFO - 26/01/20 03:40:08 INFO TaskSetManager: Starting task 5.0 in stage 0.0 (TID 5) (519d7d29de3d, executor driver, partition 5, PROCESS_LOCAL, 8251 bytes)
[2026-01-20T03:40:08.170+0000] {subprocess.py:93} INFO - 26/01/20 03:40:08 INFO TaskSetManager: Starting task 6.0 in stage 0.0 (TID 6) (519d7d29de3d, executor driver, partition 6, PROCESS_LOCAL, 8251 bytes)
[2026-01-20T03:40:08.171+0000] {subprocess.py:93} INFO - 26/01/20 03:40:08 INFO TaskSetManager: Starting task 7.0 in stage 0.0 (TID 7) (519d7d29de3d, executor driver, partition 7, PROCESS_LOCAL, 8251 bytes)
[2026-01-20T03:40:08.172+0000] {subprocess.py:93} INFO - 26/01/20 03:40:08 INFO TaskSetManager: Starting task 8.0 in stage 0.0 (TID 8) (519d7d29de3d, executor driver, partition 8, PROCESS_LOCAL, 8251 bytes)
[2026-01-20T03:40:08.172+0000] {subprocess.py:93} INFO - 26/01/20 03:40:08 INFO TaskSetManager: Starting task 9.0 in stage 0.0 (TID 9) (519d7d29de3d, executor driver, partition 9, PROCESS_LOCAL, 8251 bytes)
[2026-01-20T03:40:08.173+0000] {subprocess.py:93} INFO - 26/01/20 03:40:08 INFO TaskSetManager: Starting task 10.0 in stage 0.0 (TID 10) (519d7d29de3d, executor driver, partition 10, PROCESS_LOCAL, 8251 bytes)
[2026-01-20T03:40:08.174+0000] {subprocess.py:93} INFO - 26/01/20 03:40:08 INFO TaskSetManager: Starting task 11.0 in stage 0.0 (TID 11) (519d7d29de3d, executor driver, partition 11, PROCESS_LOCAL, 8251 bytes)
[2026-01-20T03:40:08.174+0000] {subprocess.py:93} INFO - 26/01/20 03:40:08 INFO TaskSetManager: Starting task 12.0 in stage 0.0 (TID 12) (519d7d29de3d, executor driver, partition 12, PROCESS_LOCAL, 8251 bytes)
[2026-01-20T03:40:08.187+0000] {subprocess.py:93} INFO - 26/01/20 03:40:08 INFO Executor: Running task 8.0 in stage 0.0 (TID 8)
[2026-01-20T03:40:08.188+0000] {subprocess.py:93} INFO - 26/01/20 03:40:08 INFO Executor: Running task 7.0 in stage 0.0 (TID 7)
[2026-01-20T03:40:08.190+0000] {subprocess.py:93} INFO - 26/01/20 03:40:08 INFO Executor: Running task 4.0 in stage 0.0 (TID 4)
[2026-01-20T03:40:08.191+0000] {subprocess.py:93} INFO - 26/01/20 03:40:08 INFO Executor: Running task 6.0 in stage 0.0 (TID 6)
[2026-01-20T03:40:08.192+0000] {subprocess.py:93} INFO - 26/01/20 03:40:08 INFO Executor: Running task 2.0 in stage 0.0 (TID 2)
[2026-01-20T03:40:08.193+0000] {subprocess.py:93} INFO - 26/01/20 03:40:08 INFO Executor: Running task 5.0 in stage 0.0 (TID 5)
[2026-01-20T03:40:08.193+0000] {subprocess.py:93} INFO - 26/01/20 03:40:08 INFO Executor: Running task 1.0 in stage 0.0 (TID 1)
[2026-01-20T03:40:08.194+0000] {subprocess.py:93} INFO - 26/01/20 03:40:08 INFO Executor: Running task 3.0 in stage 0.0 (TID 3)
[2026-01-20T03:40:08.195+0000] {subprocess.py:93} INFO - 26/01/20 03:40:08 INFO Executor: Running task 0.0 in stage 0.0 (TID 0)
[2026-01-20T03:40:08.195+0000] {subprocess.py:93} INFO - 26/01/20 03:40:08 INFO Executor: Running task 9.0 in stage 0.0 (TID 9)
[2026-01-20T03:40:08.197+0000] {subprocess.py:93} INFO - 26/01/20 03:40:08 INFO Executor: Running task 10.0 in stage 0.0 (TID 10)
[2026-01-20T03:40:08.198+0000] {subprocess.py:93} INFO - 26/01/20 03:40:08 INFO Executor: Running task 11.0 in stage 0.0 (TID 11)
[2026-01-20T03:40:08.199+0000] {subprocess.py:93} INFO - 26/01/20 03:40:08 INFO Executor: Running task 12.0 in stage 0.0 (TID 12)
[2026-01-20T03:40:08.431+0000] {subprocess.py:93} INFO - 26/01/20 03:40:08 INFO FileScanRDD: Reading File path: file:///opt/spark-data/landing/transaction_events_1768879479.1820476.json, range: 12582912-16777216, partition values: [empty row]
[2026-01-20T03:40:08.432+0000] {subprocess.py:93} INFO - 26/01/20 03:40:08 INFO FileScanRDD: Reading File path: file:///opt/spark-data/landing/transaction_events_1768879479.1820476.json, range: 8388608-12582912, partition values: [empty row]
[2026-01-20T03:40:08.433+0000] {subprocess.py:93} INFO - 26/01/20 03:40:08 INFO FileScanRDD: Reading File path: file:///opt/spark-data/landing/transaction_events_1768879479.1820476.json, range: 29360128-33554432, partition values: [empty row]
[2026-01-20T03:40:08.433+0000] {subprocess.py:93} INFO - 26/01/20 03:40:08 INFO FileScanRDD: Reading File path: file:///opt/spark-data/landing/transaction_events_1768879479.1820476.json, range: 33554432-37748736, partition values: [empty row]
[2026-01-20T03:40:08.434+0000] {subprocess.py:93} INFO - 26/01/20 03:40:08 INFO FileScanRDD: Reading File path: file:///opt/spark-data/landing/transaction_events_1768879479.1820476.json, range: 25165824-29360128, partition values: [empty row]
[2026-01-20T03:40:08.434+0000] {subprocess.py:93} INFO - 26/01/20 03:40:08 INFO FileScanRDD: Reading File path: file:///opt/spark-data/landing/transaction_events_1768879479.1820476.json, range: 50331648-51561162, partition values: [empty row]
[2026-01-20T03:40:08.435+0000] {subprocess.py:93} INFO - 26/01/20 03:40:08 INFO FileScanRDD: Reading File path: file:///opt/spark-data/landing/transaction_events_1768879479.1820476.json, range: 4194304-8388608, partition values: [empty row]
[2026-01-20T03:40:08.435+0000] {subprocess.py:93} INFO - 26/01/20 03:40:08 INFO FileScanRDD: Reading File path: file:///opt/spark-data/landing/transaction_events_1768879479.1820476.json, range: 41943040-46137344, partition values: [empty row]
[2026-01-20T03:40:08.436+0000] {subprocess.py:93} INFO - 26/01/20 03:40:08 INFO FileScanRDD: Reading File path: file:///opt/spark-data/landing/transaction_events_1768879479.1820476.json, range: 20971520-25165824, partition values: [empty row]
[2026-01-20T03:40:08.437+0000] {subprocess.py:93} INFO - 26/01/20 03:40:08 INFO FileScanRDD: Reading File path: file:///opt/spark-data/landing/transaction_events_1768879479.1820476.json, range: 46137344-50331648, partition values: [empty row]
[2026-01-20T03:40:08.437+0000] {subprocess.py:93} INFO - 26/01/20 03:40:08 INFO FileScanRDD: Reading File path: file:///opt/spark-data/landing/transaction_events_1768879479.1820476.json, range: 16777216-20971520, partition values: [empty row]
[2026-01-20T03:40:08.438+0000] {subprocess.py:93} INFO - 26/01/20 03:40:08 INFO FileScanRDD: Reading File path: file:///opt/spark-data/landing/transaction_events_1768879479.1820476.json, range: 37748736-41943040, partition values: [empty row]
[2026-01-20T03:40:08.439+0000] {subprocess.py:93} INFO - 26/01/20 03:40:08 INFO FileScanRDD: Reading File path: file:///opt/spark-data/landing/transaction_events_1768879479.1820476.json, range: 0-4194304, partition values: [empty row]
[2026-01-20T03:40:08.725+0000] {subprocess.py:93} INFO - 26/01/20 03:40:08 INFO CodeGenerator: Code generated in 220.757255 ms
[2026-01-20T03:40:09.808+0000] {subprocess.py:93} INFO - 26/01/20 03:40:09 INFO Executor: Finished task 12.0 in stage 0.0 (TID 12). 3067 bytes result sent to driver
[2026-01-20T03:40:09.826+0000] {subprocess.py:93} INFO - 26/01/20 03:40:09 INFO TaskSetManager: Finished task 12.0 in stage 0.0 (TID 12) in 1651 ms on 519d7d29de3d (executor driver) (1/13)
[2026-01-20T03:40:10.541+0000] {subprocess.py:93} INFO - 26/01/20 03:40:10 INFO Executor: Finished task 5.0 in stage 0.0 (TID 5). 3024 bytes result sent to driver
[2026-01-20T03:40:10.544+0000] {subprocess.py:93} INFO - 26/01/20 03:40:10 INFO TaskSetManager: Finished task 5.0 in stage 0.0 (TID 5) in 2377 ms on 519d7d29de3d (executor driver) (2/13)
[2026-01-20T03:40:10.564+0000] {subprocess.py:93} INFO - 26/01/20 03:40:10 INFO Executor: Finished task 8.0 in stage 0.0 (TID 8). 3067 bytes result sent to driver
[2026-01-20T03:40:10.565+0000] {subprocess.py:93} INFO - 26/01/20 03:40:10 INFO Executor: Finished task 11.0 in stage 0.0 (TID 11). 3067 bytes result sent to driver
[2026-01-20T03:40:10.566+0000] {subprocess.py:93} INFO - 26/01/20 03:40:10 INFO Executor: Finished task 4.0 in stage 0.0 (TID 4). 3067 bytes result sent to driver
[2026-01-20T03:40:10.567+0000] {subprocess.py:93} INFO - 26/01/20 03:40:10 INFO Executor: Finished task 9.0 in stage 0.0 (TID 9). 3067 bytes result sent to driver
[2026-01-20T03:40:10.568+0000] {subprocess.py:93} INFO - 26/01/20 03:40:10 INFO Executor: Finished task 2.0 in stage 0.0 (TID 2). 3067 bytes result sent to driver
[2026-01-20T03:40:10.569+0000] {subprocess.py:93} INFO - 26/01/20 03:40:10 INFO Executor: Finished task 3.0 in stage 0.0 (TID 3). 3024 bytes result sent to driver
[2026-01-20T03:40:10.571+0000] {subprocess.py:93} INFO - 26/01/20 03:40:10 INFO Executor: Finished task 7.0 in stage 0.0 (TID 7). 3024 bytes result sent to driver
[2026-01-20T03:40:10.574+0000] {subprocess.py:93} INFO - 26/01/20 03:40:10 INFO Executor: Finished task 10.0 in stage 0.0 (TID 10). 3067 bytes result sent to driver
[2026-01-20T03:40:10.575+0000] {subprocess.py:93} INFO - 26/01/20 03:40:10 INFO Executor: Finished task 1.0 in stage 0.0 (TID 1). 3067 bytes result sent to driver
[2026-01-20T03:40:10.576+0000] {subprocess.py:93} INFO - 26/01/20 03:40:10 INFO Executor: Finished task 6.0 in stage 0.0 (TID 6). 3067 bytes result sent to driver
[2026-01-20T03:40:10.577+0000] {subprocess.py:93} INFO - 26/01/20 03:40:10 INFO Executor: Finished task 0.0 in stage 0.0 (TID 0). 3067 bytes result sent to driver
[2026-01-20T03:40:10.578+0000] {subprocess.py:93} INFO - 26/01/20 03:40:10 INFO TaskSetManager: Finished task 8.0 in stage 0.0 (TID 8) in 2396 ms on 519d7d29de3d (executor driver) (3/13)
[2026-01-20T03:40:10.579+0000] {subprocess.py:93} INFO - 26/01/20 03:40:10 INFO TaskSetManager: Finished task 9.0 in stage 0.0 (TID 9) in 2397 ms on 519d7d29de3d (executor driver) (4/13)
[2026-01-20T03:40:10.581+0000] {subprocess.py:93} INFO - 26/01/20 03:40:10 INFO TaskSetManager: Finished task 11.0 in stage 0.0 (TID 11) in 2396 ms on 519d7d29de3d (executor driver) (5/13)
[2026-01-20T03:40:10.581+0000] {subprocess.py:93} INFO - 26/01/20 03:40:10 INFO TaskSetManager: Finished task 2.0 in stage 0.0 (TID 2) in 2405 ms on 519d7d29de3d (executor driver) (6/13)
[2026-01-20T03:40:10.582+0000] {subprocess.py:93} INFO - 26/01/20 03:40:10 INFO TaskSetManager: Finished task 4.0 in stage 0.0 (TID 4) in 2403 ms on 519d7d29de3d (executor driver) (7/13)
[2026-01-20T03:40:10.583+0000] {subprocess.py:93} INFO - 26/01/20 03:40:10 INFO TaskSetManager: Finished task 3.0 in stage 0.0 (TID 3) in 2408 ms on 519d7d29de3d (executor driver) (8/13)
[2026-01-20T03:40:10.584+0000] {subprocess.py:93} INFO - 26/01/20 03:40:10 INFO TaskSetManager: Finished task 6.0 in stage 0.0 (TID 6) in 2406 ms on 519d7d29de3d (executor driver) (9/13)
[2026-01-20T03:40:10.585+0000] {subprocess.py:93} INFO - 26/01/20 03:40:10 INFO TaskSetManager: Finished task 7.0 in stage 0.0 (TID 7) in 2405 ms on 519d7d29de3d (executor driver) (10/13)
[2026-01-20T03:40:10.586+0000] {subprocess.py:93} INFO - 26/01/20 03:40:10 INFO TaskSetManager: Finished task 1.0 in stage 0.0 (TID 1) in 2413 ms on 519d7d29de3d (executor driver) (11/13)
[2026-01-20T03:40:10.587+0000] {subprocess.py:93} INFO - 26/01/20 03:40:10 INFO TaskSetManager: Finished task 0.0 in stage 0.0 (TID 0) in 2428 ms on 519d7d29de3d (executor driver) (12/13)
[2026-01-20T03:40:10.588+0000] {subprocess.py:93} INFO - 26/01/20 03:40:10 INFO TaskSetManager: Finished task 10.0 in stage 0.0 (TID 10) in 2404 ms on 519d7d29de3d (executor driver) (13/13)
[2026-01-20T03:40:10.590+0000] {subprocess.py:93} INFO - 26/01/20 03:40:10 INFO TaskSchedulerImpl: Removed TaskSet 0.0, whose tasks have all completed, from pool
[2026-01-20T03:40:10.591+0000] {subprocess.py:93} INFO - 26/01/20 03:40:10 INFO DAGScheduler: ResultStage 0 (json at NativeMethodAccessorImpl.java:0) finished in 2.559 s
[2026-01-20T03:40:10.592+0000] {subprocess.py:93} INFO - 26/01/20 03:40:10 INFO DAGScheduler: Job 0 is finished. Cancelling potential speculative or zombie tasks for this job
[2026-01-20T03:40:10.592+0000] {subprocess.py:93} INFO - 26/01/20 03:40:10 INFO TaskSchedulerImpl: Killing all running tasks in stage 0: Stage finished
[2026-01-20T03:40:10.593+0000] {subprocess.py:93} INFO - 26/01/20 03:40:10 INFO DAGScheduler: Job 0 finished: json at NativeMethodAccessorImpl.java:0, took 2.604930 s
[2026-01-20T03:40:10.720+0000] {subprocess.py:93} INFO - 26/01/20 03:40:10 INFO InMemoryFileIndex: It took 14 ms to list leaf files for 1 paths.
[2026-01-20T03:40:10.758+0000] {subprocess.py:93} INFO - 26/01/20 03:40:10 INFO InMemoryFileIndex: It took 16 ms to list leaf files for 1 paths.
[2026-01-20T03:40:10.818+0000] {subprocess.py:93} INFO - 26/01/20 03:40:10 INFO FileSourceStrategy: Pushed Filters:
[2026-01-20T03:40:10.819+0000] {subprocess.py:93} INFO - 26/01/20 03:40:10 INFO FileSourceStrategy: Post-Scan Filters:
[2026-01-20T03:40:10.827+0000] {subprocess.py:93} INFO - 26/01/20 03:40:10 INFO MemoryStore: Block broadcast_2 stored as values in memory (estimated size 199.2 KiB, free 434.0 MiB)
[2026-01-20T03:40:10.843+0000] {subprocess.py:93} INFO - 26/01/20 03:40:10 INFO MemoryStore: Block broadcast_2_piece0 stored as bytes in memory (estimated size 34.2 KiB, free 433.9 MiB)
[2026-01-20T03:40:10.845+0000] {subprocess.py:93} INFO - 26/01/20 03:40:10 INFO BlockManagerInfo: Added broadcast_2_piece0 in memory on 519d7d29de3d:39719 (size: 34.2 KiB, free: 434.3 MiB)
[2026-01-20T03:40:10.846+0000] {subprocess.py:93} INFO - 26/01/20 03:40:10 INFO SparkContext: Created broadcast 2 from json at NativeMethodAccessorImpl.java:0
[2026-01-20T03:40:10.848+0000] {subprocess.py:93} INFO - 26/01/20 03:40:10 INFO FileSourceScanExec: Planning scan with bin packing, max size: 4194304 bytes, open cost is considered as scanning 4194304 bytes.
[2026-01-20T03:40:10.861+0000] {subprocess.py:93} INFO - 26/01/20 03:40:10 INFO SparkContext: Starting job: json at NativeMethodAccessorImpl.java:0
[2026-01-20T03:40:10.863+0000] {subprocess.py:93} INFO - 26/01/20 03:40:10 INFO DAGScheduler: Got job 1 (json at NativeMethodAccessorImpl.java:0) with 8 output partitions
[2026-01-20T03:40:10.864+0000] {subprocess.py:93} INFO - 26/01/20 03:40:10 INFO DAGScheduler: Final stage: ResultStage 1 (json at NativeMethodAccessorImpl.java:0)
[2026-01-20T03:40:10.865+0000] {subprocess.py:93} INFO - 26/01/20 03:40:10 INFO DAGScheduler: Parents of final stage: List()
[2026-01-20T03:40:10.865+0000] {subprocess.py:93} INFO - 26/01/20 03:40:10 INFO DAGScheduler: Missing parents: List()
[2026-01-20T03:40:10.866+0000] {subprocess.py:93} INFO - 26/01/20 03:40:10 INFO DAGScheduler: Submitting ResultStage 1 (MapPartitionsRDD[7] at json at NativeMethodAccessorImpl.java:0), which has no missing parents
[2026-01-20T03:40:10.869+0000] {subprocess.py:93} INFO - 26/01/20 03:40:10 INFO MemoryStore: Block broadcast_3 stored as values in memory (estimated size 16.0 KiB, free 433.9 MiB)
[2026-01-20T03:40:10.872+0000] {subprocess.py:93} INFO - 26/01/20 03:40:10 INFO MemoryStore: Block broadcast_3_piece0 stored as bytes in memory (estimated size 7.5 KiB, free 433.9 MiB)
[2026-01-20T03:40:10.873+0000] {subprocess.py:93} INFO - 26/01/20 03:40:10 INFO BlockManagerInfo: Added broadcast_3_piece0 in memory on 519d7d29de3d:39719 (size: 7.5 KiB, free: 434.3 MiB)
[2026-01-20T03:40:10.874+0000] {subprocess.py:93} INFO - 26/01/20 03:40:10 INFO SparkContext: Created broadcast 3 from broadcast at DAGScheduler.scala:1580
[2026-01-20T03:40:10.874+0000] {subprocess.py:93} INFO - 26/01/20 03:40:10 INFO DAGScheduler: Submitting 8 missing tasks from ResultStage 1 (MapPartitionsRDD[7] at json at NativeMethodAccessorImpl.java:0) (first 15 tasks are for partitions Vector(0, 1, 2, 3, 4, 5, 6, 7))
[2026-01-20T03:40:10.875+0000] {subprocess.py:93} INFO - 26/01/20 03:40:10 INFO TaskSchedulerImpl: Adding task set 1.0 with 8 tasks resource profile 0
[2026-01-20T03:40:10.877+0000] {subprocess.py:93} INFO - 26/01/20 03:40:10 INFO TaskSetManager: Starting task 0.0 in stage 1.0 (TID 13) (519d7d29de3d, executor driver, partition 0, PROCESS_LOCAL, 8244 bytes)
[2026-01-20T03:40:10.878+0000] {subprocess.py:93} INFO - 26/01/20 03:40:10 INFO TaskSetManager: Starting task 1.0 in stage 1.0 (TID 14) (519d7d29de3d, executor driver, partition 1, PROCESS_LOCAL, 8244 bytes)
[2026-01-20T03:40:10.879+0000] {subprocess.py:93} INFO - 26/01/20 03:40:10 INFO TaskSetManager: Starting task 2.0 in stage 1.0 (TID 15) (519d7d29de3d, executor driver, partition 2, PROCESS_LOCAL, 8244 bytes)
[2026-01-20T03:40:10.880+0000] {subprocess.py:93} INFO - 26/01/20 03:40:10 INFO TaskSetManager: Starting task 3.0 in stage 1.0 (TID 16) (519d7d29de3d, executor driver, partition 3, PROCESS_LOCAL, 8244 bytes)
[2026-01-20T03:40:10.880+0000] {subprocess.py:93} INFO - 26/01/20 03:40:10 INFO TaskSetManager: Starting task 4.0 in stage 1.0 (TID 17) (519d7d29de3d, executor driver, partition 4, PROCESS_LOCAL, 8244 bytes)
[2026-01-20T03:40:10.881+0000] {subprocess.py:93} INFO - 26/01/20 03:40:10 INFO TaskSetManager: Starting task 5.0 in stage 1.0 (TID 18) (519d7d29de3d, executor driver, partition 5, PROCESS_LOCAL, 8244 bytes)
[2026-01-20T03:40:10.882+0000] {subprocess.py:93} INFO - 26/01/20 03:40:10 INFO TaskSetManager: Starting task 6.0 in stage 1.0 (TID 19) (519d7d29de3d, executor driver, partition 6, PROCESS_LOCAL, 8244 bytes)
[2026-01-20T03:40:10.882+0000] {subprocess.py:93} INFO - 26/01/20 03:40:10 INFO TaskSetManager: Starting task 7.0 in stage 1.0 (TID 20) (519d7d29de3d, executor driver, partition 7, PROCESS_LOCAL, 8244 bytes)
[2026-01-20T03:40:10.883+0000] {subprocess.py:93} INFO - 26/01/20 03:40:10 INFO Executor: Running task 1.0 in stage 1.0 (TID 14)
[2026-01-20T03:40:10.884+0000] {subprocess.py:93} INFO - 26/01/20 03:40:10 INFO Executor: Running task 0.0 in stage 1.0 (TID 13)
[2026-01-20T03:40:10.884+0000] {subprocess.py:93} INFO - 26/01/20 03:40:10 INFO Executor: Running task 2.0 in stage 1.0 (TID 15)
[2026-01-20T03:40:10.885+0000] {subprocess.py:93} INFO - 26/01/20 03:40:10 INFO Executor: Running task 4.0 in stage 1.0 (TID 17)
[2026-01-20T03:40:10.886+0000] {subprocess.py:93} INFO - 26/01/20 03:40:10 INFO Executor: Running task 3.0 in stage 1.0 (TID 16)
[2026-01-20T03:40:10.887+0000] {subprocess.py:93} INFO - 26/01/20 03:40:10 INFO Executor: Running task 5.0 in stage 1.0 (TID 18)
[2026-01-20T03:40:10.888+0000] {subprocess.py:93} INFO - 26/01/20 03:40:10 INFO Executor: Running task 6.0 in stage 1.0 (TID 19)
[2026-01-20T03:40:10.888+0000] {subprocess.py:93} INFO - 26/01/20 03:40:10 INFO Executor: Running task 7.0 in stage 1.0 (TID 20)
[2026-01-20T03:40:10.894+0000] {subprocess.py:93} INFO - 26/01/20 03:40:10 INFO FileScanRDD: Reading File path: file:///opt/spark-data/landing/user_events_1768879431.2231393.json, range: 4194304-8388608, partition values: [empty row]
[2026-01-20T03:40:10.895+0000] {subprocess.py:93} INFO - 26/01/20 03:40:10 INFO FileScanRDD: Reading File path: file:///opt/spark-data/landing/user_events_1768879431.2231393.json, range: 20971520-25165824, partition values: [empty row]
[2026-01-20T03:40:10.896+0000] {subprocess.py:93} INFO - 26/01/20 03:40:10 INFO FileScanRDD: Reading File path: file:///opt/spark-data/landing/user_events_1768879431.2231393.json, range: 8388608-12582912, partition values: [empty row]
[2026-01-20T03:40:10.897+0000] {subprocess.py:93} INFO - 26/01/20 03:40:10 INFO FileScanRDD: Reading File path: file:///opt/spark-data/landing/user_events_1768879431.2231393.json, range: 29360128-33532706, partition values: [empty row]
[2026-01-20T03:40:10.898+0000] {subprocess.py:93} INFO - 26/01/20 03:40:10 INFO FileScanRDD: Reading File path: file:///opt/spark-data/landing/user_events_1768879431.2231393.json, range: 0-4194304, partition values: [empty row]
[2026-01-20T03:40:10.899+0000] {subprocess.py:93} INFO - 26/01/20 03:40:10 INFO FileScanRDD: Reading File path: file:///opt/spark-data/landing/user_events_1768879431.2231393.json, range: 12582912-16777216, partition values: [empty row]
[2026-01-20T03:40:10.899+0000] {subprocess.py:93} INFO - 26/01/20 03:40:10 INFO FileScanRDD: Reading File path: file:///opt/spark-data/landing/user_events_1768879431.2231393.json, range: 16777216-20971520, partition values: [empty row]
[2026-01-20T03:40:10.900+0000] {subprocess.py:93} INFO - 26/01/20 03:40:10 INFO FileScanRDD: Reading File path: file:///opt/spark-data/landing/user_events_1768879431.2231393.json, range: 25165824-29360128, partition values: [empty row]
[2026-01-20T03:40:11.673+0000] {subprocess.py:93} INFO - 26/01/20 03:40:11 INFO Executor: Finished task 4.0 in stage 1.0 (TID 17). 2401 bytes result sent to driver
[2026-01-20T03:40:11.674+0000] {subprocess.py:93} INFO - 26/01/20 03:40:11 INFO TaskSetManager: Finished task 4.0 in stage 1.0 (TID 17) in 795 ms on 519d7d29de3d (executor driver) (1/8)
[2026-01-20T03:40:11.677+0000] {subprocess.py:93} INFO - 26/01/20 03:40:11 INFO Executor: Finished task 3.0 in stage 1.0 (TID 16). 2401 bytes result sent to driver
[2026-01-20T03:40:11.678+0000] {subprocess.py:93} INFO - 26/01/20 03:40:11 INFO Executor: Finished task 5.0 in stage 1.0 (TID 18). 2401 bytes result sent to driver
[2026-01-20T03:40:11.679+0000] {subprocess.py:93} INFO - 26/01/20 03:40:11 INFO TaskSetManager: Finished task 3.0 in stage 1.0 (TID 16) in 798 ms on 519d7d29de3d (executor driver) (2/8)
[2026-01-20T03:40:11.680+0000] {subprocess.py:93} INFO - 26/01/20 03:40:11 INFO TaskSetManager: Finished task 5.0 in stage 1.0 (TID 18) in 799 ms on 519d7d29de3d (executor driver) (3/8)
[2026-01-20T03:40:11.681+0000] {subprocess.py:93} INFO - 26/01/20 03:40:11 INFO Executor: Finished task 1.0 in stage 1.0 (TID 14). 2401 bytes result sent to driver
[2026-01-20T03:40:11.681+0000] {subprocess.py:93} INFO - 26/01/20 03:40:11 INFO Executor: Finished task 2.0 in stage 1.0 (TID 15). 2401 bytes result sent to driver
[2026-01-20T03:40:11.682+0000] {subprocess.py:93} INFO - 26/01/20 03:40:11 INFO Executor: Finished task 0.0 in stage 1.0 (TID 13). 2401 bytes result sent to driver
[2026-01-20T03:40:11.683+0000] {subprocess.py:93} INFO - 26/01/20 03:40:11 INFO TaskSetManager: Finished task 1.0 in stage 1.0 (TID 14) in 804 ms on 519d7d29de3d (executor driver) (4/8)
[2026-01-20T03:40:11.683+0000] {subprocess.py:93} INFO - 26/01/20 03:40:11 INFO TaskSetManager: Finished task 2.0 in stage 1.0 (TID 15) in 803 ms on 519d7d29de3d (executor driver) (5/8)
[2026-01-20T03:40:11.684+0000] {subprocess.py:93} INFO - 26/01/20 03:40:11 INFO TaskSetManager: Finished task 0.0 in stage 1.0 (TID 13) in 806 ms on 519d7d29de3d (executor driver) (6/8)
[2026-01-20T03:40:11.685+0000] {subprocess.py:93} INFO - 26/01/20 03:40:11 INFO Executor: Finished task 6.0 in stage 1.0 (TID 19). 2401 bytes result sent to driver
[2026-01-20T03:40:11.686+0000] {subprocess.py:93} INFO - 26/01/20 03:40:11 INFO TaskSetManager: Finished task 6.0 in stage 1.0 (TID 19) in 803 ms on 519d7d29de3d (executor driver) (7/8)
[2026-01-20T03:40:11.687+0000] {subprocess.py:93} INFO - 26/01/20 03:40:11 INFO Executor: Finished task 7.0 in stage 1.0 (TID 20). 2401 bytes result sent to driver
[2026-01-20T03:40:11.687+0000] {subprocess.py:93} INFO - 26/01/20 03:40:11 INFO TaskSetManager: Finished task 7.0 in stage 1.0 (TID 20) in 805 ms on 519d7d29de3d (executor driver) (8/8)
[2026-01-20T03:40:11.688+0000] {subprocess.py:93} INFO - 26/01/20 03:40:11 INFO TaskSchedulerImpl: Removed TaskSet 1.0, whose tasks have all completed, from pool
[2026-01-20T03:40:11.689+0000] {subprocess.py:93} INFO - 26/01/20 03:40:11 INFO DAGScheduler: ResultStage 1 (json at NativeMethodAccessorImpl.java:0) finished in 0.818 s
[2026-01-20T03:40:11.689+0000] {subprocess.py:93} INFO - 26/01/20 03:40:11 INFO DAGScheduler: Job 1 is finished. Cancelling potential speculative or zombie tasks for this job
[2026-01-20T03:40:11.690+0000] {subprocess.py:93} INFO - 26/01/20 03:40:11 INFO TaskSchedulerImpl: Killing all running tasks in stage 1: Stage finished
[2026-01-20T03:40:11.691+0000] {subprocess.py:93} INFO - 26/01/20 03:40:11 INFO DAGScheduler: Job 1 finished: json at NativeMethodAccessorImpl.java:0, took 0.824914 s
[2026-01-20T03:40:11.904+0000] {subprocess.py:93} INFO - Traceback (most recent call last):
[2026-01-20T03:40:11.905+0000] {subprocess.py:93} INFO -   File "/opt/spark-jobs/etl_job.py", line 164, in <module>
[2026-01-20T03:40:11.908+0000] {subprocess.py:93} INFO -     run_etl(spark,'/opt/spark-data/landing', '/opt/spark-data/gold')
[2026-01-20T03:40:11.908+0000] {subprocess.py:93} INFO -   File "/opt/spark-jobs/etl_job.py", line 150, in run_etl
[2026-01-20T03:40:11.911+0000] {subprocess.py:93} INFO -     advertising_gold_zone(spark,df_topic_transaction,df_topic_user,output_path)
[2026-01-20T03:40:11.912+0000] {subprocess.py:93} INFO -   File "/opt/spark-jobs/etl_job.py", line 52, in advertising_gold_zone
[2026-01-20T03:40:11.916+0000] {subprocess.py:93} INFO -     df_exploded_transaction = df_topic_transaction.withColumn("line_items", F.explode("line_item")) \
[2026-01-20T03:40:11.917+0000] {subprocess.py:93} INFO -   File "/opt/spark/python/lib/pyspark.zip/pyspark/sql/dataframe.py", line 5170, in withColumn
[2026-01-20T03:40:11.917+0000] {subprocess.py:93} INFO -   File "/opt/spark/python/lib/py4j-0.10.9.7-src.zip/py4j/java_gateway.py", line 1322, in __call__
[2026-01-20T03:40:11.918+0000] {subprocess.py:93} INFO -   File "/opt/spark/python/lib/pyspark.zip/pyspark/errors/exceptions/captured.py", line 185, in deco
[2026-01-20T03:40:11.927+0000] {subprocess.py:93} INFO - pyspark.errors.exceptions.captured.AnalysisException: [UNRESOLVED_COLUMN.WITH_SUGGESTION] A column or function parameter with name `line_item` cannot be resolved. Did you mean one of the following? [`line_items`, `user_id`, `timestamp`, `status`, `subtotal`].;
[2026-01-20T03:40:11.928+0000] {subprocess.py:93} INFO - 'Project [billing_address#8, currency#9, explode('line_item) AS line_items#74, original_transaction_id#11, payment_method#12, shipping_address#13, status#14, subtotal#15, tax#16, timestamp#17, total#18, transaction_id#19, transaction_type#20, user_id#21]
[2026-01-20T03:40:11.929+0000] {subprocess.py:93} INFO - +- Relation [billing_address#8,currency#9,line_items#10,original_transaction_id#11,payment_method#12,shipping_address#13,status#14,subtotal#15,tax#16,timestamp#17,total#18,transaction_id#19,transaction_type#20,user_id#21] json
[2026-01-20T03:40:11.930+0000] {subprocess.py:93} INFO - 
[2026-01-20T03:40:11.988+0000] {subprocess.py:93} INFO - 26/01/20 03:40:11 INFO SparkContext: Invoking stop() from shutdown hook
[2026-01-20T03:40:11.989+0000] {subprocess.py:93} INFO - 26/01/20 03:40:11 INFO SparkContext: SparkContext is stopping with exitCode 0.
[2026-01-20T03:40:12.005+0000] {subprocess.py:93} INFO - 26/01/20 03:40:12 INFO SparkUI: Stopped Spark web UI at http://519d7d29de3d:4040
[2026-01-20T03:40:12.023+0000] {subprocess.py:93} INFO - 26/01/20 03:40:12 INFO MapOutputTrackerMasterEndpoint: MapOutputTrackerMasterEndpoint stopped!
[2026-01-20T03:40:12.049+0000] {subprocess.py:93} INFO - 26/01/20 03:40:12 INFO MemoryStore: MemoryStore cleared
[2026-01-20T03:40:12.050+0000] {subprocess.py:93} INFO - 26/01/20 03:40:12 INFO BlockManager: BlockManager stopped
[2026-01-20T03:40:12.058+0000] {subprocess.py:93} INFO - 26/01/20 03:40:12 INFO BlockManagerMaster: BlockManagerMaster stopped
[2026-01-20T03:40:12.063+0000] {subprocess.py:93} INFO - 26/01/20 03:40:12 INFO OutputCommitCoordinator$OutputCommitCoordinatorEndpoint: OutputCommitCoordinator stopped!
[2026-01-20T03:40:12.082+0000] {subprocess.py:93} INFO - 26/01/20 03:40:12 INFO SparkContext: Successfully stopped SparkContext
[2026-01-20T03:40:12.083+0000] {subprocess.py:93} INFO - 26/01/20 03:40:12 INFO ShutdownHookManager: Shutdown hook called
[2026-01-20T03:40:12.084+0000] {subprocess.py:93} INFO - 26/01/20 03:40:12 INFO ShutdownHookManager: Deleting directory /tmp/spark-e9ca4922-3103-4325-8f42-132fb9ee350d/pyspark-97942b6a-cadd-4b53-9949-1f4a0d8eb4b8
[2026-01-20T03:40:12.091+0000] {subprocess.py:93} INFO - 26/01/20 03:40:12 INFO ShutdownHookManager: Deleting directory /tmp/spark-e9ca4922-3103-4325-8f42-132fb9ee350d
[2026-01-20T03:40:12.100+0000] {subprocess.py:93} INFO - 26/01/20 03:40:12 INFO ShutdownHookManager: Deleting directory /tmp/spark-a557bbfd-abbf-4f30-a10f-3e1f0cfe540f
[2026-01-20T03:40:12.156+0000] {subprocess.py:97} INFO - Command exited with return code 1
[2026-01-20T03:40:12.176+0000] {taskinstance.py:2698} ERROR - Task failed with exception
Traceback (most recent call last):
  File "/home/airflow/.local/lib/python3.10/site-packages/airflow/models/taskinstance.py", line 433, in _execute_task
    result = execute_callable(context=context, **execute_callable_kwargs)
  File "/home/airflow/.local/lib/python3.10/site-packages/airflow/operators/bash.py", line 212, in execute
    raise AirflowException(
airflow.exceptions.AirflowException: Bash command failed. The command returned a non-zero exit code 1.
[2026-01-20T03:40:12.183+0000] {taskinstance.py:1138} INFO - Marking task as FAILED. dag_id=streamflow_main, task_id=Spark_Submit, execution_date=20260120T033951, start_date=20260120T033956, end_date=20260120T034012
[2026-01-20T03:40:12.213+0000] {standard_task_runner.py:107} ERROR - Failed to execute job 4 for task Spark_Submit (Bash command failed. The command returned a non-zero exit code 1.; 987)
[2026-01-20T03:40:12.254+0000] {local_task_job_runner.py:234} INFO - Task exited with return code 1
[2026-01-20T03:40:12.290+0000] {taskinstance.py:3280} INFO - 0 downstream tasks scheduled from follow-on schedule check
