[2026-01-20T05:14:25.617+0000] {taskinstance.py:1956} INFO - Dependencies all met for dep_context=non-requeueable deps ti=<TaskInstance: streamflow_main.Spark_Submit manual__2026-01-20T05:14:23.417875+00:00 [queued]>
[2026-01-20T05:14:25.627+0000] {taskinstance.py:1956} INFO - Dependencies all met for dep_context=requeueable deps ti=<TaskInstance: streamflow_main.Spark_Submit manual__2026-01-20T05:14:23.417875+00:00 [queued]>
[2026-01-20T05:14:25.628+0000] {taskinstance.py:2170} INFO - Starting attempt 1 of 1
[2026-01-20T05:14:25.646+0000] {taskinstance.py:2191} INFO - Executing <Task(BashOperator): Spark_Submit> on 2026-01-20 05:14:23.417875+00:00
[2026-01-20T05:14:25.653+0000] {standard_task_runner.py:60} INFO - Started process 11830 to run task
[2026-01-20T05:14:25.657+0000] {standard_task_runner.py:87} INFO - Running: ['***', 'tasks', 'run', 'streamflow_main', 'Spark_Submit', 'manual__2026-01-20T05:14:23.417875+00:00', '--job-id', '25', '--raw', '--subdir', 'DAGS_FOLDER/dag_streamflow.py', '--cfg-path', '/tmp/tmpky86l9qx']
[2026-01-20T05:14:25.661+0000] {standard_task_runner.py:88} INFO - Job 25: Subtask Spark_Submit
[2026-01-20T05:14:25.718+0000] {task_command.py:423} INFO - Running <TaskInstance: streamflow_main.Spark_Submit manual__2026-01-20T05:14:23.417875+00:00 [running]> on host 519d7d29de3d
[2026-01-20T05:14:25.812+0000] {taskinstance.py:2480} INFO - Exporting env vars: AIRFLOW_CTX_DAG_OWNER='student' AIRFLOW_CTX_DAG_ID='streamflow_main' AIRFLOW_CTX_TASK_ID='Spark_Submit' AIRFLOW_CTX_EXECUTION_DATE='2026-01-20T05:14:23.417875+00:00' AIRFLOW_CTX_TRY_NUMBER='1' AIRFLOW_CTX_DAG_RUN_ID='manual__2026-01-20T05:14:23.417875+00:00'
[2026-01-20T05:14:25.814+0000] {subprocess.py:63} INFO - Tmp dir root location: /tmp
[2026-01-20T05:14:25.815+0000] {subprocess.py:75} INFO - Running command: ['/usr/bin/bash', '-c', '\n            spark-submit                 --master spark://spark-master:7077                 /opt/spark-jobs/etl_job.py\n        ']
[2026-01-20T05:14:25.824+0000] {subprocess.py:86} INFO - Output:
[2026-01-20T05:14:25.831+0000] {subprocess.py:93} INFO - /opt/spark/bin/load-spark-env.sh: line 68: ps: command not found
[2026-01-20T05:14:28.457+0000] {subprocess.py:93} INFO - 26/01/20 05:14:28 INFO SparkContext: Running Spark version 3.5.0
[2026-01-20T05:14:28.459+0000] {subprocess.py:93} INFO - 26/01/20 05:14:28 INFO SparkContext: OS info Linux, 5.15.167.4-microsoft-standard-WSL2, amd64
[2026-01-20T05:14:28.460+0000] {subprocess.py:93} INFO - 26/01/20 05:14:28 INFO SparkContext: Java version 17.0.17
[2026-01-20T05:14:28.508+0000] {subprocess.py:93} INFO - 26/01/20 05:14:28 WARN NativeCodeLoader: Unable to load native-hadoop library for your platform... using builtin-java classes where applicable
[2026-01-20T05:14:28.606+0000] {subprocess.py:93} INFO - 26/01/20 05:14:28 INFO ResourceUtils: ==============================================================
[2026-01-20T05:14:28.607+0000] {subprocess.py:93} INFO - 26/01/20 05:14:28 INFO ResourceUtils: No custom resources configured for spark.driver.
[2026-01-20T05:14:28.608+0000] {subprocess.py:93} INFO - 26/01/20 05:14:28 INFO ResourceUtils: ==============================================================
[2026-01-20T05:14:28.609+0000] {subprocess.py:93} INFO - 26/01/20 05:14:28 INFO SparkContext: Submitted application: ETL_job
[2026-01-20T05:14:28.630+0000] {subprocess.py:93} INFO - 26/01/20 05:14:28 INFO ResourceProfile: Default ResourceProfile created, executor resources: Map(cores -> name: cores, amount: 1, script: , vendor: , memory -> name: memory, amount: 1024, script: , vendor: , offHeap -> name: offHeap, amount: 0, script: , vendor: ), task resources: Map(cpus -> name: cpus, amount: 1.0)
[2026-01-20T05:14:28.639+0000] {subprocess.py:93} INFO - 26/01/20 05:14:28 INFO ResourceProfile: Limiting resource is cpu
[2026-01-20T05:14:28.640+0000] {subprocess.py:93} INFO - 26/01/20 05:14:28 INFO ResourceProfileManager: Added ResourceProfile id: 0
[2026-01-20T05:14:28.692+0000] {subprocess.py:93} INFO - 26/01/20 05:14:28 INFO SecurityManager: Changing view acls to: root
[2026-01-20T05:14:28.693+0000] {subprocess.py:93} INFO - 26/01/20 05:14:28 INFO SecurityManager: Changing modify acls to: root
[2026-01-20T05:14:28.694+0000] {subprocess.py:93} INFO - 26/01/20 05:14:28 INFO SecurityManager: Changing view acls groups to:
[2026-01-20T05:14:28.695+0000] {subprocess.py:93} INFO - 26/01/20 05:14:28 INFO SecurityManager: Changing modify acls groups to:
[2026-01-20T05:14:28.695+0000] {subprocess.py:93} INFO - 26/01/20 05:14:28 INFO SecurityManager: SecurityManager: authentication disabled; ui acls disabled; users with view permissions: root; groups with view permissions: EMPTY; users with modify permissions: root; groups with modify permissions: EMPTY
[2026-01-20T05:14:28.934+0000] {subprocess.py:93} INFO - 26/01/20 05:14:28 INFO Utils: Successfully started service 'sparkDriver' on port 40069.
[2026-01-20T05:14:28.968+0000] {subprocess.py:93} INFO - 26/01/20 05:14:28 INFO SparkEnv: Registering MapOutputTracker
[2026-01-20T05:14:29.009+0000] {subprocess.py:93} INFO - 26/01/20 05:14:29 INFO SparkEnv: Registering BlockManagerMaster
[2026-01-20T05:14:29.027+0000] {subprocess.py:93} INFO - 26/01/20 05:14:29 INFO BlockManagerMasterEndpoint: Using org.apache.spark.storage.DefaultTopologyMapper for getting topology information
[2026-01-20T05:14:29.028+0000] {subprocess.py:93} INFO - 26/01/20 05:14:29 INFO BlockManagerMasterEndpoint: BlockManagerMasterEndpoint up
[2026-01-20T05:14:29.033+0000] {subprocess.py:93} INFO - 26/01/20 05:14:29 INFO SparkEnv: Registering BlockManagerMasterHeartbeat
[2026-01-20T05:14:29.055+0000] {subprocess.py:93} INFO - 26/01/20 05:14:29 INFO DiskBlockManager: Created local directory at /tmp/blockmgr-02fe85ca-ef64-4ab9-bfdb-a1c9a6603271
[2026-01-20T05:14:29.071+0000] {subprocess.py:93} INFO - 26/01/20 05:14:29 INFO MemoryStore: MemoryStore started with capacity 434.4 MiB
[2026-01-20T05:14:29.088+0000] {subprocess.py:93} INFO - 26/01/20 05:14:29 INFO SparkEnv: Registering OutputCommitCoordinator
[2026-01-20T05:14:29.223+0000] {subprocess.py:93} INFO - 26/01/20 05:14:29 INFO JettyUtils: Start Jetty 0.0.0.0:4040 for SparkUI
[2026-01-20T05:14:29.300+0000] {subprocess.py:93} INFO - 26/01/20 05:14:29 INFO Utils: Successfully started service 'SparkUI' on port 4040.
[2026-01-20T05:14:29.401+0000] {subprocess.py:93} INFO - 26/01/20 05:14:29 INFO Executor: Starting executor ID driver on host 519d7d29de3d
[2026-01-20T05:14:29.402+0000] {subprocess.py:93} INFO - 26/01/20 05:14:29 INFO Executor: OS info Linux, 5.15.167.4-microsoft-standard-WSL2, amd64
[2026-01-20T05:14:29.402+0000] {subprocess.py:93} INFO - 26/01/20 05:14:29 INFO Executor: Java version 17.0.17
[2026-01-20T05:14:29.408+0000] {subprocess.py:93} INFO - 26/01/20 05:14:29 INFO Executor: Starting executor with user classpath (userClassPathFirst = false): ''
[2026-01-20T05:14:29.409+0000] {subprocess.py:93} INFO - 26/01/20 05:14:29 INFO Executor: Created or updated repl class loader org.apache.spark.util.MutableURLClassLoader@552ebc35 for default.
[2026-01-20T05:14:29.428+0000] {subprocess.py:93} INFO - 26/01/20 05:14:29 INFO Utils: Successfully started service 'org.apache.spark.network.netty.NettyBlockTransferService' on port 40903.
[2026-01-20T05:14:29.428+0000] {subprocess.py:93} INFO - 26/01/20 05:14:29 INFO NettyBlockTransferService: Server created on 519d7d29de3d:40903
[2026-01-20T05:14:29.430+0000] {subprocess.py:93} INFO - 26/01/20 05:14:29 INFO BlockManager: Using org.apache.spark.storage.RandomBlockReplicationPolicy for block replication policy
[2026-01-20T05:14:29.435+0000] {subprocess.py:93} INFO - 26/01/20 05:14:29 INFO BlockManagerMaster: Registering BlockManager BlockManagerId(driver, 519d7d29de3d, 40903, None)
[2026-01-20T05:14:29.438+0000] {subprocess.py:93} INFO - 26/01/20 05:14:29 INFO BlockManagerMasterEndpoint: Registering block manager 519d7d29de3d:40903 with 434.4 MiB RAM, BlockManagerId(driver, 519d7d29de3d, 40903, None)
[2026-01-20T05:14:29.440+0000] {subprocess.py:93} INFO - 26/01/20 05:14:29 INFO BlockManagerMaster: Registered BlockManager BlockManagerId(driver, 519d7d29de3d, 40903, None)
[2026-01-20T05:14:29.441+0000] {subprocess.py:93} INFO - 26/01/20 05:14:29 INFO BlockManager: Initialized BlockManager: BlockManagerId(driver, 519d7d29de3d, 40903, None)
[2026-01-20T05:14:29.863+0000] {subprocess.py:93} INFO - 26/01/20 05:14:29 INFO SharedState: Setting hive.metastore.warehouse.dir ('null') to the value of spark.sql.warehouse.dir.
[2026-01-20T05:14:29.870+0000] {subprocess.py:93} INFO - 26/01/20 05:14:29 INFO SharedState: Warehouse path is 'file:/tmp/***tmp7juubjqe/spark-warehouse'.
[2026-01-20T05:14:30.680+0000] {subprocess.py:93} INFO - 26/01/20 05:14:30 INFO InMemoryFileIndex: It took 44 ms to list leaf files for 1 paths.
[2026-01-20T05:14:30.772+0000] {subprocess.py:93} INFO - 26/01/20 05:14:30 INFO InMemoryFileIndex: It took 19 ms to list leaf files for 1 paths.
[2026-01-20T05:14:32.469+0000] {subprocess.py:93} INFO - 26/01/20 05:14:32 INFO FileSourceStrategy: Pushed Filters:
[2026-01-20T05:14:32.478+0000] {subprocess.py:93} INFO - 26/01/20 05:14:32 INFO FileSourceStrategy: Post-Scan Filters:
[2026-01-20T05:14:32.680+0000] {subprocess.py:93} INFO - 26/01/20 05:14:32 INFO MemoryStore: Block broadcast_0 stored as values in memory (estimated size 199.2 KiB, free 434.2 MiB)
[2026-01-20T05:14:32.727+0000] {subprocess.py:93} INFO - 26/01/20 05:14:32 INFO MemoryStore: Block broadcast_0_piece0 stored as bytes in memory (estimated size 34.2 KiB, free 434.2 MiB)
[2026-01-20T05:14:32.730+0000] {subprocess.py:93} INFO - 26/01/20 05:14:32 INFO BlockManagerInfo: Added broadcast_0_piece0 in memory on 519d7d29de3d:40903 (size: 34.2 KiB, free: 434.4 MiB)
[2026-01-20T05:14:32.734+0000] {subprocess.py:93} INFO - 26/01/20 05:14:32 INFO SparkContext: Created broadcast 0 from json at NativeMethodAccessorImpl.java:0
[2026-01-20T05:14:32.744+0000] {subprocess.py:93} INFO - 26/01/20 05:14:32 INFO FileSourceScanExec: Planning scan with bin packing, max size: 4194304 bytes, open cost is considered as scanning 4194304 bytes.
[2026-01-20T05:14:32.889+0000] {subprocess.py:93} INFO - 26/01/20 05:14:32 INFO SparkContext: Starting job: json at NativeMethodAccessorImpl.java:0
[2026-01-20T05:14:32.904+0000] {subprocess.py:93} INFO - 26/01/20 05:14:32 INFO DAGScheduler: Got job 0 (json at NativeMethodAccessorImpl.java:0) with 13 output partitions
[2026-01-20T05:14:32.906+0000] {subprocess.py:93} INFO - 26/01/20 05:14:32 INFO DAGScheduler: Final stage: ResultStage 0 (json at NativeMethodAccessorImpl.java:0)
[2026-01-20T05:14:32.907+0000] {subprocess.py:93} INFO - 26/01/20 05:14:32 INFO DAGScheduler: Parents of final stage: List()
[2026-01-20T05:14:32.907+0000] {subprocess.py:93} INFO - 26/01/20 05:14:32 INFO DAGScheduler: Missing parents: List()
[2026-01-20T05:14:32.912+0000] {subprocess.py:93} INFO - 26/01/20 05:14:32 INFO DAGScheduler: Submitting ResultStage 0 (MapPartitionsRDD[3] at json at NativeMethodAccessorImpl.java:0), which has no missing parents
[2026-01-20T05:14:33.003+0000] {subprocess.py:93} INFO - 26/01/20 05:14:33 INFO MemoryStore: Block broadcast_1 stored as values in memory (estimated size 16.0 KiB, free 434.2 MiB)
[2026-01-20T05:14:33.007+0000] {subprocess.py:93} INFO - 26/01/20 05:14:33 INFO MemoryStore: Block broadcast_1_piece0 stored as bytes in memory (estimated size 7.5 KiB, free 434.1 MiB)
[2026-01-20T05:14:33.008+0000] {subprocess.py:93} INFO - 26/01/20 05:14:33 INFO BlockManagerInfo: Added broadcast_1_piece0 in memory on 519d7d29de3d:40903 (size: 7.5 KiB, free: 434.4 MiB)
[2026-01-20T05:14:33.009+0000] {subprocess.py:93} INFO - 26/01/20 05:14:33 INFO SparkContext: Created broadcast 1 from broadcast at DAGScheduler.scala:1580
[2026-01-20T05:14:33.027+0000] {subprocess.py:93} INFO - 26/01/20 05:14:33 INFO DAGScheduler: Submitting 13 missing tasks from ResultStage 0 (MapPartitionsRDD[3] at json at NativeMethodAccessorImpl.java:0) (first 15 tasks are for partitions Vector(0, 1, 2, 3, 4, 5, 6, 7, 8, 9, 10, 11, 12))
[2026-01-20T05:14:33.028+0000] {subprocess.py:93} INFO - 26/01/20 05:14:33 INFO TaskSchedulerImpl: Adding task set 0.0 with 13 tasks resource profile 0
[2026-01-20T05:14:33.083+0000] {subprocess.py:93} INFO - 26/01/20 05:14:33 INFO TaskSetManager: Starting task 0.0 in stage 0.0 (TID 0) (519d7d29de3d, executor driver, partition 0, PROCESS_LOCAL, 8251 bytes)
[2026-01-20T05:14:33.087+0000] {subprocess.py:93} INFO - 26/01/20 05:14:33 INFO TaskSetManager: Starting task 1.0 in stage 0.0 (TID 1) (519d7d29de3d, executor driver, partition 1, PROCESS_LOCAL, 8251 bytes)
[2026-01-20T05:14:33.089+0000] {subprocess.py:93} INFO - 26/01/20 05:14:33 INFO TaskSetManager: Starting task 2.0 in stage 0.0 (TID 2) (519d7d29de3d, executor driver, partition 2, PROCESS_LOCAL, 8251 bytes)
[2026-01-20T05:14:33.089+0000] {subprocess.py:93} INFO - 26/01/20 05:14:33 INFO TaskSetManager: Starting task 3.0 in stage 0.0 (TID 3) (519d7d29de3d, executor driver, partition 3, PROCESS_LOCAL, 8251 bytes)
[2026-01-20T05:14:33.090+0000] {subprocess.py:93} INFO - 26/01/20 05:14:33 INFO TaskSetManager: Starting task 4.0 in stage 0.0 (TID 4) (519d7d29de3d, executor driver, partition 4, PROCESS_LOCAL, 8251 bytes)
[2026-01-20T05:14:33.093+0000] {subprocess.py:93} INFO - 26/01/20 05:14:33 INFO TaskSetManager: Starting task 5.0 in stage 0.0 (TID 5) (519d7d29de3d, executor driver, partition 5, PROCESS_LOCAL, 8251 bytes)
[2026-01-20T05:14:33.094+0000] {subprocess.py:93} INFO - 26/01/20 05:14:33 INFO TaskSetManager: Starting task 6.0 in stage 0.0 (TID 6) (519d7d29de3d, executor driver, partition 6, PROCESS_LOCAL, 8251 bytes)
[2026-01-20T05:14:33.095+0000] {subprocess.py:93} INFO - 26/01/20 05:14:33 INFO TaskSetManager: Starting task 7.0 in stage 0.0 (TID 7) (519d7d29de3d, executor driver, partition 7, PROCESS_LOCAL, 8251 bytes)
[2026-01-20T05:14:33.096+0000] {subprocess.py:93} INFO - 26/01/20 05:14:33 INFO TaskSetManager: Starting task 8.0 in stage 0.0 (TID 8) (519d7d29de3d, executor driver, partition 8, PROCESS_LOCAL, 8251 bytes)
[2026-01-20T05:14:33.096+0000] {subprocess.py:93} INFO - 26/01/20 05:14:33 INFO TaskSetManager: Starting task 9.0 in stage 0.0 (TID 9) (519d7d29de3d, executor driver, partition 9, PROCESS_LOCAL, 8251 bytes)
[2026-01-20T05:14:33.097+0000] {subprocess.py:93} INFO - 26/01/20 05:14:33 INFO TaskSetManager: Starting task 10.0 in stage 0.0 (TID 10) (519d7d29de3d, executor driver, partition 10, PROCESS_LOCAL, 8251 bytes)
[2026-01-20T05:14:33.099+0000] {subprocess.py:93} INFO - 26/01/20 05:14:33 INFO TaskSetManager: Starting task 11.0 in stage 0.0 (TID 11) (519d7d29de3d, executor driver, partition 11, PROCESS_LOCAL, 8251 bytes)
[2026-01-20T05:14:33.100+0000] {subprocess.py:93} INFO - 26/01/20 05:14:33 INFO TaskSetManager: Starting task 12.0 in stage 0.0 (TID 12) (519d7d29de3d, executor driver, partition 12, PROCESS_LOCAL, 8251 bytes)
[2026-01-20T05:14:33.111+0000] {subprocess.py:93} INFO - 26/01/20 05:14:33 INFO Executor: Running task 0.0 in stage 0.0 (TID 0)
[2026-01-20T05:14:33.112+0000] {subprocess.py:93} INFO - 26/01/20 05:14:33 INFO Executor: Running task 4.0 in stage 0.0 (TID 4)
[2026-01-20T05:14:33.113+0000] {subprocess.py:93} INFO - 26/01/20 05:14:33 INFO Executor: Running task 1.0 in stage 0.0 (TID 1)
[2026-01-20T05:14:33.114+0000] {subprocess.py:93} INFO - 26/01/20 05:14:33 INFO Executor: Running task 3.0 in stage 0.0 (TID 3)
[2026-01-20T05:14:33.114+0000] {subprocess.py:93} INFO - 26/01/20 05:14:33 INFO Executor: Running task 2.0 in stage 0.0 (TID 2)
[2026-01-20T05:14:33.115+0000] {subprocess.py:93} INFO - 26/01/20 05:14:33 INFO Executor: Running task 5.0 in stage 0.0 (TID 5)
[2026-01-20T05:14:33.116+0000] {subprocess.py:93} INFO - 26/01/20 05:14:33 INFO Executor: Running task 6.0 in stage 0.0 (TID 6)
[2026-01-20T05:14:33.117+0000] {subprocess.py:93} INFO - 26/01/20 05:14:33 INFO Executor: Running task 7.0 in stage 0.0 (TID 7)
[2026-01-20T05:14:33.118+0000] {subprocess.py:93} INFO - 26/01/20 05:14:33 INFO Executor: Running task 8.0 in stage 0.0 (TID 8)
[2026-01-20T05:14:33.119+0000] {subprocess.py:93} INFO - 26/01/20 05:14:33 INFO Executor: Running task 9.0 in stage 0.0 (TID 9)
[2026-01-20T05:14:33.120+0000] {subprocess.py:93} INFO - 26/01/20 05:14:33 INFO Executor: Running task 10.0 in stage 0.0 (TID 10)
[2026-01-20T05:14:33.121+0000] {subprocess.py:93} INFO - 26/01/20 05:14:33 INFO Executor: Running task 11.0 in stage 0.0 (TID 11)
[2026-01-20T05:14:33.122+0000] {subprocess.py:93} INFO - 26/01/20 05:14:33 INFO Executor: Running task 12.0 in stage 0.0 (TID 12)
[2026-01-20T05:14:33.407+0000] {subprocess.py:93} INFO - 26/01/20 05:14:33 INFO FileScanRDD: Reading File path: file:///opt/spark-data/landing/transaction_events_1768879479.1820476.json, range: 16777216-20971520, partition values: [empty row]
[2026-01-20T05:14:33.408+0000] {subprocess.py:93} INFO - 26/01/20 05:14:33 INFO FileScanRDD: Reading File path: file:///opt/spark-data/landing/transaction_events_1768879479.1820476.json, range: 25165824-29360128, partition values: [empty row]
[2026-01-20T05:14:33.409+0000] {subprocess.py:93} INFO - 26/01/20 05:14:33 INFO FileScanRDD: Reading File path: file:///opt/spark-data/landing/transaction_events_1768879479.1820476.json, range: 37748736-41943040, partition values: [empty row]
[2026-01-20T05:14:33.410+0000] {subprocess.py:93} INFO - 26/01/20 05:14:33 INFO FileScanRDD: Reading File path: file:///opt/spark-data/landing/transaction_events_1768879479.1820476.json, range: 46137344-50331648, partition values: [empty row]
[2026-01-20T05:14:33.411+0000] {subprocess.py:93} INFO - 26/01/20 05:14:33 INFO FileScanRDD: Reading File path: file:///opt/spark-data/landing/transaction_events_1768879479.1820476.json, range: 41943040-46137344, partition values: [empty row]
[2026-01-20T05:14:33.412+0000] {subprocess.py:93} INFO - 26/01/20 05:14:33 INFO FileScanRDD: Reading File path: file:///opt/spark-data/landing/transaction_events_1768879479.1820476.json, range: 20971520-25165824, partition values: [empty row]
[2026-01-20T05:14:33.413+0000] {subprocess.py:93} INFO - 26/01/20 05:14:33 INFO FileScanRDD: Reading File path: file:///opt/spark-data/landing/transaction_events_1768879479.1820476.json, range: 29360128-33554432, partition values: [empty row]
[2026-01-20T05:14:33.414+0000] {subprocess.py:93} INFO - 26/01/20 05:14:33 INFO FileScanRDD: Reading File path: file:///opt/spark-data/landing/transaction_events_1768879479.1820476.json, range: 8388608-12582912, partition values: [empty row]
[2026-01-20T05:14:33.414+0000] {subprocess.py:93} INFO - 26/01/20 05:14:33 INFO FileScanRDD: Reading File path: file:///opt/spark-data/landing/transaction_events_1768879479.1820476.json, range: 33554432-37748736, partition values: [empty row]
[2026-01-20T05:14:33.415+0000] {subprocess.py:93} INFO - 26/01/20 05:14:33 INFO FileScanRDD: Reading File path: file:///opt/spark-data/landing/transaction_events_1768879479.1820476.json, range: 4194304-8388608, partition values: [empty row]
[2026-01-20T05:14:33.416+0000] {subprocess.py:93} INFO - 26/01/20 05:14:33 INFO FileScanRDD: Reading File path: file:///opt/spark-data/landing/transaction_events_1768879479.1820476.json, range: 0-4194304, partition values: [empty row]
[2026-01-20T05:14:33.417+0000] {subprocess.py:93} INFO - 26/01/20 05:14:33 INFO FileScanRDD: Reading File path: file:///opt/spark-data/landing/transaction_events_1768879479.1820476.json, range: 12582912-16777216, partition values: [empty row]
[2026-01-20T05:14:33.418+0000] {subprocess.py:93} INFO - 26/01/20 05:14:33 INFO FileScanRDD: Reading File path: file:///opt/spark-data/landing/transaction_events_1768879479.1820476.json, range: 50331648-51561162, partition values: [empty row]
[2026-01-20T05:14:33.659+0000] {subprocess.py:93} INFO - 26/01/20 05:14:33 INFO CodeGenerator: Code generated in 190.336173 ms
[2026-01-20T05:14:34.400+0000] {subprocess.py:93} INFO - 26/01/20 05:14:34 INFO Executor: Finished task 12.0 in stage 0.0 (TID 12). 3067 bytes result sent to driver
[2026-01-20T05:14:34.423+0000] {subprocess.py:93} INFO - 26/01/20 05:14:34 INFO TaskSetManager: Finished task 12.0 in stage 0.0 (TID 12) in 1324 ms on 519d7d29de3d (executor driver) (1/13)
[2026-01-20T05:14:34.664+0000] {subprocess.py:93} INFO - 26/01/20 05:14:34 INFO Executor: Finished task 5.0 in stage 0.0 (TID 5). 3024 bytes result sent to driver
[2026-01-20T05:14:34.668+0000] {subprocess.py:93} INFO - 26/01/20 05:14:34 INFO TaskSetManager: Finished task 5.0 in stage 0.0 (TID 5) in 1578 ms on 519d7d29de3d (executor driver) (2/13)
[2026-01-20T05:14:34.671+0000] {subprocess.py:93} INFO - 26/01/20 05:14:34 INFO Executor: Finished task 8.0 in stage 0.0 (TID 8). 3024 bytes result sent to driver
[2026-01-20T05:14:34.673+0000] {subprocess.py:93} INFO - 26/01/20 05:14:34 INFO Executor: Finished task 4.0 in stage 0.0 (TID 4). 3024 bytes result sent to driver
[2026-01-20T05:14:34.676+0000] {subprocess.py:93} INFO - 26/01/20 05:14:34 INFO TaskSetManager: Finished task 8.0 in stage 0.0 (TID 8) in 1579 ms on 519d7d29de3d (executor driver) (3/13)
[2026-01-20T05:14:34.678+0000] {subprocess.py:93} INFO - 26/01/20 05:14:34 INFO Executor: Finished task 1.0 in stage 0.0 (TID 1). 3024 bytes result sent to driver
[2026-01-20T05:14:34.679+0000] {subprocess.py:93} INFO - 26/01/20 05:14:34 INFO TaskSetManager: Finished task 4.0 in stage 0.0 (TID 4) in 1586 ms on 519d7d29de3d (executor driver) (4/13)
[2026-01-20T05:14:34.681+0000] {subprocess.py:93} INFO - 26/01/20 05:14:34 INFO TaskSetManager: Finished task 1.0 in stage 0.0 (TID 1) in 1592 ms on 519d7d29de3d (executor driver) (5/13)
[2026-01-20T05:14:34.682+0000] {subprocess.py:93} INFO - 26/01/20 05:14:34 INFO Executor: Finished task 10.0 in stage 0.0 (TID 10). 3067 bytes result sent to driver
[2026-01-20T05:14:34.687+0000] {subprocess.py:93} INFO - 26/01/20 05:14:34 INFO TaskSetManager: Finished task 10.0 in stage 0.0 (TID 10) in 1591 ms on 519d7d29de3d (executor driver) (6/13)
[2026-01-20T05:14:34.691+0000] {subprocess.py:93} INFO - 26/01/20 05:14:34 INFO Executor: Finished task 6.0 in stage 0.0 (TID 6). 3024 bytes result sent to driver
[2026-01-20T05:14:34.692+0000] {subprocess.py:93} INFO - 26/01/20 05:14:34 INFO Executor: Finished task 0.0 in stage 0.0 (TID 0). 3024 bytes result sent to driver
[2026-01-20T05:14:34.693+0000] {subprocess.py:93} INFO - 26/01/20 05:14:34 INFO Executor: Finished task 2.0 in stage 0.0 (TID 2). 3067 bytes result sent to driver
[2026-01-20T05:14:34.697+0000] {subprocess.py:93} INFO - 26/01/20 05:14:34 INFO Executor: Finished task 11.0 in stage 0.0 (TID 11). 3024 bytes result sent to driver
[2026-01-20T05:14:34.698+0000] {subprocess.py:93} INFO - 26/01/20 05:14:34 INFO TaskSetManager: Finished task 6.0 in stage 0.0 (TID 6) in 1601 ms on 519d7d29de3d (executor driver) (7/13)
[2026-01-20T05:14:34.699+0000] {subprocess.py:93} INFO - 26/01/20 05:14:34 INFO TaskSetManager: Finished task 2.0 in stage 0.0 (TID 2) in 1605 ms on 519d7d29de3d (executor driver) (8/13)
[2026-01-20T05:14:34.699+0000] {subprocess.py:93} INFO - 26/01/20 05:14:34 INFO Executor: Finished task 9.0 in stage 0.0 (TID 9). 3024 bytes result sent to driver
[2026-01-20T05:14:34.700+0000] {subprocess.py:93} INFO - 26/01/20 05:14:34 INFO Executor: Finished task 7.0 in stage 0.0 (TID 7). 3024 bytes result sent to driver
[2026-01-20T05:14:34.701+0000] {subprocess.py:93} INFO - 26/01/20 05:14:34 INFO TaskSetManager: Finished task 0.0 in stage 0.0 (TID 0) in 1628 ms on 519d7d29de3d (executor driver) (9/13)
[2026-01-20T05:14:34.702+0000] {subprocess.py:93} INFO - 26/01/20 05:14:34 INFO TaskSetManager: Finished task 9.0 in stage 0.0 (TID 9) in 1600 ms on 519d7d29de3d (executor driver) (10/13)
[2026-01-20T05:14:34.703+0000] {subprocess.py:93} INFO - 26/01/20 05:14:34 INFO TaskSetManager: Finished task 11.0 in stage 0.0 (TID 11) in 1600 ms on 519d7d29de3d (executor driver) (11/13)
[2026-01-20T05:14:34.704+0000] {subprocess.py:93} INFO - 26/01/20 05:14:34 INFO Executor: Finished task 3.0 in stage 0.0 (TID 3). 3024 bytes result sent to driver
[2026-01-20T05:14:34.705+0000] {subprocess.py:93} INFO - 26/01/20 05:14:34 INFO TaskSetManager: Finished task 7.0 in stage 0.0 (TID 7) in 1604 ms on 519d7d29de3d (executor driver) (12/13)
[2026-01-20T05:14:34.706+0000] {subprocess.py:93} INFO - 26/01/20 05:14:34 INFO TaskSetManager: Finished task 3.0 in stage 0.0 (TID 3) in 1611 ms on 519d7d29de3d (executor driver) (13/13)
[2026-01-20T05:14:34.707+0000] {subprocess.py:93} INFO - 26/01/20 05:14:34 INFO TaskSchedulerImpl: Removed TaskSet 0.0, whose tasks have all completed, from pool
[2026-01-20T05:14:34.708+0000] {subprocess.py:93} INFO - 26/01/20 05:14:34 INFO DAGScheduler: ResultStage 0 (json at NativeMethodAccessorImpl.java:0) finished in 1.773 s
[2026-01-20T05:14:34.709+0000] {subprocess.py:93} INFO - 26/01/20 05:14:34 INFO DAGScheduler: Job 0 is finished. Cancelling potential speculative or zombie tasks for this job
[2026-01-20T05:14:34.710+0000] {subprocess.py:93} INFO - 26/01/20 05:14:34 INFO TaskSchedulerImpl: Killing all running tasks in stage 0: Stage finished
[2026-01-20T05:14:34.712+0000] {subprocess.py:93} INFO - 26/01/20 05:14:34 INFO DAGScheduler: Job 0 finished: json at NativeMethodAccessorImpl.java:0, took 1.821752 s
[2026-01-20T05:14:34.882+0000] {subprocess.py:93} INFO - 26/01/20 05:14:34 INFO InMemoryFileIndex: It took 8 ms to list leaf files for 1 paths.
[2026-01-20T05:14:34.904+0000] {subprocess.py:93} INFO - 26/01/20 05:14:34 INFO InMemoryFileIndex: It took 9 ms to list leaf files for 1 paths.
[2026-01-20T05:14:34.955+0000] {subprocess.py:93} INFO - 26/01/20 05:14:34 INFO FileSourceStrategy: Pushed Filters:
[2026-01-20T05:14:34.956+0000] {subprocess.py:93} INFO - 26/01/20 05:14:34 INFO FileSourceStrategy: Post-Scan Filters:
[2026-01-20T05:14:34.963+0000] {subprocess.py:93} INFO - 26/01/20 05:14:34 INFO MemoryStore: Block broadcast_2 stored as values in memory (estimated size 199.2 KiB, free 434.0 MiB)
[2026-01-20T05:14:34.979+0000] {subprocess.py:93} INFO - 26/01/20 05:14:34 INFO MemoryStore: Block broadcast_2_piece0 stored as bytes in memory (estimated size 34.2 KiB, free 433.9 MiB)
[2026-01-20T05:14:34.982+0000] {subprocess.py:93} INFO - 26/01/20 05:14:34 INFO BlockManagerInfo: Added broadcast_2_piece0 in memory on 519d7d29de3d:40903 (size: 34.2 KiB, free: 434.3 MiB)
[2026-01-20T05:14:34.984+0000] {subprocess.py:93} INFO - 26/01/20 05:14:34 INFO SparkContext: Created broadcast 2 from json at NativeMethodAccessorImpl.java:0
[2026-01-20T05:14:34.985+0000] {subprocess.py:93} INFO - 26/01/20 05:14:34 INFO FileSourceScanExec: Planning scan with bin packing, max size: 4194304 bytes, open cost is considered as scanning 4194304 bytes.
[2026-01-20T05:14:34.998+0000] {subprocess.py:93} INFO - 26/01/20 05:14:34 INFO SparkContext: Starting job: json at NativeMethodAccessorImpl.java:0
[2026-01-20T05:14:34.999+0000] {subprocess.py:93} INFO - 26/01/20 05:14:34 INFO DAGScheduler: Got job 1 (json at NativeMethodAccessorImpl.java:0) with 8 output partitions
[2026-01-20T05:14:35.000+0000] {subprocess.py:93} INFO - 26/01/20 05:14:34 INFO DAGScheduler: Final stage: ResultStage 1 (json at NativeMethodAccessorImpl.java:0)
[2026-01-20T05:14:35.001+0000] {subprocess.py:93} INFO - 26/01/20 05:14:34 INFO DAGScheduler: Parents of final stage: List()
[2026-01-20T05:14:35.002+0000] {subprocess.py:93} INFO - 26/01/20 05:14:34 INFO DAGScheduler: Missing parents: List()
[2026-01-20T05:14:35.002+0000] {subprocess.py:93} INFO - 26/01/20 05:14:35 INFO DAGScheduler: Submitting ResultStage 1 (MapPartitionsRDD[7] at json at NativeMethodAccessorImpl.java:0), which has no missing parents
[2026-01-20T05:14:35.004+0000] {subprocess.py:93} INFO - 26/01/20 05:14:35 INFO MemoryStore: Block broadcast_3 stored as values in memory (estimated size 16.0 KiB, free 433.9 MiB)
[2026-01-20T05:14:35.005+0000] {subprocess.py:93} INFO - 26/01/20 05:14:35 INFO MemoryStore: Block broadcast_3_piece0 stored as bytes in memory (estimated size 7.5 KiB, free 433.9 MiB)
[2026-01-20T05:14:35.007+0000] {subprocess.py:93} INFO - 26/01/20 05:14:35 INFO BlockManagerInfo: Added broadcast_3_piece0 in memory on 519d7d29de3d:40903 (size: 7.5 KiB, free: 434.3 MiB)
[2026-01-20T05:14:35.008+0000] {subprocess.py:93} INFO - 26/01/20 05:14:35 INFO SparkContext: Created broadcast 3 from broadcast at DAGScheduler.scala:1580
[2026-01-20T05:14:35.009+0000] {subprocess.py:93} INFO - 26/01/20 05:14:35 INFO DAGScheduler: Submitting 8 missing tasks from ResultStage 1 (MapPartitionsRDD[7] at json at NativeMethodAccessorImpl.java:0) (first 15 tasks are for partitions Vector(0, 1, 2, 3, 4, 5, 6, 7))
[2026-01-20T05:14:35.010+0000] {subprocess.py:93} INFO - 26/01/20 05:14:35 INFO TaskSchedulerImpl: Adding task set 1.0 with 8 tasks resource profile 0
[2026-01-20T05:14:35.011+0000] {subprocess.py:93} INFO - 26/01/20 05:14:35 INFO TaskSetManager: Starting task 0.0 in stage 1.0 (TID 13) (519d7d29de3d, executor driver, partition 0, PROCESS_LOCAL, 8244 bytes)
[2026-01-20T05:14:35.012+0000] {subprocess.py:93} INFO - 26/01/20 05:14:35 INFO TaskSetManager: Starting task 1.0 in stage 1.0 (TID 14) (519d7d29de3d, executor driver, partition 1, PROCESS_LOCAL, 8244 bytes)
[2026-01-20T05:14:35.013+0000] {subprocess.py:93} INFO - 26/01/20 05:14:35 INFO TaskSetManager: Starting task 2.0 in stage 1.0 (TID 15) (519d7d29de3d, executor driver, partition 2, PROCESS_LOCAL, 8244 bytes)
[2026-01-20T05:14:35.014+0000] {subprocess.py:93} INFO - 26/01/20 05:14:35 INFO TaskSetManager: Starting task 3.0 in stage 1.0 (TID 16) (519d7d29de3d, executor driver, partition 3, PROCESS_LOCAL, 8244 bytes)
[2026-01-20T05:14:35.015+0000] {subprocess.py:93} INFO - 26/01/20 05:14:35 INFO TaskSetManager: Starting task 4.0 in stage 1.0 (TID 17) (519d7d29de3d, executor driver, partition 4, PROCESS_LOCAL, 8244 bytes)
[2026-01-20T05:14:35.015+0000] {subprocess.py:93} INFO - 26/01/20 05:14:35 INFO TaskSetManager: Starting task 5.0 in stage 1.0 (TID 18) (519d7d29de3d, executor driver, partition 5, PROCESS_LOCAL, 8244 bytes)
[2026-01-20T05:14:35.016+0000] {subprocess.py:93} INFO - 26/01/20 05:14:35 INFO TaskSetManager: Starting task 6.0 in stage 1.0 (TID 19) (519d7d29de3d, executor driver, partition 6, PROCESS_LOCAL, 8244 bytes)
[2026-01-20T05:14:35.017+0000] {subprocess.py:93} INFO - 26/01/20 05:14:35 INFO TaskSetManager: Starting task 7.0 in stage 1.0 (TID 20) (519d7d29de3d, executor driver, partition 7, PROCESS_LOCAL, 8244 bytes)
[2026-01-20T05:14:35.018+0000] {subprocess.py:93} INFO - 26/01/20 05:14:35 INFO Executor: Running task 0.0 in stage 1.0 (TID 13)
[2026-01-20T05:14:35.019+0000] {subprocess.py:93} INFO - 26/01/20 05:14:35 INFO Executor: Running task 1.0 in stage 1.0 (TID 14)
[2026-01-20T05:14:35.020+0000] {subprocess.py:93} INFO - 26/01/20 05:14:35 INFO Executor: Running task 2.0 in stage 1.0 (TID 15)
[2026-01-20T05:14:35.022+0000] {subprocess.py:93} INFO - 26/01/20 05:14:35 INFO Executor: Running task 3.0 in stage 1.0 (TID 16)
[2026-01-20T05:14:35.023+0000] {subprocess.py:93} INFO - 26/01/20 05:14:35 INFO Executor: Running task 4.0 in stage 1.0 (TID 17)
[2026-01-20T05:14:35.024+0000] {subprocess.py:93} INFO - 26/01/20 05:14:35 INFO Executor: Running task 6.0 in stage 1.0 (TID 19)
[2026-01-20T05:14:35.025+0000] {subprocess.py:93} INFO - 26/01/20 05:14:35 INFO Executor: Running task 7.0 in stage 1.0 (TID 20)
[2026-01-20T05:14:35.026+0000] {subprocess.py:93} INFO - 26/01/20 05:14:35 INFO Executor: Running task 5.0 in stage 1.0 (TID 18)
[2026-01-20T05:14:35.027+0000] {subprocess.py:93} INFO - 26/01/20 05:14:35 INFO FileScanRDD: Reading File path: file:///opt/spark-data/landing/user_events_1768879431.2231393.json, range: 4194304-8388608, partition values: [empty row]
[2026-01-20T05:14:35.028+0000] {subprocess.py:93} INFO - 26/01/20 05:14:35 INFO FileScanRDD: Reading File path: file:///opt/spark-data/landing/user_events_1768879431.2231393.json, range: 0-4194304, partition values: [empty row]
[2026-01-20T05:14:35.028+0000] {subprocess.py:93} INFO - 26/01/20 05:14:35 INFO FileScanRDD: Reading File path: file:///opt/spark-data/landing/user_events_1768879431.2231393.json, range: 8388608-12582912, partition values: [empty row]
[2026-01-20T05:14:35.029+0000] {subprocess.py:93} INFO - 26/01/20 05:14:35 INFO FileScanRDD: Reading File path: file:///opt/spark-data/landing/user_events_1768879431.2231393.json, range: 20971520-25165824, partition values: [empty row]
[2026-01-20T05:14:35.030+0000] {subprocess.py:93} INFO - 26/01/20 05:14:35 INFO FileScanRDD: Reading File path: file:///opt/spark-data/landing/user_events_1768879431.2231393.json, range: 16777216-20971520, partition values: [empty row]
[2026-01-20T05:14:35.031+0000] {subprocess.py:93} INFO - 26/01/20 05:14:35 INFO FileScanRDD: Reading File path: file:///opt/spark-data/landing/user_events_1768879431.2231393.json, range: 25165824-29360128, partition values: [empty row]
[2026-01-20T05:14:35.031+0000] {subprocess.py:93} INFO - 26/01/20 05:14:35 INFO FileScanRDD: Reading File path: file:///opt/spark-data/landing/user_events_1768879431.2231393.json, range: 29360128-33532706, partition values: [empty row]
[2026-01-20T05:14:35.033+0000] {subprocess.py:93} INFO - 26/01/20 05:14:35 INFO FileScanRDD: Reading File path: file:///opt/spark-data/landing/user_events_1768879431.2231393.json, range: 12582912-16777216, partition values: [empty row]
[2026-01-20T05:14:35.709+0000] {subprocess.py:93} INFO - 26/01/20 05:14:35 INFO Executor: Finished task 3.0 in stage 1.0 (TID 16). 2401 bytes result sent to driver
[2026-01-20T05:14:35.711+0000] {subprocess.py:93} INFO - 26/01/20 05:14:35 INFO TaskSetManager: Finished task 3.0 in stage 1.0 (TID 16) in 699 ms on 519d7d29de3d (executor driver) (1/8)
[2026-01-20T05:14:35.712+0000] {subprocess.py:93} INFO - 26/01/20 05:14:35 INFO Executor: Finished task 2.0 in stage 1.0 (TID 15). 2401 bytes result sent to driver
[2026-01-20T05:14:35.713+0000] {subprocess.py:93} INFO - 26/01/20 05:14:35 INFO TaskSetManager: Finished task 2.0 in stage 1.0 (TID 15) in 701 ms on 519d7d29de3d (executor driver) (2/8)
[2026-01-20T05:14:35.716+0000] {subprocess.py:93} INFO - 26/01/20 05:14:35 INFO Executor: Finished task 5.0 in stage 1.0 (TID 18). 2401 bytes result sent to driver
[2026-01-20T05:14:35.717+0000] {subprocess.py:93} INFO - 26/01/20 05:14:35 INFO Executor: Finished task 1.0 in stage 1.0 (TID 14). 2444 bytes result sent to driver
[2026-01-20T05:14:35.717+0000] {subprocess.py:93} INFO - 26/01/20 05:14:35 INFO Executor: Finished task 0.0 in stage 1.0 (TID 13). 2401 bytes result sent to driver
[2026-01-20T05:14:35.719+0000] {subprocess.py:93} INFO - 26/01/20 05:14:35 INFO Executor: Finished task 6.0 in stage 1.0 (TID 19). 2401 bytes result sent to driver
[2026-01-20T05:14:35.720+0000] {subprocess.py:93} INFO - 26/01/20 05:14:35 INFO Executor: Finished task 4.0 in stage 1.0 (TID 17). 2401 bytes result sent to driver
[2026-01-20T05:14:35.720+0000] {subprocess.py:93} INFO - 26/01/20 05:14:35 INFO TaskSetManager: Finished task 5.0 in stage 1.0 (TID 18) in 704 ms on 519d7d29de3d (executor driver) (3/8)
[2026-01-20T05:14:35.721+0000] {subprocess.py:93} INFO - 26/01/20 05:14:35 INFO TaskSetManager: Finished task 1.0 in stage 1.0 (TID 14) in 707 ms on 519d7d29de3d (executor driver) (4/8)
[2026-01-20T05:14:35.722+0000] {subprocess.py:93} INFO - 26/01/20 05:14:35 INFO TaskSetManager: Finished task 0.0 in stage 1.0 (TID 13) in 709 ms on 519d7d29de3d (executor driver) (5/8)
[2026-01-20T05:14:35.723+0000] {subprocess.py:93} INFO - 26/01/20 05:14:35 INFO Executor: Finished task 7.0 in stage 1.0 (TID 20). 2401 bytes result sent to driver
[2026-01-20T05:14:35.724+0000] {subprocess.py:93} INFO - 26/01/20 05:14:35 INFO TaskSetManager: Finished task 6.0 in stage 1.0 (TID 19) in 706 ms on 519d7d29de3d (executor driver) (6/8)
[2026-01-20T05:14:35.725+0000] {subprocess.py:93} INFO - 26/01/20 05:14:35 INFO TaskSetManager: Finished task 4.0 in stage 1.0 (TID 17) in 709 ms on 519d7d29de3d (executor driver) (7/8)
[2026-01-20T05:14:35.725+0000] {subprocess.py:93} INFO - 26/01/20 05:14:35 INFO TaskSetManager: Finished task 7.0 in stage 1.0 (TID 20) in 706 ms on 519d7d29de3d (executor driver) (8/8)
[2026-01-20T05:14:35.726+0000] {subprocess.py:93} INFO - 26/01/20 05:14:35 INFO TaskSchedulerImpl: Removed TaskSet 1.0, whose tasks have all completed, from pool
[2026-01-20T05:14:35.727+0000] {subprocess.py:93} INFO - 26/01/20 05:14:35 INFO DAGScheduler: ResultStage 1 (json at NativeMethodAccessorImpl.java:0) finished in 0.723 s
[2026-01-20T05:14:35.727+0000] {subprocess.py:93} INFO - 26/01/20 05:14:35 INFO DAGScheduler: Job 1 is finished. Cancelling potential speculative or zombie tasks for this job
[2026-01-20T05:14:35.728+0000] {subprocess.py:93} INFO - 26/01/20 05:14:35 INFO TaskSchedulerImpl: Killing all running tasks in stage 1: Stage finished
[2026-01-20T05:14:35.729+0000] {subprocess.py:93} INFO - 26/01/20 05:14:35 INFO DAGScheduler: Job 1 finished: json at NativeMethodAccessorImpl.java:0, took 0.727257 s
[2026-01-20T05:14:35.907+0000] {subprocess.py:93} INFO - Traceback (most recent call last):
[2026-01-20T05:14:35.908+0000] {subprocess.py:93} INFO -   File "/opt/spark-jobs/etl_job.py", line 185, in <module>
[2026-01-20T05:14:35.912+0000] {subprocess.py:93} INFO -     run_etl(spark,'/opt/spark-data/landing', '/opt/spark-data/gold')
[2026-01-20T05:14:35.913+0000] {subprocess.py:93} INFO -   File "/opt/spark-jobs/etl_job.py", line 168, in run_etl
[2026-01-20T05:14:35.915+0000] {subprocess.py:93} INFO -     advertising_gold_zone(spark,df_topic_transaction,df_topic_user,output_path)
[2026-01-20T05:14:35.916+0000] {subprocess.py:93} INFO -   File "/opt/spark-jobs/etl_job.py", line 59, in advertising_gold_zone
[2026-01-20T05:14:35.919+0000] {subprocess.py:93} INFO -     ((F.col("user.user_id") == F.col("transaction.user_id")) & (F.col("user.product_id") == F.col("transaction.line_item.product_id") &
[2026-01-20T05:14:35.919+0000] {subprocess.py:93} INFO -   File "/opt/spark/python/lib/pyspark.zip/pyspark/sql/column.py", line 1400, in __nonzero__
[2026-01-20T05:14:35.920+0000] {subprocess.py:93} INFO - pyspark.errors.exceptions.base.PySparkValueError: [CANNOT_CONVERT_COLUMN_INTO_BOOL] Cannot convert column into bool: please use '&' for 'and', '|' for 'or', '~' for 'not' when building DataFrame boolean expressions.
[2026-01-20T05:14:35.971+0000] {subprocess.py:93} INFO - 26/01/20 05:14:35 INFO SparkContext: Invoking stop() from shutdown hook
[2026-01-20T05:14:35.972+0000] {subprocess.py:93} INFO - 26/01/20 05:14:35 INFO SparkContext: SparkContext is stopping with exitCode 0.
[2026-01-20T05:14:35.983+0000] {subprocess.py:93} INFO - 26/01/20 05:14:35 INFO SparkUI: Stopped Spark web UI at http://519d7d29de3d:4040
[2026-01-20T05:14:35.992+0000] {subprocess.py:93} INFO - 26/01/20 05:14:35 INFO MapOutputTrackerMasterEndpoint: MapOutputTrackerMasterEndpoint stopped!
[2026-01-20T05:14:36.006+0000] {subprocess.py:93} INFO - 26/01/20 05:14:36 INFO MemoryStore: MemoryStore cleared
[2026-01-20T05:14:36.006+0000] {subprocess.py:93} INFO - 26/01/20 05:14:36 INFO BlockManager: BlockManager stopped
[2026-01-20T05:14:36.011+0000] {subprocess.py:93} INFO - 26/01/20 05:14:36 INFO BlockManagerMaster: BlockManagerMaster stopped
[2026-01-20T05:14:36.013+0000] {subprocess.py:93} INFO - 26/01/20 05:14:36 INFO OutputCommitCoordinator$OutputCommitCoordinatorEndpoint: OutputCommitCoordinator stopped!
[2026-01-20T05:14:36.023+0000] {subprocess.py:93} INFO - 26/01/20 05:14:36 INFO SparkContext: Successfully stopped SparkContext
[2026-01-20T05:14:36.024+0000] {subprocess.py:93} INFO - 26/01/20 05:14:36 INFO ShutdownHookManager: Shutdown hook called
[2026-01-20T05:14:36.025+0000] {subprocess.py:93} INFO - 26/01/20 05:14:36 INFO ShutdownHookManager: Deleting directory /tmp/spark-84fec994-1cb6-4568-abfa-6ddcf37936b3/pyspark-202c7c65-bb03-47b0-a20d-a71a2d3853df
[2026-01-20T05:14:36.028+0000] {subprocess.py:93} INFO - 26/01/20 05:14:36 INFO ShutdownHookManager: Deleting directory /tmp/spark-da094162-b34e-4ad9-b132-a4ef1435a20b
[2026-01-20T05:14:36.032+0000] {subprocess.py:93} INFO - 26/01/20 05:14:36 INFO ShutdownHookManager: Deleting directory /tmp/spark-84fec994-1cb6-4568-abfa-6ddcf37936b3
[2026-01-20T05:14:36.080+0000] {subprocess.py:97} INFO - Command exited with return code 1
[2026-01-20T05:14:36.098+0000] {taskinstance.py:2698} ERROR - Task failed with exception
Traceback (most recent call last):
  File "/home/airflow/.local/lib/python3.10/site-packages/airflow/models/taskinstance.py", line 433, in _execute_task
    result = execute_callable(context=context, **execute_callable_kwargs)
  File "/home/airflow/.local/lib/python3.10/site-packages/airflow/operators/bash.py", line 212, in execute
    raise AirflowException(
airflow.exceptions.AirflowException: Bash command failed. The command returned a non-zero exit code 1.
[2026-01-20T05:14:36.103+0000] {taskinstance.py:1138} INFO - Marking task as FAILED. dag_id=streamflow_main, task_id=Spark_Submit, execution_date=20260120T051423, start_date=20260120T051425, end_date=20260120T051436
[2026-01-20T05:14:36.125+0000] {standard_task_runner.py:107} ERROR - Failed to execute job 25 for task Spark_Submit (Bash command failed. The command returned a non-zero exit code 1.; 11830)
[2026-01-20T05:14:36.149+0000] {local_task_job_runner.py:234} INFO - Task exited with return code 1
[2026-01-20T05:14:36.174+0000] {taskinstance.py:3280} INFO - 0 downstream tasks scheduled from follow-on schedule check
