[2026-01-20T03:45:17.642+0000] {taskinstance.py:1956} INFO - Dependencies all met for dep_context=non-requeueable deps ti=<TaskInstance: streamflow_main.Spark_Submit manual__2026-01-20T03:45:13.564089+00:00 [queued]>
[2026-01-20T03:45:17.654+0000] {taskinstance.py:1956} INFO - Dependencies all met for dep_context=requeueable deps ti=<TaskInstance: streamflow_main.Spark_Submit manual__2026-01-20T03:45:13.564089+00:00 [queued]>
[2026-01-20T03:45:17.654+0000] {taskinstance.py:2170} INFO - Starting attempt 1 of 1
[2026-01-20T03:45:17.678+0000] {taskinstance.py:2191} INFO - Executing <Task(BashOperator): Spark_Submit> on 2026-01-20 03:45:13.564089+00:00
[2026-01-20T03:45:17.683+0000] {standard_task_runner.py:60} INFO - Started process 1556 to run task
[2026-01-20T03:45:17.688+0000] {standard_task_runner.py:87} INFO - Running: ['***', 'tasks', 'run', 'streamflow_main', 'Spark_Submit', 'manual__2026-01-20T03:45:13.564089+00:00', '--job-id', '6', '--raw', '--subdir', 'DAGS_FOLDER/dag_streamflow.py', '--cfg-path', '/tmp/tmprcmpxihe']
[2026-01-20T03:45:17.691+0000] {standard_task_runner.py:88} INFO - Job 6: Subtask Spark_Submit
[2026-01-20T03:45:17.757+0000] {task_command.py:423} INFO - Running <TaskInstance: streamflow_main.Spark_Submit manual__2026-01-20T03:45:13.564089+00:00 [running]> on host 519d7d29de3d
[2026-01-20T03:45:17.852+0000] {taskinstance.py:2480} INFO - Exporting env vars: AIRFLOW_CTX_DAG_OWNER='student' AIRFLOW_CTX_DAG_ID='streamflow_main' AIRFLOW_CTX_TASK_ID='Spark_Submit' AIRFLOW_CTX_EXECUTION_DATE='2026-01-20T03:45:13.564089+00:00' AIRFLOW_CTX_TRY_NUMBER='1' AIRFLOW_CTX_DAG_RUN_ID='manual__2026-01-20T03:45:13.564089+00:00'
[2026-01-20T03:45:17.855+0000] {subprocess.py:63} INFO - Tmp dir root location: /tmp
[2026-01-20T03:45:17.857+0000] {subprocess.py:75} INFO - Running command: ['/usr/bin/bash', '-c', '\n            spark-submit                 --master spark://spark-master:7077                 /opt/spark-jobs/etl_job.py\n        ']
[2026-01-20T03:45:17.867+0000] {subprocess.py:86} INFO - Output:
[2026-01-20T03:45:17.876+0000] {subprocess.py:93} INFO - /opt/spark/bin/load-spark-env.sh: line 68: ps: command not found
[2026-01-20T03:45:20.797+0000] {subprocess.py:93} INFO - 26/01/20 03:45:20 INFO SparkContext: Running Spark version 3.5.0
[2026-01-20T03:45:20.799+0000] {subprocess.py:93} INFO - 26/01/20 03:45:20 INFO SparkContext: OS info Linux, 5.15.167.4-microsoft-standard-WSL2, amd64
[2026-01-20T03:45:20.801+0000] {subprocess.py:93} INFO - 26/01/20 03:45:20 INFO SparkContext: Java version 17.0.17
[2026-01-20T03:45:20.859+0000] {subprocess.py:93} INFO - 26/01/20 03:45:20 WARN NativeCodeLoader: Unable to load native-hadoop library for your platform... using builtin-java classes where applicable
[2026-01-20T03:45:20.957+0000] {subprocess.py:93} INFO - 26/01/20 03:45:20 INFO ResourceUtils: ==============================================================
[2026-01-20T03:45:20.959+0000] {subprocess.py:93} INFO - 26/01/20 03:45:20 INFO ResourceUtils: No custom resources configured for spark.driver.
[2026-01-20T03:45:20.960+0000] {subprocess.py:93} INFO - 26/01/20 03:45:20 INFO ResourceUtils: ==============================================================
[2026-01-20T03:45:20.960+0000] {subprocess.py:93} INFO - 26/01/20 03:45:20 INFO SparkContext: Submitted application: ETL_job
[2026-01-20T03:45:20.986+0000] {subprocess.py:93} INFO - 26/01/20 03:45:20 INFO ResourceProfile: Default ResourceProfile created, executor resources: Map(cores -> name: cores, amount: 1, script: , vendor: , memory -> name: memory, amount: 1024, script: , vendor: , offHeap -> name: offHeap, amount: 0, script: , vendor: ), task resources: Map(cpus -> name: cpus, amount: 1.0)
[2026-01-20T03:45:20.995+0000] {subprocess.py:93} INFO - 26/01/20 03:45:20 INFO ResourceProfile: Limiting resource is cpu
[2026-01-20T03:45:20.996+0000] {subprocess.py:93} INFO - 26/01/20 03:45:20 INFO ResourceProfileManager: Added ResourceProfile id: 0
[2026-01-20T03:45:21.055+0000] {subprocess.py:93} INFO - 26/01/20 03:45:21 INFO SecurityManager: Changing view acls to: root
[2026-01-20T03:45:21.056+0000] {subprocess.py:93} INFO - 26/01/20 03:45:21 INFO SecurityManager: Changing modify acls to: root
[2026-01-20T03:45:21.057+0000] {subprocess.py:93} INFO - 26/01/20 03:45:21 INFO SecurityManager: Changing view acls groups to:
[2026-01-20T03:45:21.057+0000] {subprocess.py:93} INFO - 26/01/20 03:45:21 INFO SecurityManager: Changing modify acls groups to:
[2026-01-20T03:45:21.058+0000] {subprocess.py:93} INFO - 26/01/20 03:45:21 INFO SecurityManager: SecurityManager: authentication disabled; ui acls disabled; users with view permissions: root; groups with view permissions: EMPTY; users with modify permissions: root; groups with modify permissions: EMPTY
[2026-01-20T03:45:21.318+0000] {subprocess.py:93} INFO - 26/01/20 03:45:21 INFO Utils: Successfully started service 'sparkDriver' on port 40871.
[2026-01-20T03:45:21.354+0000] {subprocess.py:93} INFO - 26/01/20 03:45:21 INFO SparkEnv: Registering MapOutputTracker
[2026-01-20T03:45:21.401+0000] {subprocess.py:93} INFO - 26/01/20 03:45:21 INFO SparkEnv: Registering BlockManagerMaster
[2026-01-20T03:45:21.427+0000] {subprocess.py:93} INFO - 26/01/20 03:45:21 INFO BlockManagerMasterEndpoint: Using org.apache.spark.storage.DefaultTopologyMapper for getting topology information
[2026-01-20T03:45:21.428+0000] {subprocess.py:93} INFO - 26/01/20 03:45:21 INFO BlockManagerMasterEndpoint: BlockManagerMasterEndpoint up
[2026-01-20T03:45:21.436+0000] {subprocess.py:93} INFO - 26/01/20 03:45:21 INFO SparkEnv: Registering BlockManagerMasterHeartbeat
[2026-01-20T03:45:21.486+0000] {subprocess.py:93} INFO - 26/01/20 03:45:21 INFO DiskBlockManager: Created local directory at /tmp/blockmgr-3da31993-64f0-4c8e-b192-44b55cbd01db
[2026-01-20T03:45:21.516+0000] {subprocess.py:93} INFO - 26/01/20 03:45:21 INFO MemoryStore: MemoryStore started with capacity 434.4 MiB
[2026-01-20T03:45:21.543+0000] {subprocess.py:93} INFO - 26/01/20 03:45:21 INFO SparkEnv: Registering OutputCommitCoordinator
[2026-01-20T03:45:21.793+0000] {subprocess.py:93} INFO - 26/01/20 03:45:21 INFO JettyUtils: Start Jetty 0.0.0.0:4040 for SparkUI
[2026-01-20T03:45:21.917+0000] {subprocess.py:93} INFO - 26/01/20 03:45:21 INFO Utils: Successfully started service 'SparkUI' on port 4040.
[2026-01-20T03:45:22.059+0000] {subprocess.py:93} INFO - 26/01/20 03:45:22 INFO Executor: Starting executor ID driver on host 519d7d29de3d
[2026-01-20T03:45:22.061+0000] {subprocess.py:93} INFO - 26/01/20 03:45:22 INFO Executor: OS info Linux, 5.15.167.4-microsoft-standard-WSL2, amd64
[2026-01-20T03:45:22.062+0000] {subprocess.py:93} INFO - 26/01/20 03:45:22 INFO Executor: Java version 17.0.17
[2026-01-20T03:45:22.072+0000] {subprocess.py:93} INFO - 26/01/20 03:45:22 INFO Executor: Starting executor with user classpath (userClassPathFirst = false): ''
[2026-01-20T03:45:22.073+0000] {subprocess.py:93} INFO - 26/01/20 03:45:22 INFO Executor: Created or updated repl class loader org.apache.spark.util.MutableURLClassLoader@66495d03 for default.
[2026-01-20T03:45:22.095+0000] {subprocess.py:93} INFO - 26/01/20 03:45:22 INFO Utils: Successfully started service 'org.apache.spark.network.netty.NettyBlockTransferService' on port 34567.
[2026-01-20T03:45:22.096+0000] {subprocess.py:93} INFO - 26/01/20 03:45:22 INFO NettyBlockTransferService: Server created on 519d7d29de3d:34567
[2026-01-20T03:45:22.097+0000] {subprocess.py:93} INFO - 26/01/20 03:45:22 INFO BlockManager: Using org.apache.spark.storage.RandomBlockReplicationPolicy for block replication policy
[2026-01-20T03:45:22.103+0000] {subprocess.py:93} INFO - 26/01/20 03:45:22 INFO BlockManagerMaster: Registering BlockManager BlockManagerId(driver, 519d7d29de3d, 34567, None)
[2026-01-20T03:45:22.107+0000] {subprocess.py:93} INFO - 26/01/20 03:45:22 INFO BlockManagerMasterEndpoint: Registering block manager 519d7d29de3d:34567 with 434.4 MiB RAM, BlockManagerId(driver, 519d7d29de3d, 34567, None)
[2026-01-20T03:45:22.110+0000] {subprocess.py:93} INFO - 26/01/20 03:45:22 INFO BlockManagerMaster: Registered BlockManager BlockManagerId(driver, 519d7d29de3d, 34567, None)
[2026-01-20T03:45:22.111+0000] {subprocess.py:93} INFO - 26/01/20 03:45:22 INFO BlockManager: Initialized BlockManager: BlockManagerId(driver, 519d7d29de3d, 34567, None)
[2026-01-20T03:45:22.588+0000] {subprocess.py:93} INFO - 26/01/20 03:45:22 INFO SharedState: Setting hive.metastore.warehouse.dir ('null') to the value of spark.sql.warehouse.dir.
[2026-01-20T03:45:22.599+0000] {subprocess.py:93} INFO - 26/01/20 03:45:22 INFO SharedState: Warehouse path is 'file:/tmp/***tmp_v_qxffb/spark-warehouse'.
[2026-01-20T03:45:23.511+0000] {subprocess.py:93} INFO - 26/01/20 03:45:23 INFO InMemoryFileIndex: It took 53 ms to list leaf files for 1 paths.
[2026-01-20T03:45:23.614+0000] {subprocess.py:93} INFO - 26/01/20 03:45:23 INFO InMemoryFileIndex: It took 16 ms to list leaf files for 1 paths.
[2026-01-20T03:45:25.951+0000] {subprocess.py:93} INFO - 26/01/20 03:45:25 INFO FileSourceStrategy: Pushed Filters:
[2026-01-20T03:45:25.963+0000] {subprocess.py:93} INFO - 26/01/20 03:45:25 INFO FileSourceStrategy: Post-Scan Filters:
[2026-01-20T03:45:26.207+0000] {subprocess.py:93} INFO - 26/01/20 03:45:26 INFO MemoryStore: Block broadcast_0 stored as values in memory (estimated size 199.2 KiB, free 434.2 MiB)
[2026-01-20T03:45:26.259+0000] {subprocess.py:93} INFO - 26/01/20 03:45:26 INFO MemoryStore: Block broadcast_0_piece0 stored as bytes in memory (estimated size 34.2 KiB, free 434.2 MiB)
[2026-01-20T03:45:26.263+0000] {subprocess.py:93} INFO - 26/01/20 03:45:26 INFO BlockManagerInfo: Added broadcast_0_piece0 in memory on 519d7d29de3d:34567 (size: 34.2 KiB, free: 434.4 MiB)
[2026-01-20T03:45:26.270+0000] {subprocess.py:93} INFO - 26/01/20 03:45:26 INFO SparkContext: Created broadcast 0 from json at NativeMethodAccessorImpl.java:0
[2026-01-20T03:45:26.281+0000] {subprocess.py:93} INFO - 26/01/20 03:45:26 INFO FileSourceScanExec: Planning scan with bin packing, max size: 4194304 bytes, open cost is considered as scanning 4194304 bytes.
[2026-01-20T03:45:26.466+0000] {subprocess.py:93} INFO - 26/01/20 03:45:26 INFO SparkContext: Starting job: json at NativeMethodAccessorImpl.java:0
[2026-01-20T03:45:26.487+0000] {subprocess.py:93} INFO - 26/01/20 03:45:26 INFO DAGScheduler: Got job 0 (json at NativeMethodAccessorImpl.java:0) with 13 output partitions
[2026-01-20T03:45:26.488+0000] {subprocess.py:93} INFO - 26/01/20 03:45:26 INFO DAGScheduler: Final stage: ResultStage 0 (json at NativeMethodAccessorImpl.java:0)
[2026-01-20T03:45:26.489+0000] {subprocess.py:93} INFO - 26/01/20 03:45:26 INFO DAGScheduler: Parents of final stage: List()
[2026-01-20T03:45:26.490+0000] {subprocess.py:93} INFO - 26/01/20 03:45:26 INFO DAGScheduler: Missing parents: List()
[2026-01-20T03:45:26.496+0000] {subprocess.py:93} INFO - 26/01/20 03:45:26 INFO DAGScheduler: Submitting ResultStage 0 (MapPartitionsRDD[3] at json at NativeMethodAccessorImpl.java:0), which has no missing parents
[2026-01-20T03:45:26.588+0000] {subprocess.py:93} INFO - 26/01/20 03:45:26 INFO MemoryStore: Block broadcast_1 stored as values in memory (estimated size 16.0 KiB, free 434.2 MiB)
[2026-01-20T03:45:26.591+0000] {subprocess.py:93} INFO - 26/01/20 03:45:26 INFO MemoryStore: Block broadcast_1_piece0 stored as bytes in memory (estimated size 7.5 KiB, free 434.1 MiB)
[2026-01-20T03:45:26.592+0000] {subprocess.py:93} INFO - 26/01/20 03:45:26 INFO BlockManagerInfo: Added broadcast_1_piece0 in memory on 519d7d29de3d:34567 (size: 7.5 KiB, free: 434.4 MiB)
[2026-01-20T03:45:26.592+0000] {subprocess.py:93} INFO - 26/01/20 03:45:26 INFO SparkContext: Created broadcast 1 from broadcast at DAGScheduler.scala:1580
[2026-01-20T03:45:26.608+0000] {subprocess.py:93} INFO - 26/01/20 03:45:26 INFO DAGScheduler: Submitting 13 missing tasks from ResultStage 0 (MapPartitionsRDD[3] at json at NativeMethodAccessorImpl.java:0) (first 15 tasks are for partitions Vector(0, 1, 2, 3, 4, 5, 6, 7, 8, 9, 10, 11, 12))
[2026-01-20T03:45:26.609+0000] {subprocess.py:93} INFO - 26/01/20 03:45:26 INFO TaskSchedulerImpl: Adding task set 0.0 with 13 tasks resource profile 0
[2026-01-20T03:45:26.651+0000] {subprocess.py:93} INFO - 26/01/20 03:45:26 INFO TaskSetManager: Starting task 0.0 in stage 0.0 (TID 0) (519d7d29de3d, executor driver, partition 0, PROCESS_LOCAL, 8251 bytes)
[2026-01-20T03:45:26.655+0000] {subprocess.py:93} INFO - 26/01/20 03:45:26 INFO TaskSetManager: Starting task 1.0 in stage 0.0 (TID 1) (519d7d29de3d, executor driver, partition 1, PROCESS_LOCAL, 8251 bytes)
[2026-01-20T03:45:26.656+0000] {subprocess.py:93} INFO - 26/01/20 03:45:26 INFO TaskSetManager: Starting task 2.0 in stage 0.0 (TID 2) (519d7d29de3d, executor driver, partition 2, PROCESS_LOCAL, 8251 bytes)
[2026-01-20T03:45:26.656+0000] {subprocess.py:93} INFO - 26/01/20 03:45:26 INFO TaskSetManager: Starting task 3.0 in stage 0.0 (TID 3) (519d7d29de3d, executor driver, partition 3, PROCESS_LOCAL, 8251 bytes)
[2026-01-20T03:45:26.657+0000] {subprocess.py:93} INFO - 26/01/20 03:45:26 INFO TaskSetManager: Starting task 4.0 in stage 0.0 (TID 4) (519d7d29de3d, executor driver, partition 4, PROCESS_LOCAL, 8251 bytes)
[2026-01-20T03:45:26.658+0000] {subprocess.py:93} INFO - 26/01/20 03:45:26 INFO TaskSetManager: Starting task 5.0 in stage 0.0 (TID 5) (519d7d29de3d, executor driver, partition 5, PROCESS_LOCAL, 8251 bytes)
[2026-01-20T03:45:26.660+0000] {subprocess.py:93} INFO - 26/01/20 03:45:26 INFO TaskSetManager: Starting task 6.0 in stage 0.0 (TID 6) (519d7d29de3d, executor driver, partition 6, PROCESS_LOCAL, 8251 bytes)
[2026-01-20T03:45:26.661+0000] {subprocess.py:93} INFO - 26/01/20 03:45:26 INFO TaskSetManager: Starting task 7.0 in stage 0.0 (TID 7) (519d7d29de3d, executor driver, partition 7, PROCESS_LOCAL, 8251 bytes)
[2026-01-20T03:45:26.662+0000] {subprocess.py:93} INFO - 26/01/20 03:45:26 INFO TaskSetManager: Starting task 8.0 in stage 0.0 (TID 8) (519d7d29de3d, executor driver, partition 8, PROCESS_LOCAL, 8251 bytes)
[2026-01-20T03:45:26.662+0000] {subprocess.py:93} INFO - 26/01/20 03:45:26 INFO TaskSetManager: Starting task 9.0 in stage 0.0 (TID 9) (519d7d29de3d, executor driver, partition 9, PROCESS_LOCAL, 8251 bytes)
[2026-01-20T03:45:26.663+0000] {subprocess.py:93} INFO - 26/01/20 03:45:26 INFO TaskSetManager: Starting task 10.0 in stage 0.0 (TID 10) (519d7d29de3d, executor driver, partition 10, PROCESS_LOCAL, 8251 bytes)
[2026-01-20T03:45:26.664+0000] {subprocess.py:93} INFO - 26/01/20 03:45:26 INFO TaskSetManager: Starting task 11.0 in stage 0.0 (TID 11) (519d7d29de3d, executor driver, partition 11, PROCESS_LOCAL, 8251 bytes)
[2026-01-20T03:45:26.664+0000] {subprocess.py:93} INFO - 26/01/20 03:45:26 INFO TaskSetManager: Starting task 12.0 in stage 0.0 (TID 12) (519d7d29de3d, executor driver, partition 12, PROCESS_LOCAL, 8251 bytes)
[2026-01-20T03:45:26.678+0000] {subprocess.py:93} INFO - 26/01/20 03:45:26 INFO Executor: Running task 0.0 in stage 0.0 (TID 0)
[2026-01-20T03:45:26.679+0000] {subprocess.py:93} INFO - 26/01/20 03:45:26 INFO Executor: Running task 4.0 in stage 0.0 (TID 4)
[2026-01-20T03:45:26.681+0000] {subprocess.py:93} INFO - 26/01/20 03:45:26 INFO Executor: Running task 2.0 in stage 0.0 (TID 2)
[2026-01-20T03:45:26.682+0000] {subprocess.py:93} INFO - 26/01/20 03:45:26 INFO Executor: Running task 1.0 in stage 0.0 (TID 1)
[2026-01-20T03:45:26.683+0000] {subprocess.py:93} INFO - 26/01/20 03:45:26 INFO Executor: Running task 7.0 in stage 0.0 (TID 7)
[2026-01-20T03:45:26.684+0000] {subprocess.py:93} INFO - 26/01/20 03:45:26 INFO Executor: Running task 5.0 in stage 0.0 (TID 5)
[2026-01-20T03:45:26.685+0000] {subprocess.py:93} INFO - 26/01/20 03:45:26 INFO Executor: Running task 3.0 in stage 0.0 (TID 3)
[2026-01-20T03:45:26.686+0000] {subprocess.py:93} INFO - 26/01/20 03:45:26 INFO Executor: Running task 6.0 in stage 0.0 (TID 6)
[2026-01-20T03:45:26.687+0000] {subprocess.py:93} INFO - 26/01/20 03:45:26 INFO Executor: Running task 8.0 in stage 0.0 (TID 8)
[2026-01-20T03:45:26.687+0000] {subprocess.py:93} INFO - 26/01/20 03:45:26 INFO Executor: Running task 9.0 in stage 0.0 (TID 9)
[2026-01-20T03:45:26.688+0000] {subprocess.py:93} INFO - 26/01/20 03:45:26 INFO Executor: Running task 10.0 in stage 0.0 (TID 10)
[2026-01-20T03:45:26.692+0000] {subprocess.py:93} INFO - 26/01/20 03:45:26 INFO Executor: Running task 12.0 in stage 0.0 (TID 12)
[2026-01-20T03:45:26.693+0000] {subprocess.py:93} INFO - 26/01/20 03:45:26 INFO Executor: Running task 11.0 in stage 0.0 (TID 11)
[2026-01-20T03:45:26.924+0000] {subprocess.py:93} INFO - 26/01/20 03:45:26 INFO FileScanRDD: Reading File path: file:///opt/spark-data/landing/transaction_events_1768879479.1820476.json, range: 20971520-25165824, partition values: [empty row]
[2026-01-20T03:45:26.925+0000] {subprocess.py:93} INFO - 26/01/20 03:45:26 INFO FileScanRDD: Reading File path: file:///opt/spark-data/landing/transaction_events_1768879479.1820476.json, range: 37748736-41943040, partition values: [empty row]
[2026-01-20T03:45:26.926+0000] {subprocess.py:93} INFO - 26/01/20 03:45:26 INFO FileScanRDD: Reading File path: file:///opt/spark-data/landing/transaction_events_1768879479.1820476.json, range: 41943040-46137344, partition values: [empty row]
[2026-01-20T03:45:26.926+0000] {subprocess.py:93} INFO - 26/01/20 03:45:26 INFO FileScanRDD: Reading File path: file:///opt/spark-data/landing/transaction_events_1768879479.1820476.json, range: 12582912-16777216, partition values: [empty row]
[2026-01-20T03:45:26.927+0000] {subprocess.py:93} INFO - 26/01/20 03:45:26 INFO FileScanRDD: Reading File path: file:///opt/spark-data/landing/transaction_events_1768879479.1820476.json, range: 50331648-51561162, partition values: [empty row]
[2026-01-20T03:45:26.928+0000] {subprocess.py:93} INFO - 26/01/20 03:45:26 INFO FileScanRDD: Reading File path: file:///opt/spark-data/landing/transaction_events_1768879479.1820476.json, range: 8388608-12582912, partition values: [empty row]
[2026-01-20T03:45:26.929+0000] {subprocess.py:93} INFO - 26/01/20 03:45:26 INFO FileScanRDD: Reading File path: file:///opt/spark-data/landing/transaction_events_1768879479.1820476.json, range: 16777216-20971520, partition values: [empty row]
[2026-01-20T03:45:26.929+0000] {subprocess.py:93} INFO - 26/01/20 03:45:26 INFO FileScanRDD: Reading File path: file:///opt/spark-data/landing/transaction_events_1768879479.1820476.json, range: 33554432-37748736, partition values: [empty row]
[2026-01-20T03:45:26.930+0000] {subprocess.py:93} INFO - 26/01/20 03:45:26 INFO FileScanRDD: Reading File path: file:///opt/spark-data/landing/transaction_events_1768879479.1820476.json, range: 4194304-8388608, partition values: [empty row]
[2026-01-20T03:45:26.931+0000] {subprocess.py:93} INFO - 26/01/20 03:45:26 INFO FileScanRDD: Reading File path: file:///opt/spark-data/landing/transaction_events_1768879479.1820476.json, range: 0-4194304, partition values: [empty row]
[2026-01-20T03:45:26.931+0000] {subprocess.py:93} INFO - 26/01/20 03:45:26 INFO FileScanRDD: Reading File path: file:///opt/spark-data/landing/transaction_events_1768879479.1820476.json, range: 25165824-29360128, partition values: [empty row]
[2026-01-20T03:45:26.932+0000] {subprocess.py:93} INFO - 26/01/20 03:45:26 INFO FileScanRDD: Reading File path: file:///opt/spark-data/landing/transaction_events_1768879479.1820476.json, range: 46137344-50331648, partition values: [empty row]
[2026-01-20T03:45:26.933+0000] {subprocess.py:93} INFO - 26/01/20 03:45:26 INFO FileScanRDD: Reading File path: file:///opt/spark-data/landing/transaction_events_1768879479.1820476.json, range: 29360128-33554432, partition values: [empty row]
[2026-01-20T03:45:27.182+0000] {subprocess.py:93} INFO - 26/01/20 03:45:27 INFO CodeGenerator: Code generated in 195.94834 ms
[2026-01-20T03:45:28.197+0000] {subprocess.py:93} INFO - 26/01/20 03:45:28 INFO Executor: Finished task 12.0 in stage 0.0 (TID 12). 3067 bytes result sent to driver
[2026-01-20T03:45:28.215+0000] {subprocess.py:93} INFO - 26/01/20 03:45:28 INFO TaskSetManager: Finished task 12.0 in stage 0.0 (TID 12) in 1550 ms on 519d7d29de3d (executor driver) (1/13)
[2026-01-20T03:45:28.892+0000] {subprocess.py:93} INFO - 26/01/20 03:45:28 INFO Executor: Finished task 11.0 in stage 0.0 (TID 11). 3024 bytes result sent to driver
[2026-01-20T03:45:28.895+0000] {subprocess.py:93} INFO - 26/01/20 03:45:28 INFO Executor: Finished task 7.0 in stage 0.0 (TID 7). 3024 bytes result sent to driver
[2026-01-20T03:45:28.895+0000] {subprocess.py:93} INFO - 26/01/20 03:45:28 INFO Executor: Finished task 10.0 in stage 0.0 (TID 10). 3024 bytes result sent to driver
[2026-01-20T03:45:28.905+0000] {subprocess.py:93} INFO - 26/01/20 03:45:28 INFO Executor: Finished task 5.0 in stage 0.0 (TID 5). 3024 bytes result sent to driver
[2026-01-20T03:45:28.906+0000] {subprocess.py:93} INFO - 26/01/20 03:45:28 INFO Executor: Finished task 3.0 in stage 0.0 (TID 3). 3067 bytes result sent to driver
[2026-01-20T03:45:28.907+0000] {subprocess.py:93} INFO - 26/01/20 03:45:28 INFO Executor: Finished task 0.0 in stage 0.0 (TID 0). 3024 bytes result sent to driver
[2026-01-20T03:45:28.908+0000] {subprocess.py:93} INFO - 26/01/20 03:45:28 INFO Executor: Finished task 9.0 in stage 0.0 (TID 9). 3024 bytes result sent to driver
[2026-01-20T03:45:28.908+0000] {subprocess.py:93} INFO - 26/01/20 03:45:28 INFO Executor: Finished task 4.0 in stage 0.0 (TID 4). 3024 bytes result sent to driver
[2026-01-20T03:45:28.909+0000] {subprocess.py:93} INFO - 26/01/20 03:45:28 INFO Executor: Finished task 8.0 in stage 0.0 (TID 8). 3024 bytes result sent to driver
[2026-01-20T03:45:28.910+0000] {subprocess.py:93} INFO - 26/01/20 03:45:28 INFO TaskSetManager: Finished task 11.0 in stage 0.0 (TID 11) in 2244 ms on 519d7d29de3d (executor driver) (2/13)
[2026-01-20T03:45:28.911+0000] {subprocess.py:93} INFO - 26/01/20 03:45:28 INFO Executor: Finished task 6.0 in stage 0.0 (TID 6). 3067 bytes result sent to driver
[2026-01-20T03:45:28.912+0000] {subprocess.py:93} INFO - 26/01/20 03:45:28 INFO Executor: Finished task 1.0 in stage 0.0 (TID 1). 3067 bytes result sent to driver
[2026-01-20T03:45:28.912+0000] {subprocess.py:93} INFO - 26/01/20 03:45:28 INFO Executor: Finished task 2.0 in stage 0.0 (TID 2). 3067 bytes result sent to driver
[2026-01-20T03:45:28.913+0000] {subprocess.py:93} INFO - 26/01/20 03:45:28 INFO TaskSetManager: Finished task 7.0 in stage 0.0 (TID 7) in 2248 ms on 519d7d29de3d (executor driver) (3/13)
[2026-01-20T03:45:28.914+0000] {subprocess.py:93} INFO - 26/01/20 03:45:28 INFO TaskSetManager: Finished task 5.0 in stage 0.0 (TID 5) in 2251 ms on 519d7d29de3d (executor driver) (4/13)
[2026-01-20T03:45:28.915+0000] {subprocess.py:93} INFO - 26/01/20 03:45:28 INFO TaskSetManager: Finished task 10.0 in stage 0.0 (TID 10) in 2247 ms on 519d7d29de3d (executor driver) (5/13)
[2026-01-20T03:45:28.915+0000] {subprocess.py:93} INFO - 26/01/20 03:45:28 INFO TaskSetManager: Finished task 3.0 in stage 0.0 (TID 3) in 2254 ms on 519d7d29de3d (executor driver) (6/13)
[2026-01-20T03:45:28.916+0000] {subprocess.py:93} INFO - 26/01/20 03:45:28 INFO TaskSetManager: Finished task 0.0 in stage 0.0 (TID 0) in 2272 ms on 519d7d29de3d (executor driver) (7/13)
[2026-01-20T03:45:28.917+0000] {subprocess.py:93} INFO - 26/01/20 03:45:28 INFO TaskSetManager: Finished task 9.0 in stage 0.0 (TID 9) in 2250 ms on 519d7d29de3d (executor driver) (8/13)
[2026-01-20T03:45:28.917+0000] {subprocess.py:93} INFO - 26/01/20 03:45:28 INFO TaskSetManager: Finished task 8.0 in stage 0.0 (TID 8) in 2250 ms on 519d7d29de3d (executor driver) (9/13)
[2026-01-20T03:45:28.918+0000] {subprocess.py:93} INFO - 26/01/20 03:45:28 INFO TaskSetManager: Finished task 4.0 in stage 0.0 (TID 4) in 2256 ms on 519d7d29de3d (executor driver) (10/13)
[2026-01-20T03:45:28.919+0000] {subprocess.py:93} INFO - 26/01/20 03:45:28 INFO TaskSetManager: Finished task 6.0 in stage 0.0 (TID 6) in 2253 ms on 519d7d29de3d (executor driver) (11/13)
[2026-01-20T03:45:28.920+0000] {subprocess.py:93} INFO - 26/01/20 03:45:28 INFO TaskSetManager: Finished task 1.0 in stage 0.0 (TID 1) in 2259 ms on 519d7d29de3d (executor driver) (12/13)
[2026-01-20T03:45:28.920+0000] {subprocess.py:93} INFO - 26/01/20 03:45:28 INFO TaskSetManager: Finished task 2.0 in stage 0.0 (TID 2) in 2259 ms on 519d7d29de3d (executor driver) (13/13)
[2026-01-20T03:45:28.921+0000] {subprocess.py:93} INFO - 26/01/20 03:45:28 INFO TaskSchedulerImpl: Removed TaskSet 0.0, whose tasks have all completed, from pool
[2026-01-20T03:45:28.922+0000] {subprocess.py:93} INFO - 26/01/20 03:45:28 INFO DAGScheduler: ResultStage 0 (json at NativeMethodAccessorImpl.java:0) finished in 2.402 s
[2026-01-20T03:45:28.922+0000] {subprocess.py:93} INFO - 26/01/20 03:45:28 INFO DAGScheduler: Job 0 is finished. Cancelling potential speculative or zombie tasks for this job
[2026-01-20T03:45:28.923+0000] {subprocess.py:93} INFO - 26/01/20 03:45:28 INFO TaskSchedulerImpl: Killing all running tasks in stage 0: Stage finished
[2026-01-20T03:45:28.923+0000] {subprocess.py:93} INFO - 26/01/20 03:45:28 INFO DAGScheduler: Job 0 finished: json at NativeMethodAccessorImpl.java:0, took 2.456326 s
[2026-01-20T03:45:29.051+0000] {subprocess.py:93} INFO - 26/01/20 03:45:29 INFO InMemoryFileIndex: It took 18 ms to list leaf files for 1 paths.
[2026-01-20T03:45:29.098+0000] {subprocess.py:93} INFO - 26/01/20 03:45:29 INFO InMemoryFileIndex: It took 18 ms to list leaf files for 1 paths.
[2026-01-20T03:45:29.137+0000] {subprocess.py:93} INFO - 26/01/20 03:45:29 INFO FileSourceStrategy: Pushed Filters:
[2026-01-20T03:45:29.137+0000] {subprocess.py:93} INFO - 26/01/20 03:45:29 INFO FileSourceStrategy: Post-Scan Filters:
[2026-01-20T03:45:29.141+0000] {subprocess.py:93} INFO - 26/01/20 03:45:29 INFO MemoryStore: Block broadcast_2 stored as values in memory (estimated size 199.2 KiB, free 434.0 MiB)
[2026-01-20T03:45:29.152+0000] {subprocess.py:93} INFO - 26/01/20 03:45:29 INFO MemoryStore: Block broadcast_2_piece0 stored as bytes in memory (estimated size 34.2 KiB, free 433.9 MiB)
[2026-01-20T03:45:29.154+0000] {subprocess.py:93} INFO - 26/01/20 03:45:29 INFO BlockManagerInfo: Added broadcast_2_piece0 in memory on 519d7d29de3d:34567 (size: 34.2 KiB, free: 434.3 MiB)
[2026-01-20T03:45:29.155+0000] {subprocess.py:93} INFO - 26/01/20 03:45:29 INFO SparkContext: Created broadcast 2 from json at NativeMethodAccessorImpl.java:0
[2026-01-20T03:45:29.155+0000] {subprocess.py:93} INFO - 26/01/20 03:45:29 INFO FileSourceScanExec: Planning scan with bin packing, max size: 4194304 bytes, open cost is considered as scanning 4194304 bytes.
[2026-01-20T03:45:29.166+0000] {subprocess.py:93} INFO - 26/01/20 03:45:29 INFO SparkContext: Starting job: json at NativeMethodAccessorImpl.java:0
[2026-01-20T03:45:29.167+0000] {subprocess.py:93} INFO - 26/01/20 03:45:29 INFO DAGScheduler: Got job 1 (json at NativeMethodAccessorImpl.java:0) with 8 output partitions
[2026-01-20T03:45:29.168+0000] {subprocess.py:93} INFO - 26/01/20 03:45:29 INFO DAGScheduler: Final stage: ResultStage 1 (json at NativeMethodAccessorImpl.java:0)
[2026-01-20T03:45:29.168+0000] {subprocess.py:93} INFO - 26/01/20 03:45:29 INFO DAGScheduler: Parents of final stage: List()
[2026-01-20T03:45:29.169+0000] {subprocess.py:93} INFO - 26/01/20 03:45:29 INFO DAGScheduler: Missing parents: List()
[2026-01-20T03:45:29.170+0000] {subprocess.py:93} INFO - 26/01/20 03:45:29 INFO DAGScheduler: Submitting ResultStage 1 (MapPartitionsRDD[7] at json at NativeMethodAccessorImpl.java:0), which has no missing parents
[2026-01-20T03:45:29.171+0000] {subprocess.py:93} INFO - 26/01/20 03:45:29 INFO MemoryStore: Block broadcast_3 stored as values in memory (estimated size 16.0 KiB, free 433.9 MiB)
[2026-01-20T03:45:29.181+0000] {subprocess.py:93} INFO - 26/01/20 03:45:29 INFO MemoryStore: Block broadcast_3_piece0 stored as bytes in memory (estimated size 7.5 KiB, free 433.9 MiB)
[2026-01-20T03:45:29.182+0000] {subprocess.py:93} INFO - 26/01/20 03:45:29 INFO BlockManagerInfo: Added broadcast_3_piece0 in memory on 519d7d29de3d:34567 (size: 7.5 KiB, free: 434.3 MiB)
[2026-01-20T03:45:29.183+0000] {subprocess.py:93} INFO - 26/01/20 03:45:29 INFO SparkContext: Created broadcast 3 from broadcast at DAGScheduler.scala:1580
[2026-01-20T03:45:29.184+0000] {subprocess.py:93} INFO - 26/01/20 03:45:29 INFO DAGScheduler: Submitting 8 missing tasks from ResultStage 1 (MapPartitionsRDD[7] at json at NativeMethodAccessorImpl.java:0) (first 15 tasks are for partitions Vector(0, 1, 2, 3, 4, 5, 6, 7))
[2026-01-20T03:45:29.185+0000] {subprocess.py:93} INFO - 26/01/20 03:45:29 INFO TaskSchedulerImpl: Adding task set 1.0 with 8 tasks resource profile 0
[2026-01-20T03:45:29.185+0000] {subprocess.py:93} INFO - 26/01/20 03:45:29 INFO TaskSetManager: Starting task 0.0 in stage 1.0 (TID 13) (519d7d29de3d, executor driver, partition 0, PROCESS_LOCAL, 8244 bytes)
[2026-01-20T03:45:29.186+0000] {subprocess.py:93} INFO - 26/01/20 03:45:29 INFO TaskSetManager: Starting task 1.0 in stage 1.0 (TID 14) (519d7d29de3d, executor driver, partition 1, PROCESS_LOCAL, 8244 bytes)
[2026-01-20T03:45:29.187+0000] {subprocess.py:93} INFO - 26/01/20 03:45:29 INFO TaskSetManager: Starting task 2.0 in stage 1.0 (TID 15) (519d7d29de3d, executor driver, partition 2, PROCESS_LOCAL, 8244 bytes)
[2026-01-20T03:45:29.188+0000] {subprocess.py:93} INFO - 26/01/20 03:45:29 INFO TaskSetManager: Starting task 3.0 in stage 1.0 (TID 16) (519d7d29de3d, executor driver, partition 3, PROCESS_LOCAL, 8244 bytes)
[2026-01-20T03:45:29.189+0000] {subprocess.py:93} INFO - 26/01/20 03:45:29 INFO TaskSetManager: Starting task 4.0 in stage 1.0 (TID 17) (519d7d29de3d, executor driver, partition 4, PROCESS_LOCAL, 8244 bytes)
[2026-01-20T03:45:29.190+0000] {subprocess.py:93} INFO - 26/01/20 03:45:29 INFO TaskSetManager: Starting task 5.0 in stage 1.0 (TID 18) (519d7d29de3d, executor driver, partition 5, PROCESS_LOCAL, 8244 bytes)
[2026-01-20T03:45:29.192+0000] {subprocess.py:93} INFO - 26/01/20 03:45:29 INFO TaskSetManager: Starting task 6.0 in stage 1.0 (TID 19) (519d7d29de3d, executor driver, partition 6, PROCESS_LOCAL, 8244 bytes)
[2026-01-20T03:45:29.194+0000] {subprocess.py:93} INFO - 26/01/20 03:45:29 INFO TaskSetManager: Starting task 7.0 in stage 1.0 (TID 20) (519d7d29de3d, executor driver, partition 7, PROCESS_LOCAL, 8244 bytes)
[2026-01-20T03:45:29.195+0000] {subprocess.py:93} INFO - 26/01/20 03:45:29 INFO Executor: Running task 1.0 in stage 1.0 (TID 14)
[2026-01-20T03:45:29.196+0000] {subprocess.py:93} INFO - 26/01/20 03:45:29 INFO Executor: Running task 0.0 in stage 1.0 (TID 13)
[2026-01-20T03:45:29.196+0000] {subprocess.py:93} INFO - 26/01/20 03:45:29 INFO Executor: Running task 2.0 in stage 1.0 (TID 15)
[2026-01-20T03:45:29.197+0000] {subprocess.py:93} INFO - 26/01/20 03:45:29 INFO Executor: Running task 4.0 in stage 1.0 (TID 17)
[2026-01-20T03:45:29.198+0000] {subprocess.py:93} INFO - 26/01/20 03:45:29 INFO Executor: Running task 6.0 in stage 1.0 (TID 19)
[2026-01-20T03:45:29.199+0000] {subprocess.py:93} INFO - 26/01/20 03:45:29 INFO Executor: Running task 3.0 in stage 1.0 (TID 16)
[2026-01-20T03:45:29.200+0000] {subprocess.py:93} INFO - 26/01/20 03:45:29 INFO Executor: Running task 7.0 in stage 1.0 (TID 20)
[2026-01-20T03:45:29.201+0000] {subprocess.py:93} INFO - 26/01/20 03:45:29 INFO Executor: Running task 5.0 in stage 1.0 (TID 18)
[2026-01-20T03:45:29.202+0000] {subprocess.py:93} INFO - 26/01/20 03:45:29 INFO FileScanRDD: Reading File path: file:///opt/spark-data/landing/user_events_1768879431.2231393.json, range: 16777216-20971520, partition values: [empty row]
[2026-01-20T03:45:29.203+0000] {subprocess.py:93} INFO - 26/01/20 03:45:29 INFO FileScanRDD: Reading File path: file:///opt/spark-data/landing/user_events_1768879431.2231393.json, range: 4194304-8388608, partition values: [empty row]
[2026-01-20T03:45:29.204+0000] {subprocess.py:93} INFO - 26/01/20 03:45:29 INFO FileScanRDD: Reading File path: file:///opt/spark-data/landing/user_events_1768879431.2231393.json, range: 12582912-16777216, partition values: [empty row]
[2026-01-20T03:45:29.205+0000] {subprocess.py:93} INFO - 26/01/20 03:45:29 INFO FileScanRDD: Reading File path: file:///opt/spark-data/landing/user_events_1768879431.2231393.json, range: 29360128-33532706, partition values: [empty row]
[2026-01-20T03:45:29.206+0000] {subprocess.py:93} INFO - 26/01/20 03:45:29 INFO FileScanRDD: Reading File path: file:///opt/spark-data/landing/user_events_1768879431.2231393.json, range: 0-4194304, partition values: [empty row]
[2026-01-20T03:45:29.208+0000] {subprocess.py:93} INFO - 26/01/20 03:45:29 INFO FileScanRDD: Reading File path: file:///opt/spark-data/landing/user_events_1768879431.2231393.json, range: 20971520-25165824, partition values: [empty row]
[2026-01-20T03:45:29.209+0000] {subprocess.py:93} INFO - 26/01/20 03:45:29 INFO FileScanRDD: Reading File path: file:///opt/spark-data/landing/user_events_1768879431.2231393.json, range: 25165824-29360128, partition values: [empty row]
[2026-01-20T03:45:29.211+0000] {subprocess.py:93} INFO - 26/01/20 03:45:29 INFO FileScanRDD: Reading File path: file:///opt/spark-data/landing/user_events_1768879431.2231393.json, range: 8388608-12582912, partition values: [empty row]
[2026-01-20T03:45:30.140+0000] {subprocess.py:93} INFO - 26/01/20 03:45:30 INFO Executor: Finished task 6.0 in stage 1.0 (TID 19). 2444 bytes result sent to driver
[2026-01-20T03:45:30.143+0000] {subprocess.py:93} INFO - 26/01/20 03:45:30 INFO TaskSetManager: Finished task 6.0 in stage 1.0 (TID 19) in 953 ms on 519d7d29de3d (executor driver) (1/8)
[2026-01-20T03:45:30.144+0000] {subprocess.py:93} INFO - 26/01/20 03:45:30 INFO Executor: Finished task 1.0 in stage 1.0 (TID 14). 2401 bytes result sent to driver
[2026-01-20T03:45:30.145+0000] {subprocess.py:93} INFO - 26/01/20 03:45:30 INFO Executor: Finished task 3.0 in stage 1.0 (TID 16). 2401 bytes result sent to driver
[2026-01-20T03:45:30.146+0000] {subprocess.py:93} INFO - 26/01/20 03:45:30 INFO Executor: Finished task 7.0 in stage 1.0 (TID 20). 2401 bytes result sent to driver
[2026-01-20T03:45:30.147+0000] {subprocess.py:93} INFO - 26/01/20 03:45:30 INFO TaskSetManager: Finished task 1.0 in stage 1.0 (TID 14) in 960 ms on 519d7d29de3d (executor driver) (2/8)
[2026-01-20T03:45:30.148+0000] {subprocess.py:93} INFO - 26/01/20 03:45:30 INFO TaskSetManager: Finished task 3.0 in stage 1.0 (TID 16) in 960 ms on 519d7d29de3d (executor driver) (3/8)
[2026-01-20T03:45:30.149+0000] {subprocess.py:93} INFO - 26/01/20 03:45:30 INFO TaskSetManager: Finished task 7.0 in stage 1.0 (TID 20) in 959 ms on 519d7d29de3d (executor driver) (4/8)
[2026-01-20T03:45:30.150+0000] {subprocess.py:93} INFO - 26/01/20 03:45:30 INFO Executor: Finished task 0.0 in stage 1.0 (TID 13). 2401 bytes result sent to driver
[2026-01-20T03:45:30.151+0000] {subprocess.py:93} INFO - 26/01/20 03:45:30 INFO Executor: Finished task 4.0 in stage 1.0 (TID 17). 2401 bytes result sent to driver
[2026-01-20T03:45:30.152+0000] {subprocess.py:93} INFO - 26/01/20 03:45:30 INFO TaskSetManager: Finished task 0.0 in stage 1.0 (TID 13) in 966 ms on 519d7d29de3d (executor driver) (5/8)
[2026-01-20T03:45:30.153+0000] {subprocess.py:93} INFO - 26/01/20 03:45:30 INFO TaskSetManager: Finished task 4.0 in stage 1.0 (TID 17) in 965 ms on 519d7d29de3d (executor driver) (6/8)
[2026-01-20T03:45:30.154+0000] {subprocess.py:93} INFO - 26/01/20 03:45:30 INFO Executor: Finished task 2.0 in stage 1.0 (TID 15). 2401 bytes result sent to driver
[2026-01-20T03:45:30.155+0000] {subprocess.py:93} INFO - 26/01/20 03:45:30 INFO Executor: Finished task 5.0 in stage 1.0 (TID 18). 2401 bytes result sent to driver
[2026-01-20T03:45:30.156+0000] {subprocess.py:93} INFO - 26/01/20 03:45:30 INFO TaskSetManager: Finished task 5.0 in stage 1.0 (TID 18) in 969 ms on 519d7d29de3d (executor driver) (7/8)
[2026-01-20T03:45:30.157+0000] {subprocess.py:93} INFO - 26/01/20 03:45:30 INFO TaskSetManager: Finished task 2.0 in stage 1.0 (TID 15) in 971 ms on 519d7d29de3d (executor driver) (8/8)
[2026-01-20T03:45:30.158+0000] {subprocess.py:93} INFO - 26/01/20 03:45:30 INFO TaskSchedulerImpl: Removed TaskSet 1.0, whose tasks have all completed, from pool
[2026-01-20T03:45:30.159+0000] {subprocess.py:93} INFO - 26/01/20 03:45:30 INFO DAGScheduler: ResultStage 1 (json at NativeMethodAccessorImpl.java:0) finished in 0.990 s
[2026-01-20T03:45:30.160+0000] {subprocess.py:93} INFO - 26/01/20 03:45:30 INFO DAGScheduler: Job 1 is finished. Cancelling potential speculative or zombie tasks for this job
[2026-01-20T03:45:30.161+0000] {subprocess.py:93} INFO - 26/01/20 03:45:30 INFO TaskSchedulerImpl: Killing all running tasks in stage 1: Stage finished
[2026-01-20T03:45:30.162+0000] {subprocess.py:93} INFO - 26/01/20 03:45:30 INFO DAGScheduler: Job 1 finished: json at NativeMethodAccessorImpl.java:0, took 0.994172 s
[2026-01-20T03:45:30.757+0000] {subprocess.py:93} INFO - 26/01/20 03:45:30 INFO FileSourceStrategy: Pushed Filters: IsNotNull(line_items),IsNotNull(user_id)
[2026-01-20T03:45:30.759+0000] {subprocess.py:93} INFO - 26/01/20 03:45:30 INFO FileSourceStrategy: Post-Scan Filters: (size(line_items#10, true) > 0),isnotnull(line_items#10),isnotnull(user_id#21)
[2026-01-20T03:45:30.764+0000] {subprocess.py:93} INFO - 26/01/20 03:45:30 INFO FileSourceStrategy: Pushed Filters: IsNotNull(user_id),IsNotNull(product_id)
[2026-01-20T03:45:30.765+0000] {subprocess.py:93} INFO - 26/01/20 03:45:30 INFO FileSourceStrategy: Post-Scan Filters: isnotnull(user_id#58),isnotnull(product_id#53)
[2026-01-20T03:45:30.945+0000] {subprocess.py:93} INFO - 26/01/20 03:45:30 WARN SparkStringUtils: Truncated the string representation of a plan since it was too large. This behavior can be adjusted by setting 'spark.sql.debug.maxToStringFields'.
[2026-01-20T03:45:31.272+0000] {subprocess.py:93} INFO - 26/01/20 03:45:31 INFO CodeGenerator: Code generated in 92.941229 ms
[2026-01-20T03:45:31.277+0000] {subprocess.py:93} INFO - 26/01/20 03:45:31 INFO MemoryStore: Block broadcast_4 stored as values in memory (estimated size 199.1 KiB, free 433.7 MiB)
[2026-01-20T03:45:31.290+0000] {subprocess.py:93} INFO - 26/01/20 03:45:31 INFO MemoryStore: Block broadcast_4_piece0 stored as bytes in memory (estimated size 34.2 KiB, free 433.7 MiB)
[2026-01-20T03:45:31.292+0000] {subprocess.py:93} INFO - 26/01/20 03:45:31 INFO BlockManagerInfo: Added broadcast_4_piece0 in memory on 519d7d29de3d:34567 (size: 34.2 KiB, free: 434.3 MiB)
[2026-01-20T03:45:31.293+0000] {subprocess.py:93} INFO - 26/01/20 03:45:31 INFO SparkContext: Created broadcast 4 from showString at NativeMethodAccessorImpl.java:0
[2026-01-20T03:45:31.298+0000] {subprocess.py:93} INFO - 26/01/20 03:45:31 INFO FileSourceScanExec: Planning scan with bin packing, max size: 4194304 bytes, open cost is considered as scanning 4194304 bytes.
[2026-01-20T03:45:31.339+0000] {subprocess.py:93} INFO - 26/01/20 03:45:31 INFO DAGScheduler: Registering RDD 11 (showString at NativeMethodAccessorImpl.java:0) as input to shuffle 0
[2026-01-20T03:45:31.351+0000] {subprocess.py:93} INFO - 26/01/20 03:45:31 INFO DAGScheduler: Got map stage job 2 (showString at NativeMethodAccessorImpl.java:0) with 13 output partitions
[2026-01-20T03:45:31.352+0000] {subprocess.py:93} INFO - 26/01/20 03:45:31 INFO DAGScheduler: Final stage: ShuffleMapStage 2 (showString at NativeMethodAccessorImpl.java:0)
[2026-01-20T03:45:31.353+0000] {subprocess.py:93} INFO - 26/01/20 03:45:31 INFO DAGScheduler: Parents of final stage: List()
[2026-01-20T03:45:31.354+0000] {subprocess.py:93} INFO - 26/01/20 03:45:31 INFO DAGScheduler: Missing parents: List()
[2026-01-20T03:45:31.356+0000] {subprocess.py:93} INFO - 26/01/20 03:45:31 INFO DAGScheduler: Submitting ShuffleMapStage 2 (MapPartitionsRDD[11] at showString at NativeMethodAccessorImpl.java:0), which has no missing parents
[2026-01-20T03:45:31.378+0000] {subprocess.py:93} INFO - 26/01/20 03:45:31 INFO CodeGenerator: Code generated in 30.526416 ms
[2026-01-20T03:45:31.381+0000] {subprocess.py:93} INFO - 26/01/20 03:45:31 INFO MemoryStore: Block broadcast_5 stored as values in memory (estimated size 199.1 KiB, free 433.5 MiB)
[2026-01-20T03:45:31.394+0000] {subprocess.py:93} INFO - 26/01/20 03:45:31 INFO MemoryStore: Block broadcast_5_piece0 stored as bytes in memory (estimated size 34.2 KiB, free 433.4 MiB)
[2026-01-20T03:45:31.396+0000] {subprocess.py:93} INFO - 26/01/20 03:45:31 INFO BlockManagerInfo: Added broadcast_5_piece0 in memory on 519d7d29de3d:34567 (size: 34.2 KiB, free: 434.3 MiB)
[2026-01-20T03:45:31.397+0000] {subprocess.py:93} INFO - 26/01/20 03:45:31 INFO SparkContext: Created broadcast 5 from showString at NativeMethodAccessorImpl.java:0
[2026-01-20T03:45:31.398+0000] {subprocess.py:93} INFO - 26/01/20 03:45:31 INFO MemoryStore: Block broadcast_6 stored as values in memory (estimated size 44.3 KiB, free 433.4 MiB)
[2026-01-20T03:45:31.399+0000] {subprocess.py:93} INFO - 26/01/20 03:45:31 INFO FileSourceScanExec: Planning scan with bin packing, max size: 4194304 bytes, open cost is considered as scanning 4194304 bytes.
[2026-01-20T03:45:31.405+0000] {subprocess.py:93} INFO - 26/01/20 03:45:31 INFO MemoryStore: Block broadcast_6_piece0 stored as bytes in memory (estimated size 16.6 KiB, free 433.4 MiB)
[2026-01-20T03:45:31.407+0000] {subprocess.py:93} INFO - 26/01/20 03:45:31 INFO BlockManagerInfo: Added broadcast_6_piece0 in memory on 519d7d29de3d:34567 (size: 16.6 KiB, free: 434.2 MiB)
[2026-01-20T03:45:31.408+0000] {subprocess.py:93} INFO - 26/01/20 03:45:31 INFO SparkContext: Created broadcast 6 from broadcast at DAGScheduler.scala:1580
[2026-01-20T03:45:31.411+0000] {subprocess.py:93} INFO - 26/01/20 03:45:31 INFO DAGScheduler: Submitting 13 missing tasks from ShuffleMapStage 2 (MapPartitionsRDD[11] at showString at NativeMethodAccessorImpl.java:0) (first 15 tasks are for partitions Vector(0, 1, 2, 3, 4, 5, 6, 7, 8, 9, 10, 11, 12))
[2026-01-20T03:45:31.412+0000] {subprocess.py:93} INFO - 26/01/20 03:45:31 INFO TaskSchedulerImpl: Adding task set 2.0 with 13 tasks resource profile 0
[2026-01-20T03:45:31.414+0000] {subprocess.py:93} INFO - 26/01/20 03:45:31 INFO DAGScheduler: Registering RDD 15 (showString at NativeMethodAccessorImpl.java:0) as input to shuffle 1
[2026-01-20T03:45:31.415+0000] {subprocess.py:93} INFO - 26/01/20 03:45:31 INFO TaskSetManager: Starting task 0.0 in stage 2.0 (TID 21) (519d7d29de3d, executor driver, partition 0, PROCESS_LOCAL, 8240 bytes)
[2026-01-20T03:45:31.416+0000] {subprocess.py:93} INFO - 26/01/20 03:45:31 INFO DAGScheduler: Got map stage job 3 (showString at NativeMethodAccessorImpl.java:0) with 8 output partitions
[2026-01-20T03:45:31.417+0000] {subprocess.py:93} INFO - 26/01/20 03:45:31 INFO DAGScheduler: Final stage: ShuffleMapStage 3 (showString at NativeMethodAccessorImpl.java:0)
[2026-01-20T03:45:31.418+0000] {subprocess.py:93} INFO - 26/01/20 03:45:31 INFO DAGScheduler: Parents of final stage: List()
[2026-01-20T03:45:31.418+0000] {subprocess.py:93} INFO - 26/01/20 03:45:31 INFO TaskSetManager: Starting task 1.0 in stage 2.0 (TID 22) (519d7d29de3d, executor driver, partition 1, PROCESS_LOCAL, 8240 bytes)
[2026-01-20T03:45:31.419+0000] {subprocess.py:93} INFO - 26/01/20 03:45:31 INFO TaskSetManager: Starting task 2.0 in stage 2.0 (TID 23) (519d7d29de3d, executor driver, partition 2, PROCESS_LOCAL, 8240 bytes)
[2026-01-20T03:45:31.420+0000] {subprocess.py:93} INFO - 26/01/20 03:45:31 INFO TaskSetManager: Starting task 3.0 in stage 2.0 (TID 24) (519d7d29de3d, executor driver, partition 3, PROCESS_LOCAL, 8240 bytes)
[2026-01-20T03:45:31.421+0000] {subprocess.py:93} INFO - 26/01/20 03:45:31 INFO DAGScheduler: Missing parents: List()
[2026-01-20T03:45:31.421+0000] {subprocess.py:93} INFO - 26/01/20 03:45:31 INFO TaskSetManager: Starting task 4.0 in stage 2.0 (TID 25) (519d7d29de3d, executor driver, partition 4, PROCESS_LOCAL, 8240 bytes)
[2026-01-20T03:45:31.422+0000] {subprocess.py:93} INFO - 26/01/20 03:45:31 INFO TaskSetManager: Starting task 5.0 in stage 2.0 (TID 26) (519d7d29de3d, executor driver, partition 5, PROCESS_LOCAL, 8240 bytes)
[2026-01-20T03:45:31.423+0000] {subprocess.py:93} INFO - 26/01/20 03:45:31 INFO DAGScheduler: Submitting ShuffleMapStage 3 (MapPartitionsRDD[15] at showString at NativeMethodAccessorImpl.java:0), which has no missing parents
[2026-01-20T03:45:31.425+0000] {subprocess.py:93} INFO - 26/01/20 03:45:31 INFO TaskSetManager: Starting task 6.0 in stage 2.0 (TID 27) (519d7d29de3d, executor driver, partition 6, PROCESS_LOCAL, 8240 bytes)
[2026-01-20T03:45:31.426+0000] {subprocess.py:93} INFO - 26/01/20 03:45:31 INFO TaskSetManager: Starting task 7.0 in stage 2.0 (TID 28) (519d7d29de3d, executor driver, partition 7, PROCESS_LOCAL, 8240 bytes)
[2026-01-20T03:45:31.427+0000] {subprocess.py:93} INFO - 26/01/20 03:45:31 INFO TaskSetManager: Starting task 8.0 in stage 2.0 (TID 29) (519d7d29de3d, executor driver, partition 8, PROCESS_LOCAL, 8240 bytes)
[2026-01-20T03:45:31.428+0000] {subprocess.py:93} INFO - 26/01/20 03:45:31 INFO TaskSetManager: Starting task 9.0 in stage 2.0 (TID 30) (519d7d29de3d, executor driver, partition 9, PROCESS_LOCAL, 8240 bytes)
[2026-01-20T03:45:31.429+0000] {subprocess.py:93} INFO - 26/01/20 03:45:31 INFO TaskSetManager: Starting task 10.0 in stage 2.0 (TID 31) (519d7d29de3d, executor driver, partition 10, PROCESS_LOCAL, 8240 bytes)
[2026-01-20T03:45:31.431+0000] {subprocess.py:93} INFO - 26/01/20 03:45:31 INFO TaskSetManager: Starting task 11.0 in stage 2.0 (TID 32) (519d7d29de3d, executor driver, partition 11, PROCESS_LOCAL, 8240 bytes)
[2026-01-20T03:45:31.432+0000] {subprocess.py:93} INFO - 26/01/20 03:45:31 INFO TaskSetManager: Starting task 12.0 in stage 2.0 (TID 33) (519d7d29de3d, executor driver, partition 12, PROCESS_LOCAL, 8240 bytes)
[2026-01-20T03:45:31.434+0000] {subprocess.py:93} INFO - 26/01/20 03:45:31 INFO Executor: Running task 2.0 in stage 2.0 (TID 23)
[2026-01-20T03:45:31.435+0000] {subprocess.py:93} INFO - 26/01/20 03:45:31 INFO Executor: Running task 1.0 in stage 2.0 (TID 22)
[2026-01-20T03:45:31.437+0000] {subprocess.py:93} INFO - 26/01/20 03:45:31 INFO Executor: Running task 0.0 in stage 2.0 (TID 21)
[2026-01-20T03:45:31.441+0000] {subprocess.py:93} INFO - 26/01/20 03:45:31 INFO Executor: Running task 3.0 in stage 2.0 (TID 24)
[2026-01-20T03:45:31.442+0000] {subprocess.py:93} INFO - 26/01/20 03:45:31 INFO Executor: Running task 4.0 in stage 2.0 (TID 25)
[2026-01-20T03:45:31.443+0000] {subprocess.py:93} INFO - 26/01/20 03:45:31 INFO Executor: Running task 5.0 in stage 2.0 (TID 26)
[2026-01-20T03:45:31.444+0000] {subprocess.py:93} INFO - 26/01/20 03:45:31 INFO Executor: Running task 6.0 in stage 2.0 (TID 27)
[2026-01-20T03:45:31.445+0000] {subprocess.py:93} INFO - 26/01/20 03:45:31 INFO Executor: Running task 7.0 in stage 2.0 (TID 28)
[2026-01-20T03:45:31.446+0000] {subprocess.py:93} INFO - 26/01/20 03:45:31 INFO Executor: Running task 8.0 in stage 2.0 (TID 29)
[2026-01-20T03:45:31.447+0000] {subprocess.py:93} INFO - 26/01/20 03:45:31 INFO Executor: Running task 10.0 in stage 2.0 (TID 31)
[2026-01-20T03:45:31.448+0000] {subprocess.py:93} INFO - 26/01/20 03:45:31 INFO Executor: Running task 9.0 in stage 2.0 (TID 30)
[2026-01-20T03:45:31.448+0000] {subprocess.py:93} INFO - 26/01/20 03:45:31 INFO Executor: Running task 11.0 in stage 2.0 (TID 32)
[2026-01-20T03:45:31.449+0000] {subprocess.py:93} INFO - 26/01/20 03:45:31 INFO MemoryStore: Block broadcast_7 stored as values in memory (estimated size 23.3 KiB, free 433.4 MiB)
[2026-01-20T03:45:31.450+0000] {subprocess.py:93} INFO - 26/01/20 03:45:31 INFO Executor: Running task 12.0 in stage 2.0 (TID 33)
[2026-01-20T03:45:31.451+0000] {subprocess.py:93} INFO - 26/01/20 03:45:31 INFO MemoryStore: Block broadcast_7_piece0 stored as bytes in memory (estimated size 9.7 KiB, free 433.4 MiB)
[2026-01-20T03:45:31.452+0000] {subprocess.py:93} INFO - 26/01/20 03:45:31 INFO BlockManagerInfo: Added broadcast_7_piece0 in memory on 519d7d29de3d:34567 (size: 9.7 KiB, free: 434.2 MiB)
[2026-01-20T03:45:31.453+0000] {subprocess.py:93} INFO - 26/01/20 03:45:31 INFO SparkContext: Created broadcast 7 from broadcast at DAGScheduler.scala:1580
[2026-01-20T03:45:31.454+0000] {subprocess.py:93} INFO - 26/01/20 03:45:31 INFO DAGScheduler: Submitting 8 missing tasks from ShuffleMapStage 3 (MapPartitionsRDD[15] at showString at NativeMethodAccessorImpl.java:0) (first 15 tasks are for partitions Vector(0, 1, 2, 3, 4, 5, 6, 7))
[2026-01-20T03:45:31.455+0000] {subprocess.py:93} INFO - 26/01/20 03:45:31 INFO TaskSchedulerImpl: Adding task set 3.0 with 8 tasks resource profile 0
[2026-01-20T03:45:31.456+0000] {subprocess.py:93} INFO - 26/01/20 03:45:31 INFO TaskSetManager: Starting task 0.0 in stage 3.0 (TID 34) (519d7d29de3d, executor driver, partition 0, PROCESS_LOCAL, 8233 bytes)
[2026-01-20T03:45:31.457+0000] {subprocess.py:93} INFO - 26/01/20 03:45:31 INFO TaskSetManager: Starting task 1.0 in stage 3.0 (TID 35) (519d7d29de3d, executor driver, partition 1, PROCESS_LOCAL, 8233 bytes)
[2026-01-20T03:45:31.457+0000] {subprocess.py:93} INFO - 26/01/20 03:45:31 INFO TaskSetManager: Starting task 2.0 in stage 3.0 (TID 36) (519d7d29de3d, executor driver, partition 2, PROCESS_LOCAL, 8233 bytes)
[2026-01-20T03:45:31.458+0000] {subprocess.py:93} INFO - 26/01/20 03:45:31 INFO TaskSetManager: Starting task 3.0 in stage 3.0 (TID 37) (519d7d29de3d, executor driver, partition 3, PROCESS_LOCAL, 8233 bytes)
[2026-01-20T03:45:31.459+0000] {subprocess.py:93} INFO - 26/01/20 03:45:31 INFO TaskSetManager: Starting task 4.0 in stage 3.0 (TID 38) (519d7d29de3d, executor driver, partition 4, PROCESS_LOCAL, 8233 bytes)
[2026-01-20T03:45:31.460+0000] {subprocess.py:93} INFO - 26/01/20 03:45:31 INFO TaskSetManager: Starting task 5.0 in stage 3.0 (TID 39) (519d7d29de3d, executor driver, partition 5, PROCESS_LOCAL, 8233 bytes)
[2026-01-20T03:45:31.462+0000] {subprocess.py:93} INFO - 26/01/20 03:45:31 INFO TaskSetManager: Starting task 6.0 in stage 3.0 (TID 40) (519d7d29de3d, executor driver, partition 6, PROCESS_LOCAL, 8233 bytes)
[2026-01-20T03:45:31.464+0000] {subprocess.py:93} INFO - 26/01/20 03:45:31 INFO Executor: Running task 0.0 in stage 3.0 (TID 34)
[2026-01-20T03:45:31.465+0000] {subprocess.py:93} INFO - 26/01/20 03:45:31 INFO Executor: Running task 1.0 in stage 3.0 (TID 35)
[2026-01-20T03:45:31.466+0000] {subprocess.py:93} INFO - 26/01/20 03:45:31 INFO Executor: Running task 3.0 in stage 3.0 (TID 37)
[2026-01-20T03:45:31.467+0000] {subprocess.py:93} INFO - 26/01/20 03:45:31 INFO Executor: Running task 2.0 in stage 3.0 (TID 36)
[2026-01-20T03:45:31.468+0000] {subprocess.py:93} INFO - 26/01/20 03:45:31 INFO Executor: Running task 4.0 in stage 3.0 (TID 38)
[2026-01-20T03:45:31.469+0000] {subprocess.py:93} INFO - 26/01/20 03:45:31 INFO Executor: Running task 5.0 in stage 3.0 (TID 39)
[2026-01-20T03:45:31.470+0000] {subprocess.py:93} INFO - 26/01/20 03:45:31 INFO Executor: Running task 6.0 in stage 3.0 (TID 40)
[2026-01-20T03:45:31.486+0000] {subprocess.py:93} INFO - 26/01/20 03:45:31 INFO CodeGenerator: Code generated in 20.569336 ms
[2026-01-20T03:45:31.520+0000] {subprocess.py:93} INFO - 26/01/20 03:45:31 INFO CodeGenerator: Code generated in 17.345149 ms
[2026-01-20T03:45:31.524+0000] {subprocess.py:93} INFO - 26/01/20 03:45:31 INFO CodeGenerator: Code generated in 58.528563 ms
[2026-01-20T03:45:31.547+0000] {subprocess.py:93} INFO - 26/01/20 03:45:31 INFO CodeGenerator: Code generated in 14.360583 ms
[2026-01-20T03:45:31.548+0000] {subprocess.py:93} INFO - 26/01/20 03:45:31 INFO FileScanRDD: Reading File path: file:///opt/spark-data/landing/transaction_events_1768879479.1820476.json, range: 50331648-51561162, partition values: [empty row]
[2026-01-20T03:45:31.549+0000] {subprocess.py:93} INFO - 26/01/20 03:45:31 INFO FileScanRDD: Reading File path: file:///opt/spark-data/landing/user_events_1768879431.2231393.json, range: 16777216-20971520, partition values: [empty row]
[2026-01-20T03:45:31.550+0000] {subprocess.py:93} INFO - 26/01/20 03:45:31 INFO FileScanRDD: Reading File path: file:///opt/spark-data/landing/transaction_events_1768879479.1820476.json, range: 8388608-12582912, partition values: [empty row]
[2026-01-20T03:45:31.551+0000] {subprocess.py:93} INFO - 26/01/20 03:45:31 INFO FileScanRDD: Reading File path: file:///opt/spark-data/landing/transaction_events_1768879479.1820476.json, range: 29360128-33554432, partition values: [empty row]
[2026-01-20T03:45:31.552+0000] {subprocess.py:93} INFO - 26/01/20 03:45:31 INFO FileScanRDD: Reading File path: file:///opt/spark-data/landing/user_events_1768879431.2231393.json, range: 0-4194304, partition values: [empty row]
[2026-01-20T03:45:31.553+0000] {subprocess.py:93} INFO - 26/01/20 03:45:31 INFO FileScanRDD: Reading File path: file:///opt/spark-data/landing/transaction_events_1768879479.1820476.json, range: 12582912-16777216, partition values: [empty row]
[2026-01-20T03:45:31.554+0000] {subprocess.py:93} INFO - 26/01/20 03:45:31 INFO FileScanRDD: Reading File path: file:///opt/spark-data/landing/user_events_1768879431.2231393.json, range: 4194304-8388608, partition values: [empty row]
[2026-01-20T03:45:31.556+0000] {subprocess.py:93} INFO - 26/01/20 03:45:31 INFO FileScanRDD: Reading File path: file:///opt/spark-data/landing/user_events_1768879431.2231393.json, range: 25165824-29360128, partition values: [empty row]
[2026-01-20T03:45:31.565+0000] {subprocess.py:93} INFO - 26/01/20 03:45:31 INFO FileScanRDD: Reading File path: file:///opt/spark-data/landing/user_events_1768879431.2231393.json, range: 20971520-25165824, partition values: [empty row]
[2026-01-20T03:45:31.566+0000] {subprocess.py:93} INFO - 26/01/20 03:45:31 INFO FileScanRDD: Reading File path: file:///opt/spark-data/landing/user_events_1768879431.2231393.json, range: 12582912-16777216, partition values: [empty row]
[2026-01-20T03:45:31.567+0000] {subprocess.py:93} INFO - 26/01/20 03:45:31 INFO FileScanRDD: Reading File path: file:///opt/spark-data/landing/transaction_events_1768879479.1820476.json, range: 16777216-20971520, partition values: [empty row]
[2026-01-20T03:45:31.568+0000] {subprocess.py:93} INFO - 26/01/20 03:45:31 INFO FileScanRDD: Reading File path: file:///opt/spark-data/landing/transaction_events_1768879479.1820476.json, range: 46137344-50331648, partition values: [empty row]
[2026-01-20T03:45:31.570+0000] {subprocess.py:93} INFO - 26/01/20 03:45:31 INFO FileScanRDD: Reading File path: file:///opt/spark-data/landing/transaction_events_1768879479.1820476.json, range: 37748736-41943040, partition values: [empty row]
[2026-01-20T03:45:31.574+0000] {subprocess.py:93} INFO - 26/01/20 03:45:31 INFO FileScanRDD: Reading File path: file:///opt/spark-data/landing/transaction_events_1768879479.1820476.json, range: 4194304-8388608, partition values: [empty row]
[2026-01-20T03:45:31.575+0000] {subprocess.py:93} INFO - 26/01/20 03:45:31 INFO FileScanRDD: Reading File path: file:///opt/spark-data/landing/user_events_1768879431.2231393.json, range: 8388608-12582912, partition values: [empty row]
[2026-01-20T03:45:31.576+0000] {subprocess.py:93} INFO - 26/01/20 03:45:31 INFO FileScanRDD: Reading File path: file:///opt/spark-data/landing/transaction_events_1768879479.1820476.json, range: 33554432-37748736, partition values: [empty row]
[2026-01-20T03:45:31.577+0000] {subprocess.py:93} INFO - 26/01/20 03:45:31 INFO FileScanRDD: Reading File path: file:///opt/spark-data/landing/transaction_events_1768879479.1820476.json, range: 0-4194304, partition values: [empty row]
[2026-01-20T03:45:31.578+0000] {subprocess.py:93} INFO - 26/01/20 03:45:31 INFO FileScanRDD: Reading File path: file:///opt/spark-data/landing/transaction_events_1768879479.1820476.json, range: 25165824-29360128, partition values: [empty row]
[2026-01-20T03:45:31.578+0000] {subprocess.py:93} INFO - 26/01/20 03:45:31 INFO FileScanRDD: Reading File path: file:///opt/spark-data/landing/transaction_events_1768879479.1820476.json, range: 20971520-25165824, partition values: [empty row]
[2026-01-20T03:45:31.579+0000] {subprocess.py:93} INFO - 26/01/20 03:45:31 INFO FileScanRDD: Reading File path: file:///opt/spark-data/landing/transaction_events_1768879479.1820476.json, range: 41943040-46137344, partition values: [empty row]
[2026-01-20T03:45:31.598+0000] {subprocess.py:93} INFO - 26/01/20 03:45:31 INFO CodeGenerator: Code generated in 25.239103 ms
[2026-01-20T03:45:31.608+0000] {subprocess.py:93} INFO - 26/01/20 03:45:31 INFO CodeGenerator: Code generated in 40.592222 ms
[2026-01-20T03:45:31.666+0000] {subprocess.py:93} INFO - 26/01/20 03:45:31 INFO CodeGenerator: Code generated in 5.101098 ms
[2026-01-20T03:45:31.666+0000] {subprocess.py:93} INFO - 26/01/20 03:45:31 INFO CodeGenerator: Code generated in 5.45728 ms
[2026-01-20T03:45:31.676+0000] {subprocess.py:93} INFO - 26/01/20 03:45:31 INFO CodeGenerator: Code generated in 6.583076 ms
[2026-01-20T03:45:31.677+0000] {subprocess.py:93} INFO - 26/01/20 03:45:31 INFO CodeGenerator: Code generated in 6.121491 ms
[2026-01-20T03:45:31.933+0000] {subprocess.py:93} INFO - 26/01/20 03:45:31 INFO BlockManagerInfo: Removed broadcast_3_piece0 on 519d7d29de3d:34567 in memory (size: 7.5 KiB, free: 434.2 MiB)
[2026-01-20T03:45:32.020+0000] {subprocess.py:93} INFO - 26/01/20 03:45:32 INFO BlockManagerInfo: Removed broadcast_2_piece0 on 519d7d29de3d:34567 in memory (size: 34.2 KiB, free: 434.3 MiB)
[2026-01-20T03:45:33.011+0000] {subprocess.py:93} INFO - 26/01/20 03:45:33 INFO BlockManagerInfo: Removed broadcast_0_piece0 on 519d7d29de3d:34567 in memory (size: 34.2 KiB, free: 434.3 MiB)
[2026-01-20T03:45:33.174+0000] {subprocess.py:93} INFO - 26/01/20 03:45:33 INFO BlockManagerInfo: Removed broadcast_1_piece0 on 519d7d29de3d:34567 in memory (size: 7.5 KiB, free: 434.3 MiB)
[2026-01-20T03:45:36.296+0000] {subprocess.py:93} INFO - 26/01/20 03:45:36 INFO Executor: Finished task 12.0 in stage 2.0 (TID 33). 2243 bytes result sent to driver
[2026-01-20T03:45:36.302+0000] {subprocess.py:93} INFO - 26/01/20 03:45:36 INFO TaskSetManager: Starting task 7.0 in stage 3.0 (TID 41) (519d7d29de3d, executor driver, partition 7, PROCESS_LOCAL, 8233 bytes)
[2026-01-20T03:45:36.305+0000] {subprocess.py:93} INFO - 26/01/20 03:45:36 INFO Executor: Running task 7.0 in stage 3.0 (TID 41)
[2026-01-20T03:45:36.307+0000] {subprocess.py:93} INFO - 26/01/20 03:45:36 INFO TaskSetManager: Finished task 12.0 in stage 2.0 (TID 33) in 4887 ms on 519d7d29de3d (executor driver) (1/13)
[2026-01-20T03:45:36.320+0000] {subprocess.py:93} INFO - 26/01/20 03:45:36 INFO FileScanRDD: Reading File path: file:///opt/spark-data/landing/user_events_1768879431.2231393.json, range: 29360128-33532706, partition values: [empty row]
[2026-01-20T03:45:38.984+0000] {subprocess.py:93} INFO - 26/01/20 03:45:38 INFO Executor: Finished task 1.0 in stage 3.0 (TID 35). 2088 bytes result sent to driver
[2026-01-20T03:45:38.993+0000] {subprocess.py:93} INFO - 26/01/20 03:45:38 INFO TaskSetManager: Finished task 1.0 in stage 3.0 (TID 35) in 7551 ms on 519d7d29de3d (executor driver) (1/8)
[2026-01-20T03:45:39.141+0000] {subprocess.py:93} INFO - 26/01/20 03:45:39 INFO Executor: Finished task 5.0 in stage 3.0 (TID 39). 2088 bytes result sent to driver
[2026-01-20T03:45:39.144+0000] {subprocess.py:93} INFO - 26/01/20 03:45:39 INFO TaskSetManager: Finished task 5.0 in stage 3.0 (TID 39) in 7695 ms on 519d7d29de3d (executor driver) (2/8)
[2026-01-20T03:45:39.197+0000] {subprocess.py:93} INFO - 26/01/20 03:45:39 INFO Executor: Finished task 0.0 in stage 3.0 (TID 34). 2131 bytes result sent to driver
[2026-01-20T03:45:39.221+0000] {subprocess.py:93} INFO - 26/01/20 03:45:39 INFO Executor: Finished task 4.0 in stage 3.0 (TID 38). 2131 bytes result sent to driver
[2026-01-20T03:45:39.229+0000] {subprocess.py:93} INFO - 26/01/20 03:45:39 INFO TaskSetManager: Finished task 0.0 in stage 3.0 (TID 34) in 7790 ms on 519d7d29de3d (executor driver) (3/8)
[2026-01-20T03:45:39.233+0000] {subprocess.py:93} INFO - 26/01/20 03:45:39 INFO TaskSetManager: Finished task 4.0 in stage 3.0 (TID 38) in 7787 ms on 519d7d29de3d (executor driver) (4/8)
[2026-01-20T03:45:39.308+0000] {subprocess.py:93} INFO - 26/01/20 03:45:39 INFO Executor: Finished task 6.0 in stage 3.0 (TID 40). 2131 bytes result sent to driver
[2026-01-20T03:45:39.311+0000] {subprocess.py:93} INFO - 26/01/20 03:45:39 INFO TaskSetManager: Finished task 6.0 in stage 3.0 (TID 40) in 7864 ms on 519d7d29de3d (executor driver) (5/8)
[2026-01-20T03:45:39.357+0000] {subprocess.py:93} INFO - 26/01/20 03:45:39 INFO Executor: Finished task 2.0 in stage 3.0 (TID 36). 2131 bytes result sent to driver
[2026-01-20T03:45:39.358+0000] {subprocess.py:93} INFO - 26/01/20 03:45:39 INFO TaskSetManager: Finished task 2.0 in stage 3.0 (TID 36) in 7916 ms on 519d7d29de3d (executor driver) (6/8)
[2026-01-20T03:45:39.446+0000] {subprocess.py:93} INFO - 26/01/20 03:45:39 INFO Executor: Finished task 3.0 in stage 3.0 (TID 37). 2131 bytes result sent to driver
[2026-01-20T03:45:39.447+0000] {subprocess.py:93} INFO - 26/01/20 03:45:39 INFO TaskSetManager: Finished task 3.0 in stage 3.0 (TID 37) in 8004 ms on 519d7d29de3d (executor driver) (7/8)
[2026-01-20T03:45:39.621+0000] {subprocess.py:93} INFO - 26/01/20 03:45:39 INFO Executor: Finished task 8.0 in stage 2.0 (TID 29). 2243 bytes result sent to driver
[2026-01-20T03:45:39.623+0000] {subprocess.py:93} INFO - 26/01/20 03:45:39 INFO TaskSetManager: Finished task 8.0 in stage 2.0 (TID 29) in 8206 ms on 519d7d29de3d (executor driver) (2/13)
[2026-01-20T03:45:39.680+0000] {subprocess.py:93} INFO - 26/01/20 03:45:39 INFO Executor: Finished task 6.0 in stage 2.0 (TID 27). 2243 bytes result sent to driver
[2026-01-20T03:45:39.682+0000] {subprocess.py:93} INFO - 26/01/20 03:45:39 INFO TaskSetManager: Finished task 6.0 in stage 2.0 (TID 27) in 8265 ms on 519d7d29de3d (executor driver) (3/13)
[2026-01-20T03:45:39.693+0000] {subprocess.py:93} INFO - 26/01/20 03:45:39 INFO Executor: Finished task 7.0 in stage 3.0 (TID 41). 2131 bytes result sent to driver
[2026-01-20T03:45:39.694+0000] {subprocess.py:93} INFO - 26/01/20 03:45:39 INFO TaskSetManager: Finished task 7.0 in stage 3.0 (TID 41) in 3393 ms on 519d7d29de3d (executor driver) (8/8)
[2026-01-20T03:45:39.696+0000] {subprocess.py:93} INFO - 26/01/20 03:45:39 INFO TaskSchedulerImpl: Removed TaskSet 3.0, whose tasks have all completed, from pool
[2026-01-20T03:45:39.697+0000] {subprocess.py:93} INFO - 26/01/20 03:45:39 INFO DAGScheduler: ShuffleMapStage 3 (showString at NativeMethodAccessorImpl.java:0) finished in 8.278 s
[2026-01-20T03:45:39.698+0000] {subprocess.py:93} INFO - 26/01/20 03:45:39 INFO DAGScheduler: looking for newly runnable stages
[2026-01-20T03:45:39.699+0000] {subprocess.py:93} INFO - 26/01/20 03:45:39 INFO DAGScheduler: running: Set(ShuffleMapStage 2)
[2026-01-20T03:45:39.700+0000] {subprocess.py:93} INFO - 26/01/20 03:45:39 INFO DAGScheduler: waiting: Set()
[2026-01-20T03:45:39.701+0000] {subprocess.py:93} INFO - 26/01/20 03:45:39 INFO DAGScheduler: failed: Set()
[2026-01-20T03:45:39.713+0000] {subprocess.py:93} INFO - 26/01/20 03:45:39 INFO Executor: Finished task 11.0 in stage 2.0 (TID 32). 2243 bytes result sent to driver
[2026-01-20T03:45:39.714+0000] {subprocess.py:93} INFO - 26/01/20 03:45:39 INFO TaskSetManager: Finished task 11.0 in stage 2.0 (TID 32) in 8296 ms on 519d7d29de3d (executor driver) (4/13)
[2026-01-20T03:45:39.720+0000] {subprocess.py:93} INFO - 26/01/20 03:45:39 INFO Executor: Finished task 2.0 in stage 2.0 (TID 23). 2243 bytes result sent to driver
[2026-01-20T03:45:39.722+0000] {subprocess.py:93} INFO - 26/01/20 03:45:39 INFO TaskSetManager: Finished task 2.0 in stage 2.0 (TID 23) in 8307 ms on 519d7d29de3d (executor driver) (5/13)
[2026-01-20T03:45:39.723+0000] {subprocess.py:93} INFO - 26/01/20 03:45:39 INFO Executor: Finished task 0.0 in stage 2.0 (TID 21). 2243 bytes result sent to driver
[2026-01-20T03:45:39.724+0000] {subprocess.py:93} INFO - 26/01/20 03:45:39 INFO Executor: Finished task 7.0 in stage 2.0 (TID 28). 2243 bytes result sent to driver
[2026-01-20T03:45:39.725+0000] {subprocess.py:93} INFO - 26/01/20 03:45:39 INFO Executor: Finished task 9.0 in stage 2.0 (TID 30). 2243 bytes result sent to driver
[2026-01-20T03:45:39.726+0000] {subprocess.py:93} INFO - 26/01/20 03:45:39 INFO TaskSetManager: Finished task 0.0 in stage 2.0 (TID 21) in 8310 ms on 519d7d29de3d (executor driver) (6/13)
[2026-01-20T03:45:39.727+0000] {subprocess.py:93} INFO - 26/01/20 03:45:39 INFO TaskSetManager: Finished task 7.0 in stage 2.0 (TID 28) in 8307 ms on 519d7d29de3d (executor driver) (7/13)
[2026-01-20T03:45:39.728+0000] {subprocess.py:93} INFO - 26/01/20 03:45:39 INFO TaskSetManager: Finished task 9.0 in stage 2.0 (TID 30) in 8307 ms on 519d7d29de3d (executor driver) (8/13)
[2026-01-20T03:45:39.729+0000] {subprocess.py:93} INFO - 26/01/20 03:45:39 INFO Executor: Finished task 3.0 in stage 2.0 (TID 24). 2243 bytes result sent to driver
[2026-01-20T03:45:39.729+0000] {subprocess.py:93} INFO - 26/01/20 03:45:39 INFO Executor: Finished task 1.0 in stage 2.0 (TID 22). 2243 bytes result sent to driver
[2026-01-20T03:45:39.730+0000] {subprocess.py:93} INFO - 26/01/20 03:45:39 INFO TaskSetManager: Finished task 3.0 in stage 2.0 (TID 24) in 8312 ms on 519d7d29de3d (executor driver) (9/13)
[2026-01-20T03:45:39.731+0000] {subprocess.py:93} INFO - 26/01/20 03:45:39 INFO TaskSetManager: Finished task 1.0 in stage 2.0 (TID 22) in 8312 ms on 519d7d29de3d (executor driver) (10/13)
[2026-01-20T03:45:39.732+0000] {subprocess.py:93} INFO - 26/01/20 03:45:39 INFO Executor: Finished task 4.0 in stage 2.0 (TID 25). 2243 bytes result sent to driver
[2026-01-20T03:45:39.733+0000] {subprocess.py:93} INFO - 26/01/20 03:45:39 INFO Executor: Finished task 10.0 in stage 2.0 (TID 31). 2243 bytes result sent to driver
[2026-01-20T03:45:39.734+0000] {subprocess.py:93} INFO - 26/01/20 03:45:39 INFO Executor: Finished task 5.0 in stage 2.0 (TID 26). 2200 bytes result sent to driver
[2026-01-20T03:45:39.735+0000] {subprocess.py:93} INFO - 26/01/20 03:45:39 INFO TaskSetManager: Finished task 4.0 in stage 2.0 (TID 25) in 8316 ms on 519d7d29de3d (executor driver) (11/13)
[2026-01-20T03:45:39.736+0000] {subprocess.py:93} INFO - 26/01/20 03:45:39 INFO TaskSetManager: Finished task 10.0 in stage 2.0 (TID 31) in 8314 ms on 519d7d29de3d (executor driver) (12/13)
[2026-01-20T03:45:39.737+0000] {subprocess.py:93} INFO - 26/01/20 03:45:39 INFO TaskSetManager: Finished task 5.0 in stage 2.0 (TID 26) in 8317 ms on 519d7d29de3d (executor driver) (13/13)
[2026-01-20T03:45:39.738+0000] {subprocess.py:93} INFO - 26/01/20 03:45:39 INFO TaskSchedulerImpl: Removed TaskSet 2.0, whose tasks have all completed, from pool
[2026-01-20T03:45:39.738+0000] {subprocess.py:93} INFO - 26/01/20 03:45:39 INFO DAGScheduler: ShuffleMapStage 2 (showString at NativeMethodAccessorImpl.java:0) finished in 8.373 s
[2026-01-20T03:45:39.739+0000] {subprocess.py:93} INFO - 26/01/20 03:45:39 INFO DAGScheduler: looking for newly runnable stages
[2026-01-20T03:45:39.740+0000] {subprocess.py:93} INFO - 26/01/20 03:45:39 INFO DAGScheduler: running: Set()
[2026-01-20T03:45:39.740+0000] {subprocess.py:93} INFO - 26/01/20 03:45:39 INFO DAGScheduler: waiting: Set()
[2026-01-20T03:45:39.741+0000] {subprocess.py:93} INFO - 26/01/20 03:45:39 INFO DAGScheduler: failed: Set()
[2026-01-20T03:45:39.788+0000] {subprocess.py:93} INFO - 26/01/20 03:45:39 INFO ShufflePartitionsUtil: For shuffle(0, 1), advisory target size: 67108864, actual target size 4370154, minimum partition size: 1048576
[2026-01-20T03:45:39.902+0000] {subprocess.py:93} INFO - 26/01/20 03:45:39 INFO CodeGenerator: Code generated in 52.697536 ms
[2026-01-20T03:45:39.922+0000] {subprocess.py:93} INFO - 26/01/20 03:45:39 INFO CodeGenerator: Code generated in 14.676455 ms
[2026-01-20T03:45:39.998+0000] {subprocess.py:93} INFO - 26/01/20 03:45:39 INFO CodeGenerator: Code generated in 7.690356 ms
[2026-01-20T03:45:40.042+0000] {subprocess.py:93} INFO - 26/01/20 03:45:40 INFO SparkContext: Starting job: showString at NativeMethodAccessorImpl.java:0
[2026-01-20T03:45:40.046+0000] {subprocess.py:93} INFO - 26/01/20 03:45:40 INFO DAGScheduler: Got job 4 (showString at NativeMethodAccessorImpl.java:0) with 1 output partitions
[2026-01-20T03:45:40.047+0000] {subprocess.py:93} INFO - 26/01/20 03:45:40 INFO DAGScheduler: Final stage: ResultStage 6 (showString at NativeMethodAccessorImpl.java:0)
[2026-01-20T03:45:40.048+0000] {subprocess.py:93} INFO - 26/01/20 03:45:40 INFO DAGScheduler: Parents of final stage: List(ShuffleMapStage 5, ShuffleMapStage 4)
[2026-01-20T03:45:40.050+0000] {subprocess.py:93} INFO - 26/01/20 03:45:40 INFO DAGScheduler: Missing parents: List()
[2026-01-20T03:45:40.052+0000] {subprocess.py:93} INFO - 26/01/20 03:45:40 INFO DAGScheduler: Submitting ResultStage 6 (MapPartitionsRDD[22] at showString at NativeMethodAccessorImpl.java:0), which has no missing parents
[2026-01-20T03:45:40.075+0000] {subprocess.py:93} INFO - 26/01/20 03:45:40 INFO MemoryStore: Block broadcast_8 stored as values in memory (estimated size 88.1 KiB, free 433.8 MiB)
[2026-01-20T03:45:40.091+0000] {subprocess.py:93} INFO - 26/01/20 03:45:40 INFO MemoryStore: Block broadcast_8_piece0 stored as bytes in memory (estimated size 33.7 KiB, free 433.7 MiB)
[2026-01-20T03:45:40.092+0000] {subprocess.py:93} INFO - 26/01/20 03:45:40 INFO BlockManagerInfo: Added broadcast_8_piece0 in memory on 519d7d29de3d:34567 (size: 33.7 KiB, free: 434.3 MiB)
[2026-01-20T03:45:40.093+0000] {subprocess.py:93} INFO - 26/01/20 03:45:40 INFO SparkContext: Created broadcast 8 from broadcast at DAGScheduler.scala:1580
[2026-01-20T03:45:40.094+0000] {subprocess.py:93} INFO - 26/01/20 03:45:40 INFO DAGScheduler: Submitting 1 missing tasks from ResultStage 6 (MapPartitionsRDD[22] at showString at NativeMethodAccessorImpl.java:0) (first 15 tasks are for partitions Vector(0))
[2026-01-20T03:45:40.095+0000] {subprocess.py:93} INFO - 26/01/20 03:45:40 INFO TaskSchedulerImpl: Adding task set 6.0 with 1 tasks resource profile 0
[2026-01-20T03:45:40.107+0000] {subprocess.py:93} INFO - 26/01/20 03:45:40 INFO TaskSetManager: Starting task 0.0 in stage 6.0 (TID 42) (519d7d29de3d, executor driver, partition 0, NODE_LOCAL, 7897 bytes)
[2026-01-20T03:45:40.110+0000] {subprocess.py:93} INFO - 26/01/20 03:45:40 INFO Executor: Running task 0.0 in stage 6.0 (TID 42)
[2026-01-20T03:45:40.219+0000] {subprocess.py:93} INFO - 26/01/20 03:45:40 INFO ShuffleBlockFetcherIterator: Getting 13 (3.4 MiB) non-empty blocks including 13 (3.4 MiB) local and 0 (0.0 B) host-local and 0 (0.0 B) push-merged-local and 0 (0.0 B) remote blocks
[2026-01-20T03:45:40.223+0000] {subprocess.py:93} INFO - 26/01/20 03:45:40 INFO ShuffleBlockFetcherIterator: Started 0 remote fetches in 32 ms
[2026-01-20T03:45:40.252+0000] {subprocess.py:93} INFO - 26/01/20 03:45:40 INFO CodeGenerator: Code generated in 11.967505 ms
[2026-01-20T03:45:40.284+0000] {subprocess.py:93} INFO - 26/01/20 03:45:40 INFO CodeGenerator: Code generated in 20.872026 ms
[2026-01-20T03:45:40.309+0000] {subprocess.py:93} INFO - 26/01/20 03:45:40 INFO CodeGenerator: Code generated in 9.705941 ms
[2026-01-20T03:45:40.333+0000] {subprocess.py:93} INFO - 26/01/20 03:45:40 INFO ShuffleBlockFetcherIterator: Getting 8 (347.8 KiB) non-empty blocks including 8 (347.8 KiB) local and 0 (0.0 B) host-local and 0 (0.0 B) push-merged-local and 0 (0.0 B) remote blocks
[2026-01-20T03:45:40.334+0000] {subprocess.py:93} INFO - 26/01/20 03:45:40 INFO ShuffleBlockFetcherIterator: Started 0 remote fetches in 2 ms
[2026-01-20T03:45:40.346+0000] {subprocess.py:93} INFO - 26/01/20 03:45:40 INFO CodeGenerator: Code generated in 11.30903 ms
[2026-01-20T03:45:40.357+0000] {subprocess.py:93} INFO - 26/01/20 03:45:40 INFO CodeGenerator: Code generated in 6.694141 ms
[2026-01-20T03:45:40.373+0000] {subprocess.py:93} INFO - 26/01/20 03:45:40 INFO CodeGenerator: Code generated in 13.107562 ms
[2026-01-20T03:45:40.431+0000] {subprocess.py:93} INFO - 26/01/20 03:45:40 INFO CodeGenerator: Code generated in 56.10579 ms
[2026-01-20T03:45:40.520+0000] {subprocess.py:93} INFO - 26/01/20 03:45:40 INFO BlockManagerInfo: Removed broadcast_6_piece0 on 519d7d29de3d:34567 in memory (size: 16.6 KiB, free: 434.3 MiB)
[2026-01-20T03:45:40.531+0000] {subprocess.py:93} INFO - 26/01/20 03:45:40 INFO BlockManagerInfo: Removed broadcast_7_piece0 on 519d7d29de3d:34567 in memory (size: 9.7 KiB, free: 434.3 MiB)
[2026-01-20T03:45:40.602+0000] {subprocess.py:93} INFO - 26/01/20 03:45:40 INFO Executor: Finished task 0.0 in stage 6.0 (TID 42). 19058 bytes result sent to driver
[2026-01-20T03:45:40.604+0000] {subprocess.py:93} INFO - 26/01/20 03:45:40 INFO TaskSetManager: Finished task 0.0 in stage 6.0 (TID 42) in 503 ms on 519d7d29de3d (executor driver) (1/1)
[2026-01-20T03:45:40.606+0000] {subprocess.py:93} INFO - 26/01/20 03:45:40 INFO TaskSchedulerImpl: Removed TaskSet 6.0, whose tasks have all completed, from pool
[2026-01-20T03:45:40.608+0000] {subprocess.py:93} INFO - 26/01/20 03:45:40 INFO DAGScheduler: ResultStage 6 (showString at NativeMethodAccessorImpl.java:0) finished in 0.542 s
[2026-01-20T03:45:40.609+0000] {subprocess.py:93} INFO - 26/01/20 03:45:40 INFO DAGScheduler: Job 4 is finished. Cancelling potential speculative or zombie tasks for this job
[2026-01-20T03:45:40.609+0000] {subprocess.py:93} INFO - 26/01/20 03:45:40 INFO TaskSchedulerImpl: Killing all running tasks in stage 6: Stage finished
[2026-01-20T03:45:40.610+0000] {subprocess.py:93} INFO - 26/01/20 03:45:40 INFO DAGScheduler: Job 4 finished: showString at NativeMethodAccessorImpl.java:0, took 0.563718 s
[2026-01-20T03:45:40.642+0000] {subprocess.py:93} INFO - 26/01/20 03:45:40 INFO CodeGenerator: Code generated in 17.910711 ms
[2026-01-20T03:45:40.710+0000] {subprocess.py:93} INFO - +--------------------+--------+--------------------+-----------------------+--------------+--------------------+---------+--------+------+--------------------+--------+--------------------+----------------+--------+--------------------+-------+----------------+-------+-------+----------+--------------------+----------------+---------------+--------------+----------+--------+------------+------------+--------------------+--------+
[2026-01-20T03:45:40.711+0000] {subprocess.py:93} INFO - |     billing_address|currency|          line_items|original_transaction_id|payment_method|    shipping_address|   status|subtotal|   tax|         t_timestamp|   total|      transaction_id|transaction_type| user_id|           line_item|browser|            city|country| device|element_id|            event_id|      event_type|     ip_address|          page|product_id|quantity|search_query|  session_id|           timestamp| user_id|
[2026-01-20T03:45:40.712+0000] {subprocess.py:93} INFO - +--------------------+--------+--------------------+-----------------------+--------------+--------------------+---------+--------+------+--------------------+--------+--------------------+----------------+--------+--------------------+-------+----------------+-------+-------+----------+--------------------+----------------+---------------+--------------+----------+--------+------------+------------+--------------------+--------+
[2026-01-20T03:45:40.712+0000] {subprocess.py:93} INFO - |{South Frank, US,...|     USD|[{SmartChoice, bo...|                   NULL|    google_pay|{Port Michealhave...|completed| 3442.07|316.88|2026-01-19T17:45:...| 3758.95|64d4b4b0-67a8-41d...|        purchase|03658260|{GreenLife, books...| Safari|   Lake Tinaside|     NR| mobile|      NULL|e19e82c8-6c88-466...|     add_to_cart|   106.1.16.192|          home| PROD_2793|       1|        NULL|d9e5754e-9a6|2026-01-19T17:45:...|03658260|
[2026-01-20T03:45:40.713+0000] {subprocess.py:93} INFO - |{Hansenchester, U...|     USD|[{GreenLife, book...|                   NULL|        paypal|{East Jackberg, U...|completed| 2885.36|186.82|2026-01-19T17:45:...| 3072.18|24efb042-1b1e-489...|        purchase|0946a8ef|{GreenLife, sport...|   Edge|     New Amyberg|     IN| tablet|      NULL|dac65b7c-5b09-400...|     add_to_cart|    153.85.3.68|       profile| PROD_1213|       5|        NULL|2803d6b4-d9c|2026-01-19T17:46:...|0946a8ef|
[2026-01-20T03:45:40.714+0000] {subprocess.py:93} INFO - |{Donnahaven, US, ...|     USD|[{ProGear, toys, ...|                   NULL|     apple_pay|{Carlashire, US, ...|   failed| 2356.35|219.89|2026-01-19T17:40:...| 2576.24|a355d4e3-3371-47b...|        purchase|0a835d70|{SportFlex, food,...| Chrome|      Ronaldland|     CN| tablet|      NULL|c03dda27-db6c-435...|     add_to_cart|    48.7.38.196|          help| PROD_1796|       4|        NULL|d8a670e3-e76|2026-01-19T17:40:...|0a835d70|
[2026-01-20T03:45:40.714+0000] {subprocess.py:93} INFO - |{New Antonioton, ...|     USD|[{PremiumPlus, fo...|                   NULL|        paypal|{Debraside, US, D...|   failed|  455.49| 35.86|2026-01-19T17:42:...|  491.35|c63893e1-47ab-4ae...|        purchase|0ab1bc16|{PremiumPlus, foo...| Chrome|        Woodfurt|     LC|desktop|      NULL|64b2f341-8831-410...|remove_from_cart|  130.37.155.10|product_detail| PROD_1120|       2|        NULL|a3e683ec-a89|2026-01-19T17:46:...|0ab1bc16|
[2026-01-20T03:45:40.715+0000] {subprocess.py:93} INFO - |{South Michael, U...|     USD|[{GreenLife, clot...|                   NULL|        paypal|{Davidfort, US, O...|completed|  4872.3|412.15|2026-01-19T17:45:...| 5284.45|9c48a979-bb45-4a4...|        purchase|0c825438|{ValueBest, beaut...|Firefox|   Brookeborough|     IL|desktop|      NULL|186f983b-4f36-4fa...|     add_to_cart|128.105.228.164|          cart| PROD_1497|       2|        NULL|86163fbe-5c2|2026-01-19T17:45:...|0c825438|
[2026-01-20T03:45:40.716+0000] {subprocess.py:93} INFO - |{Jillchester, US,...|     USD|[{EliteChoice, fo...|   0ec940f9-1595-4f8...|     apple_pay|{East James, US, ...|completed| 5972.98|343.59|2026-01-19T17:40:...|-6316.57|9499b56b-3a20-4ea...|      chargeback|0dab448e|{SmartChoice, clo...| Chrome|  East Heidiberg|     IS| tablet|      NULL|d5b326b5-62e5-41c...|     add_to_cart| 141.220.154.47|      products| PROD_1318|       1|        NULL|1fb7fed6-578|2026-01-19T17:42:...|0dab448e|
[2026-01-20T03:45:40.716+0000] {subprocess.py:93} INFO - |{Annaville, US, M...|     USD|[{GreenLife, home...|                   NULL|    debit_card|{Richardmouth, US...|completed| 3951.83|263.36|2026-01-19T17:47:...| 4215.19|84a2e5c6-856c-405...|        purchase|0e5a4669|{SportFlex, food,...|Firefox|   Hendersonfurt|     IN| mobile|      NULL|f071a286-6dd7-47b...|     add_to_cart| 123.241.228.75|       profile| PROD_1847|       1|        NULL|baa8091e-807|2026-01-19T17:43:...|0e5a4669|
[2026-01-20T03:45:40.717+0000] {subprocess.py:93} INFO - |{Port Samanthache...|     USD|[{SportFlex, food...|                   NULL| bank_transfer|{Lake Jennifer, U...|cancelled|  2144.5|209.99|2026-01-19T17:47:...| 2354.49|6d1ad735-64a1-4b9...|        purchase|0e5a4669|{SportFlex, food,...|Firefox|   Hendersonfurt|     IN| mobile|      NULL|f071a286-6dd7-47b...|     add_to_cart| 123.241.228.75|       profile| PROD_1847|       1|        NULL|baa8091e-807|2026-01-19T17:43:...|0e5a4669|
[2026-01-20T03:45:40.717+0000] {subprocess.py:93} INFO - |{Port Erika, US, ...|     USD|[{EliteChoice, to...|                   NULL|    google_pay|{New Samantha, US...|completed| 3173.85|238.61|2026-01-19T17:47:...| 3412.46|81abec6a-aff8-48d...|        purchase|10296a92|{EliteChoice, toy...| Chrome|West Melissastad|     NO| tablet|      NULL|344df5d0-a6b0-43a...|     add_to_cart|    4.114.98.69|       profile| PROD_2119|       5|        NULL|14dea1cc-99d|2026-01-19T17:47:...|10296a92|
[2026-01-20T03:45:40.717+0000] {subprocess.py:93} INFO - |{Westberg, US, FL...|     USD|[{TechPro, clothi...|                   NULL|     apple_pay|{Meganburgh, US, ...|completed|  4845.1|361.45|2026-01-19T17:40:...| 5206.55|67768b67-a70a-43d...|        purchase|1352bade|{SmartChoice, bea...|   Edge|       Chenshire|     ER| tablet|      NULL|4ff1d144-a456-409...|remove_from_cart|  51.20.208.104|      settings| PROD_2337|       2|        NULL|173f674b-4fb|2026-01-19T17:40:...|1352bade|
[2026-01-20T03:45:40.718+0000] {subprocess.py:93} INFO - |{West Mirandatown...|     USD|[{TechPro, books,...|                   NULL|        paypal|{Nancyborough, US...|completed|   496.2| 40.06|2026-01-19T17:45:...|  536.26|1f95fcb3-5a5a-47c...|        purchase|184a71af|{GreenLife, food,...|   Edge|     Parrishberg|     AT| mobile|      NULL|d6976a73-a50b-436...|     add_to_cart|  80.14.166.198|          cart| PROD_2547|       4|        NULL|b259a546-1d4|2026-01-19T17:42:...|184a71af|
[2026-01-20T03:45:40.719+0000] {subprocess.py:93} INFO - |{Cooperside, US, ...|     USD|[{SportFlex, food...|                   NULL|    google_pay|{Jakefurt, US, TN...|completed| 3689.25|368.04|2026-01-19T17:46:...| 4057.29|8965abfb-96bd-4ce...|        purchase|1884bd2b|{SportFlex, food,...| Chrome|       Fordburgh|     BJ|desktop|      NULL|61ff8145-3b9d-4c3...|     add_to_cart|188.102.143.185|      checkout| PROD_1859|       5|        NULL|4d5bcc2e-da9|2026-01-19T17:41:...|1884bd2b|
[2026-01-20T03:45:40.719+0000] {subprocess.py:93} INFO - |{Emilyport, US, S...|     USD|[{SmartChoice, be...|   7b1ba296-7695-45e...|   credit_card|{Terribury, US, O...|completed|  535.29| 44.84|2026-01-19T17:47:...| -580.13|a55971f3-3cac-4de...|          refund|1898814b|{SportFlex, food,...|   Edge|       Smithfurt|     SG|desktop|      NULL|e8817124-9619-4e4...|remove_from_cart| 107.194.228.28|          cart| PROD_1154|       1|        NULL|bff6aa13-0c3|2026-01-19T17:43:...|1898814b|
[2026-01-20T03:45:40.720+0000] {subprocess.py:93} INFO - |{Deannatown, US, ...|     USD|[{StyleCo, clothi...|                   NULL|    google_pay|{Medinabury, US, ...|completed| 1811.18|149.55|2026-01-19T17:44:...| 1960.73|3d68b145-ebe0-4ab...|        purchase|1925a42f|{SportFlex, books...| Chrome|        Rothfurt|     TJ| tablet|      NULL|85f8539a-2aab-434...|     add_to_cart| 61.139.194.113|product_detail| PROD_2357|       3|        NULL|14363baa-43e|2026-01-19T17:44:...|1925a42f|
[2026-01-20T03:45:40.720+0000] {subprocess.py:93} INFO - |{Millerborough, U...|     USD|[{SmartChoice, sp...|   ef668bb6-c4da-44f...| bank_transfer|{Stephensmouth, U...|completed|  659.61| 41.92|2026-01-19T17:45:...| -701.53|cc7c1756-b050-4b1...|          refund|1afaeca9|{SmartChoice, spo...|   Edge|      Lewisburgh|     MV| mobile|      NULL|f609c567-91a5-450...|     add_to_cart| 136.194.177.12|product_detail| PROD_1470|       2|        NULL|01ea56d1-bd2|2026-01-19T17:47:...|1afaeca9|
[2026-01-20T03:45:40.721+0000] {subprocess.py:93} INFO - |{Mckenziechester,...|     USD|[{GreenLife, book...|                   NULL|    debit_card|{Bradleyberg, US,...|completed| 1278.74| 108.2|2026-01-19T17:41:...| 1386.94|a67f115b-6674-4ad...|        purchase|1b1b020b|{SportFlex, elect...|   Edge|      Kaiserfort|     IS| tablet|      NULL|ccd70d73-0f0e-447...|remove_from_cart|    89.15.54.10|       profile| PROD_1976|       1|        NULL|e27ce892-715|2026-01-19T17:43:...|1b1b020b|
[2026-01-20T03:45:40.721+0000] {subprocess.py:93} INFO - |{Carrollview, US,...|     USD|[{TechPro, toys, ...|                   NULL|    google_pay|{Andersonshire, U...|completed| 1417.74| 96.73|2026-01-19T17:39:...| 1514.47|32e73ca0-1799-4b9...|        purchase|1bdb4efe|{ProGear, food, P...| Safari|     Mirandaport|     ER| tablet|      NULL|67eff63f-30a1-42d...|     add_to_cart|   5.142.36.100|          home| PROD_2058|       3|        NULL|d01104ec-b24|2026-01-19T17:43:...|1bdb4efe|
[2026-01-20T03:45:40.722+0000] {subprocess.py:93} INFO - |{West Jeremy, US,...|     USD|[{HomeMax, sports...|                   NULL|     apple_pay|{Lake Kenneth, US...|completed|  540.89| 32.56|2026-01-19T17:39:...|  573.45|d0eb7c98-885b-4ad...|        purchase|1cb2e55a|{HomeMax, electro...| Safari|      West James|     EC| tablet|      NULL|92ff9440-d0a1-454...|     add_to_cart|   215.0.245.60|      settings| PROD_2988|       1|        NULL|a01c21a8-5fd|2026-01-19T17:40:...|1cb2e55a|
[2026-01-20T03:45:40.722+0000] {subprocess.py:93} INFO - |{Lake Kirk, US, A...|     USD|[{HomeMax, electr...|                   NULL|        paypal|{Amyview, US, IN,...|completed|  363.32| 22.77|2026-01-19T17:44:...|  386.09|8a6b64e7-c540-40b...|        purchase|1cb2e55a|{HomeMax, electro...| Safari|      West James|     EC| tablet|      NULL|92ff9440-d0a1-454...|     add_to_cart|   215.0.245.60|      settings| PROD_2988|       1|        NULL|a01c21a8-5fd|2026-01-19T17:40:...|1cb2e55a|
[2026-01-20T03:45:40.722+0000] {subprocess.py:93} INFO - |{Jennifershire, U...|     USD|[{PremiumPlus, el...|                   NULL|    debit_card|{Port Andrehaven,...|completed| 3350.46|317.77|2026-01-19T17:46:...| 3668.23|83009c3e-f278-47f...|        purchase|25615f4f|{TechPro, food, P...|Firefox|     Robertburgh|     SG| mobile|      NULL|262952a8-8526-4f0...|     add_to_cart| 79.105.156.242|      checkout| PROD_2533|       3|        NULL|808c1f50-a24|2026-01-19T17:44:...|25615f4f|
[2026-01-20T03:45:40.723+0000] {subprocess.py:93} INFO - +--------------------+--------+--------------------+-----------------------+--------------+--------------------+---------+--------+------+--------------------+--------+--------------------+----------------+--------+--------------------+-------+----------------+-------+-------+----------+--------------------+----------------+---------------+--------------+----------+--------+------------+------------+--------------------+--------+
[2026-01-20T03:45:40.723+0000] {subprocess.py:93} INFO - only showing top 20 rows
[2026-01-20T03:45:40.724+0000] {subprocess.py:93} INFO - 
[2026-01-20T03:45:40.724+0000] {subprocess.py:93} INFO - None
[2026-01-20T03:45:40.901+0000] {subprocess.py:93} INFO - Traceback (most recent call last):
[2026-01-20T03:45:40.902+0000] {subprocess.py:93} INFO -   File "/opt/spark-jobs/etl_job.py", line 164, in <module>
[2026-01-20T03:45:40.905+0000] {subprocess.py:93} INFO -     run_etl(spark,'/opt/spark-data/landing', '/opt/spark-data/gold')
[2026-01-20T03:45:40.906+0000] {subprocess.py:93} INFO -   File "/opt/spark-jobs/etl_job.py", line 150, in run_etl
[2026-01-20T03:45:40.908+0000] {subprocess.py:93} INFO -     advertising_gold_zone(spark,df_topic_transaction,df_topic_user,output_path)
[2026-01-20T03:45:40.909+0000] {subprocess.py:93} INFO -   File "/opt/spark-jobs/etl_job.py", line 66, in advertising_gold_zone
[2026-01-20T03:45:40.911+0000] {subprocess.py:93} INFO -     .select("products","browser",
[2026-01-20T03:45:40.912+0000] {subprocess.py:93} INFO -   File "/opt/spark/python/lib/pyspark.zip/pyspark/sql/dataframe.py", line 3223, in select
[2026-01-20T03:45:40.913+0000] {subprocess.py:93} INFO -   File "/opt/spark/python/lib/py4j-0.10.9.7-src.zip/py4j/java_gateway.py", line 1322, in __call__
[2026-01-20T03:45:40.914+0000] {subprocess.py:93} INFO -   File "/opt/spark/python/lib/pyspark.zip/pyspark/errors/exceptions/captured.py", line 185, in deco
[2026-01-20T03:45:40.921+0000] {subprocess.py:93} INFO - pyspark.errors.exceptions.captured.AnalysisException: [UNRESOLVED_COLUMN.WITH_SUGGESTION] A column or function parameter with name `products` cannot be resolved. Did you mean one of the following? [`user`.`city`, `user`.`device`, `user`.`page`, `user`.`product_id`, `user`.`country`].;
[2026-01-20T03:45:40.922+0000] {subprocess.py:93} INFO - 'Project ['products, browser#44, user_id#21, t_timestamp#92, device#47, shipping_address#13.state AS state#320, shipping_address#13.city AS city#321, shipping_address#13.country AS country#322]
[2026-01-20T03:45:40.923+0000] {subprocess.py:93} INFO - +- Join Inner, ((user_id#58 = user_id#21) AND (product_id#53 = line_item#75.product_id))
[2026-01-20T03:45:40.923+0000] {subprocess.py:93} INFO -    :- SubqueryAlias transaction
[2026-01-20T03:45:40.924+0000] {subprocess.py:93} INFO -    :  +- Project [billing_address#8, currency#9, line_items#10, original_transaction_id#11, payment_method#12, shipping_address#13, status#14, subtotal#15, tax#16, timestamp#17 AS t_timestamp#92, total#18, transaction_id#19, transaction_type#20, user_id#21, line_item#75]
[2026-01-20T03:45:40.925+0000] {subprocess.py:93} INFO -    :     +- Project [billing_address#8, currency#9, line_items#10, original_transaction_id#11, payment_method#12, shipping_address#13, status#14, subtotal#15, tax#16, timestamp#17, total#18, transaction_id#19, transaction_type#20, user_id#21, line_item#75]
[2026-01-20T03:45:40.925+0000] {subprocess.py:93} INFO -    :        +- Generate explode(line_items#10), false, [line_item#75]
[2026-01-20T03:45:40.926+0000] {subprocess.py:93} INFO -    :           +- Relation [billing_address#8,currency#9,line_items#10,original_transaction_id#11,payment_method#12,shipping_address#13,status#14,subtotal#15,tax#16,timestamp#17,total#18,transaction_id#19,transaction_type#20,user_id#21] json
[2026-01-20T03:45:40.926+0000] {subprocess.py:93} INFO -    +- SubqueryAlias user
[2026-01-20T03:45:40.927+0000] {subprocess.py:93} INFO -       +- Relation [browser#44,city#45,country#46,device#47,element_id#48,event_id#49,event_type#50,ip_address#51,page#52,product_id#53,quantity#54L,search_query#55,session_id#56,timestamp#57,user_id#58] json
[2026-01-20T03:45:40.927+0000] {subprocess.py:93} INFO - 
[2026-01-20T03:45:40.988+0000] {subprocess.py:93} INFO - 26/01/20 03:45:40 INFO SparkContext: Invoking stop() from shutdown hook
[2026-01-20T03:45:40.989+0000] {subprocess.py:93} INFO - 26/01/20 03:45:40 INFO SparkContext: SparkContext is stopping with exitCode 0.
[2026-01-20T03:45:41.008+0000] {subprocess.py:93} INFO - 26/01/20 03:45:41 INFO SparkUI: Stopped Spark web UI at http://519d7d29de3d:4040
[2026-01-20T03:45:41.030+0000] {subprocess.py:93} INFO - 26/01/20 03:45:41 INFO MapOutputTrackerMasterEndpoint: MapOutputTrackerMasterEndpoint stopped!
[2026-01-20T03:45:41.082+0000] {subprocess.py:93} INFO - 26/01/20 03:45:41 INFO MemoryStore: MemoryStore cleared
[2026-01-20T03:45:41.084+0000] {subprocess.py:93} INFO - 26/01/20 03:45:41 INFO BlockManager: BlockManager stopped
[2026-01-20T03:45:41.089+0000] {subprocess.py:93} INFO - 26/01/20 03:45:41 INFO BlockManagerMaster: BlockManagerMaster stopped
[2026-01-20T03:45:41.093+0000] {subprocess.py:93} INFO - 26/01/20 03:45:41 INFO OutputCommitCoordinator$OutputCommitCoordinatorEndpoint: OutputCommitCoordinator stopped!
[2026-01-20T03:45:41.112+0000] {subprocess.py:93} INFO - 26/01/20 03:45:41 INFO SparkContext: Successfully stopped SparkContext
[2026-01-20T03:45:41.113+0000] {subprocess.py:93} INFO - 26/01/20 03:45:41 INFO ShutdownHookManager: Shutdown hook called
[2026-01-20T03:45:41.113+0000] {subprocess.py:93} INFO - 26/01/20 03:45:41 INFO ShutdownHookManager: Deleting directory /tmp/spark-48f5e5aa-46e2-4865-aff2-e2fec5b247a5
[2026-01-20T03:45:41.120+0000] {subprocess.py:93} INFO - 26/01/20 03:45:41 INFO ShutdownHookManager: Deleting directory /tmp/spark-b7b44a52-0746-4e22-9b8a-21f31cfdaabb
[2026-01-20T03:45:41.131+0000] {subprocess.py:93} INFO - 26/01/20 03:45:41 INFO ShutdownHookManager: Deleting directory /tmp/spark-48f5e5aa-46e2-4865-aff2-e2fec5b247a5/pyspark-66d9e93a-8ee6-4a97-a963-d599b89ed4a1
[2026-01-20T03:45:41.246+0000] {subprocess.py:97} INFO - Command exited with return code 1
[2026-01-20T03:45:41.269+0000] {taskinstance.py:2698} ERROR - Task failed with exception
Traceback (most recent call last):
  File "/home/airflow/.local/lib/python3.10/site-packages/airflow/models/taskinstance.py", line 433, in _execute_task
    result = execute_callable(context=context, **execute_callable_kwargs)
  File "/home/airflow/.local/lib/python3.10/site-packages/airflow/operators/bash.py", line 212, in execute
    raise AirflowException(
airflow.exceptions.AirflowException: Bash command failed. The command returned a non-zero exit code 1.
[2026-01-20T03:45:41.278+0000] {taskinstance.py:1138} INFO - Marking task as FAILED. dag_id=streamflow_main, task_id=Spark_Submit, execution_date=20260120T034513, start_date=20260120T034517, end_date=20260120T034541
[2026-01-20T03:45:41.304+0000] {standard_task_runner.py:107} ERROR - Failed to execute job 6 for task Spark_Submit (Bash command failed. The command returned a non-zero exit code 1.; 1556)
[2026-01-20T03:45:41.350+0000] {local_task_job_runner.py:234} INFO - Task exited with return code 1
[2026-01-20T03:45:41.385+0000] {taskinstance.py:3280} INFO - 0 downstream tasks scheduled from follow-on schedule check
