[2026-01-20T05:15:10.134+0000] {taskinstance.py:1956} INFO - Dependencies all met for dep_context=non-requeueable deps ti=<TaskInstance: streamflow_main.Spark_Submit manual__2026-01-20T05:15:08.638110+00:00 [queued]>
[2026-01-20T05:15:10.144+0000] {taskinstance.py:1956} INFO - Dependencies all met for dep_context=requeueable deps ti=<TaskInstance: streamflow_main.Spark_Submit manual__2026-01-20T05:15:08.638110+00:00 [queued]>
[2026-01-20T05:15:10.144+0000] {taskinstance.py:2170} INFO - Starting attempt 1 of 1
[2026-01-20T05:15:10.161+0000] {taskinstance.py:2191} INFO - Executing <Task(BashOperator): Spark_Submit> on 2026-01-20 05:15:08.638110+00:00
[2026-01-20T05:15:10.165+0000] {standard_task_runner.py:60} INFO - Started process 12078 to run task
[2026-01-20T05:15:10.168+0000] {standard_task_runner.py:87} INFO - Running: ['***', 'tasks', 'run', 'streamflow_main', 'Spark_Submit', 'manual__2026-01-20T05:15:08.638110+00:00', '--job-id', '26', '--raw', '--subdir', 'DAGS_FOLDER/dag_streamflow.py', '--cfg-path', '/tmp/tmphf6t3z49']
[2026-01-20T05:15:10.171+0000] {standard_task_runner.py:88} INFO - Job 26: Subtask Spark_Submit
[2026-01-20T05:15:10.228+0000] {task_command.py:423} INFO - Running <TaskInstance: streamflow_main.Spark_Submit manual__2026-01-20T05:15:08.638110+00:00 [running]> on host 519d7d29de3d
[2026-01-20T05:15:10.332+0000] {taskinstance.py:2480} INFO - Exporting env vars: AIRFLOW_CTX_DAG_OWNER='student' AIRFLOW_CTX_DAG_ID='streamflow_main' AIRFLOW_CTX_TASK_ID='Spark_Submit' AIRFLOW_CTX_EXECUTION_DATE='2026-01-20T05:15:08.638110+00:00' AIRFLOW_CTX_TRY_NUMBER='1' AIRFLOW_CTX_DAG_RUN_ID='manual__2026-01-20T05:15:08.638110+00:00'
[2026-01-20T05:15:10.334+0000] {subprocess.py:63} INFO - Tmp dir root location: /tmp
[2026-01-20T05:15:10.336+0000] {subprocess.py:75} INFO - Running command: ['/usr/bin/bash', '-c', '\n            spark-submit                 --master spark://spark-master:7077                 /opt/spark-jobs/etl_job.py\n        ']
[2026-01-20T05:15:10.345+0000] {subprocess.py:86} INFO - Output:
[2026-01-20T05:15:10.353+0000] {subprocess.py:93} INFO - /opt/spark/bin/load-spark-env.sh: line 68: ps: command not found
[2026-01-20T05:15:14.794+0000] {subprocess.py:93} INFO - 26/01/20 05:15:14 INFO SparkContext: Running Spark version 3.5.0
[2026-01-20T05:15:14.795+0000] {subprocess.py:93} INFO - 26/01/20 05:15:14 INFO SparkContext: OS info Linux, 5.15.167.4-microsoft-standard-WSL2, amd64
[2026-01-20T05:15:14.796+0000] {subprocess.py:93} INFO - 26/01/20 05:15:14 INFO SparkContext: Java version 17.0.17
[2026-01-20T05:15:14.841+0000] {subprocess.py:93} INFO - 26/01/20 05:15:14 WARN NativeCodeLoader: Unable to load native-hadoop library for your platform... using builtin-java classes where applicable
[2026-01-20T05:15:14.914+0000] {subprocess.py:93} INFO - 26/01/20 05:15:14 INFO ResourceUtils: ==============================================================
[2026-01-20T05:15:14.915+0000] {subprocess.py:93} INFO - 26/01/20 05:15:14 INFO ResourceUtils: No custom resources configured for spark.driver.
[2026-01-20T05:15:14.916+0000] {subprocess.py:93} INFO - 26/01/20 05:15:14 INFO ResourceUtils: ==============================================================
[2026-01-20T05:15:14.916+0000] {subprocess.py:93} INFO - 26/01/20 05:15:14 INFO SparkContext: Submitted application: ETL_job
[2026-01-20T05:15:14.931+0000] {subprocess.py:93} INFO - 26/01/20 05:15:14 INFO ResourceProfile: Default ResourceProfile created, executor resources: Map(cores -> name: cores, amount: 1, script: , vendor: , memory -> name: memory, amount: 1024, script: , vendor: , offHeap -> name: offHeap, amount: 0, script: , vendor: ), task resources: Map(cpus -> name: cpus, amount: 1.0)
[2026-01-20T05:15:14.938+0000] {subprocess.py:93} INFO - 26/01/20 05:15:14 INFO ResourceProfile: Limiting resource is cpu
[2026-01-20T05:15:14.939+0000] {subprocess.py:93} INFO - 26/01/20 05:15:14 INFO ResourceProfileManager: Added ResourceProfile id: 0
[2026-01-20T05:15:14.981+0000] {subprocess.py:93} INFO - 26/01/20 05:15:14 INFO SecurityManager: Changing view acls to: root
[2026-01-20T05:15:14.981+0000] {subprocess.py:93} INFO - 26/01/20 05:15:14 INFO SecurityManager: Changing modify acls to: root
[2026-01-20T05:15:14.983+0000] {subprocess.py:93} INFO - 26/01/20 05:15:14 INFO SecurityManager: Changing view acls groups to:
[2026-01-20T05:15:14.983+0000] {subprocess.py:93} INFO - 26/01/20 05:15:14 INFO SecurityManager: Changing modify acls groups to:
[2026-01-20T05:15:14.984+0000] {subprocess.py:93} INFO - 26/01/20 05:15:14 INFO SecurityManager: SecurityManager: authentication disabled; ui acls disabled; users with view permissions: root; groups with view permissions: EMPTY; users with modify permissions: root; groups with modify permissions: EMPTY
[2026-01-20T05:15:15.196+0000] {subprocess.py:93} INFO - 26/01/20 05:15:15 INFO Utils: Successfully started service 'sparkDriver' on port 42769.
[2026-01-20T05:15:15.222+0000] {subprocess.py:93} INFO - 26/01/20 05:15:15 INFO SparkEnv: Registering MapOutputTracker
[2026-01-20T05:15:15.253+0000] {subprocess.py:93} INFO - 26/01/20 05:15:15 INFO SparkEnv: Registering BlockManagerMaster
[2026-01-20T05:15:15.266+0000] {subprocess.py:93} INFO - 26/01/20 05:15:15 INFO BlockManagerMasterEndpoint: Using org.apache.spark.storage.DefaultTopologyMapper for getting topology information
[2026-01-20T05:15:15.266+0000] {subprocess.py:93} INFO - 26/01/20 05:15:15 INFO BlockManagerMasterEndpoint: BlockManagerMasterEndpoint up
[2026-01-20T05:15:15.269+0000] {subprocess.py:93} INFO - 26/01/20 05:15:15 INFO SparkEnv: Registering BlockManagerMasterHeartbeat
[2026-01-20T05:15:15.285+0000] {subprocess.py:93} INFO - 26/01/20 05:15:15 INFO DiskBlockManager: Created local directory at /tmp/blockmgr-9d5ed58f-91da-4dd9-bd6a-cabca05c15ca
[2026-01-20T05:15:15.297+0000] {subprocess.py:93} INFO - 26/01/20 05:15:15 INFO MemoryStore: MemoryStore started with capacity 434.4 MiB
[2026-01-20T05:15:15.314+0000] {subprocess.py:93} INFO - 26/01/20 05:15:15 INFO SparkEnv: Registering OutputCommitCoordinator
[2026-01-20T05:15:15.429+0000] {subprocess.py:93} INFO - 26/01/20 05:15:15 INFO JettyUtils: Start Jetty 0.0.0.0:4040 for SparkUI
[2026-01-20T05:15:15.477+0000] {subprocess.py:93} INFO - 26/01/20 05:15:15 INFO Utils: Successfully started service 'SparkUI' on port 4040.
[2026-01-20T05:15:15.568+0000] {subprocess.py:93} INFO - 26/01/20 05:15:15 INFO Executor: Starting executor ID driver on host 519d7d29de3d
[2026-01-20T05:15:15.568+0000] {subprocess.py:93} INFO - 26/01/20 05:15:15 INFO Executor: OS info Linux, 5.15.167.4-microsoft-standard-WSL2, amd64
[2026-01-20T05:15:15.569+0000] {subprocess.py:93} INFO - 26/01/20 05:15:15 INFO Executor: Java version 17.0.17
[2026-01-20T05:15:15.574+0000] {subprocess.py:93} INFO - 26/01/20 05:15:15 INFO Executor: Starting executor with user classpath (userClassPathFirst = false): ''
[2026-01-20T05:15:15.575+0000] {subprocess.py:93} INFO - 26/01/20 05:15:15 INFO Executor: Created or updated repl class loader org.apache.spark.util.MutableURLClassLoader@272584ff for default.
[2026-01-20T05:15:15.593+0000] {subprocess.py:93} INFO - 26/01/20 05:15:15 INFO Utils: Successfully started service 'org.apache.spark.network.netty.NettyBlockTransferService' on port 36181.
[2026-01-20T05:15:15.594+0000] {subprocess.py:93} INFO - 26/01/20 05:15:15 INFO NettyBlockTransferService: Server created on 519d7d29de3d:36181
[2026-01-20T05:15:15.595+0000] {subprocess.py:93} INFO - 26/01/20 05:15:15 INFO BlockManager: Using org.apache.spark.storage.RandomBlockReplicationPolicy for block replication policy
[2026-01-20T05:15:15.599+0000] {subprocess.py:93} INFO - 26/01/20 05:15:15 INFO BlockManagerMaster: Registering BlockManager BlockManagerId(driver, 519d7d29de3d, 36181, None)
[2026-01-20T05:15:15.602+0000] {subprocess.py:93} INFO - 26/01/20 05:15:15 INFO BlockManagerMasterEndpoint: Registering block manager 519d7d29de3d:36181 with 434.4 MiB RAM, BlockManagerId(driver, 519d7d29de3d, 36181, None)
[2026-01-20T05:15:15.604+0000] {subprocess.py:93} INFO - 26/01/20 05:15:15 INFO BlockManagerMaster: Registered BlockManager BlockManagerId(driver, 519d7d29de3d, 36181, None)
[2026-01-20T05:15:15.605+0000] {subprocess.py:93} INFO - 26/01/20 05:15:15 INFO BlockManager: Initialized BlockManager: BlockManagerId(driver, 519d7d29de3d, 36181, None)
[2026-01-20T05:15:15.947+0000] {subprocess.py:93} INFO - 26/01/20 05:15:15 INFO SharedState: Setting hive.metastore.warehouse.dir ('null') to the value of spark.sql.warehouse.dir.
[2026-01-20T05:15:15.954+0000] {subprocess.py:93} INFO - 26/01/20 05:15:15 INFO SharedState: Warehouse path is 'file:/tmp/***tmpq79p21ju/spark-warehouse'.
[2026-01-20T05:15:16.689+0000] {subprocess.py:93} INFO - 26/01/20 05:15:16 INFO InMemoryFileIndex: It took 45 ms to list leaf files for 1 paths.
[2026-01-20T05:15:16.766+0000] {subprocess.py:93} INFO - 26/01/20 05:15:16 INFO InMemoryFileIndex: It took 10 ms to list leaf files for 1 paths.
[2026-01-20T05:15:18.334+0000] {subprocess.py:93} INFO - 26/01/20 05:15:18 INFO FileSourceStrategy: Pushed Filters:
[2026-01-20T05:15:18.344+0000] {subprocess.py:93} INFO - 26/01/20 05:15:18 INFO FileSourceStrategy: Post-Scan Filters:
[2026-01-20T05:15:18.527+0000] {subprocess.py:93} INFO - 26/01/20 05:15:18 INFO MemoryStore: Block broadcast_0 stored as values in memory (estimated size 199.2 KiB, free 434.2 MiB)
[2026-01-20T05:15:18.585+0000] {subprocess.py:93} INFO - 26/01/20 05:15:18 INFO MemoryStore: Block broadcast_0_piece0 stored as bytes in memory (estimated size 34.2 KiB, free 434.2 MiB)
[2026-01-20T05:15:18.589+0000] {subprocess.py:93} INFO - 26/01/20 05:15:18 INFO BlockManagerInfo: Added broadcast_0_piece0 in memory on 519d7d29de3d:36181 (size: 34.2 KiB, free: 434.4 MiB)
[2026-01-20T05:15:18.595+0000] {subprocess.py:93} INFO - 26/01/20 05:15:18 INFO SparkContext: Created broadcast 0 from json at NativeMethodAccessorImpl.java:0
[2026-01-20T05:15:18.609+0000] {subprocess.py:93} INFO - 26/01/20 05:15:18 INFO FileSourceScanExec: Planning scan with bin packing, max size: 4194304 bytes, open cost is considered as scanning 4194304 bytes.
[2026-01-20T05:15:18.775+0000] {subprocess.py:93} INFO - 26/01/20 05:15:18 INFO SparkContext: Starting job: json at NativeMethodAccessorImpl.java:0
[2026-01-20T05:15:18.794+0000] {subprocess.py:93} INFO - 26/01/20 05:15:18 INFO DAGScheduler: Got job 0 (json at NativeMethodAccessorImpl.java:0) with 13 output partitions
[2026-01-20T05:15:18.795+0000] {subprocess.py:93} INFO - 26/01/20 05:15:18 INFO DAGScheduler: Final stage: ResultStage 0 (json at NativeMethodAccessorImpl.java:0)
[2026-01-20T05:15:18.795+0000] {subprocess.py:93} INFO - 26/01/20 05:15:18 INFO DAGScheduler: Parents of final stage: List()
[2026-01-20T05:15:18.797+0000] {subprocess.py:93} INFO - 26/01/20 05:15:18 INFO DAGScheduler: Missing parents: List()
[2026-01-20T05:15:18.801+0000] {subprocess.py:93} INFO - 26/01/20 05:15:18 INFO DAGScheduler: Submitting ResultStage 0 (MapPartitionsRDD[3] at json at NativeMethodAccessorImpl.java:0), which has no missing parents
[2026-01-20T05:15:18.893+0000] {subprocess.py:93} INFO - 26/01/20 05:15:18 INFO MemoryStore: Block broadcast_1 stored as values in memory (estimated size 16.0 KiB, free 434.2 MiB)
[2026-01-20T05:15:18.900+0000] {subprocess.py:93} INFO - 26/01/20 05:15:18 INFO MemoryStore: Block broadcast_1_piece0 stored as bytes in memory (estimated size 7.5 KiB, free 434.1 MiB)
[2026-01-20T05:15:18.901+0000] {subprocess.py:93} INFO - 26/01/20 05:15:18 INFO BlockManagerInfo: Added broadcast_1_piece0 in memory on 519d7d29de3d:36181 (size: 7.5 KiB, free: 434.4 MiB)
[2026-01-20T05:15:18.902+0000] {subprocess.py:93} INFO - 26/01/20 05:15:18 INFO SparkContext: Created broadcast 1 from broadcast at DAGScheduler.scala:1580
[2026-01-20T05:15:18.918+0000] {subprocess.py:93} INFO - 26/01/20 05:15:18 INFO DAGScheduler: Submitting 13 missing tasks from ResultStage 0 (MapPartitionsRDD[3] at json at NativeMethodAccessorImpl.java:0) (first 15 tasks are for partitions Vector(0, 1, 2, 3, 4, 5, 6, 7, 8, 9, 10, 11, 12))
[2026-01-20T05:15:18.919+0000] {subprocess.py:93} INFO - 26/01/20 05:15:18 INFO TaskSchedulerImpl: Adding task set 0.0 with 13 tasks resource profile 0
[2026-01-20T05:15:18.958+0000] {subprocess.py:93} INFO - 26/01/20 05:15:18 INFO TaskSetManager: Starting task 0.0 in stage 0.0 (TID 0) (519d7d29de3d, executor driver, partition 0, PROCESS_LOCAL, 8251 bytes)
[2026-01-20T05:15:18.962+0000] {subprocess.py:93} INFO - 26/01/20 05:15:18 INFO TaskSetManager: Starting task 1.0 in stage 0.0 (TID 1) (519d7d29de3d, executor driver, partition 1, PROCESS_LOCAL, 8251 bytes)
[2026-01-20T05:15:18.963+0000] {subprocess.py:93} INFO - 26/01/20 05:15:18 INFO TaskSetManager: Starting task 2.0 in stage 0.0 (TID 2) (519d7d29de3d, executor driver, partition 2, PROCESS_LOCAL, 8251 bytes)
[2026-01-20T05:15:18.964+0000] {subprocess.py:93} INFO - 26/01/20 05:15:18 INFO TaskSetManager: Starting task 3.0 in stage 0.0 (TID 3) (519d7d29de3d, executor driver, partition 3, PROCESS_LOCAL, 8251 bytes)
[2026-01-20T05:15:18.965+0000] {subprocess.py:93} INFO - 26/01/20 05:15:18 INFO TaskSetManager: Starting task 4.0 in stage 0.0 (TID 4) (519d7d29de3d, executor driver, partition 4, PROCESS_LOCAL, 8251 bytes)
[2026-01-20T05:15:18.966+0000] {subprocess.py:93} INFO - 26/01/20 05:15:18 INFO TaskSetManager: Starting task 5.0 in stage 0.0 (TID 5) (519d7d29de3d, executor driver, partition 5, PROCESS_LOCAL, 8251 bytes)
[2026-01-20T05:15:18.967+0000] {subprocess.py:93} INFO - 26/01/20 05:15:18 INFO TaskSetManager: Starting task 6.0 in stage 0.0 (TID 6) (519d7d29de3d, executor driver, partition 6, PROCESS_LOCAL, 8251 bytes)
[2026-01-20T05:15:18.967+0000] {subprocess.py:93} INFO - 26/01/20 05:15:18 INFO TaskSetManager: Starting task 7.0 in stage 0.0 (TID 7) (519d7d29de3d, executor driver, partition 7, PROCESS_LOCAL, 8251 bytes)
[2026-01-20T05:15:18.968+0000] {subprocess.py:93} INFO - 26/01/20 05:15:18 INFO TaskSetManager: Starting task 8.0 in stage 0.0 (TID 8) (519d7d29de3d, executor driver, partition 8, PROCESS_LOCAL, 8251 bytes)
[2026-01-20T05:15:18.969+0000] {subprocess.py:93} INFO - 26/01/20 05:15:18 INFO TaskSetManager: Starting task 9.0 in stage 0.0 (TID 9) (519d7d29de3d, executor driver, partition 9, PROCESS_LOCAL, 8251 bytes)
[2026-01-20T05:15:18.970+0000] {subprocess.py:93} INFO - 26/01/20 05:15:18 INFO TaskSetManager: Starting task 10.0 in stage 0.0 (TID 10) (519d7d29de3d, executor driver, partition 10, PROCESS_LOCAL, 8251 bytes)
[2026-01-20T05:15:18.971+0000] {subprocess.py:93} INFO - 26/01/20 05:15:18 INFO TaskSetManager: Starting task 11.0 in stage 0.0 (TID 11) (519d7d29de3d, executor driver, partition 11, PROCESS_LOCAL, 8251 bytes)
[2026-01-20T05:15:18.971+0000] {subprocess.py:93} INFO - 26/01/20 05:15:18 INFO TaskSetManager: Starting task 12.0 in stage 0.0 (TID 12) (519d7d29de3d, executor driver, partition 12, PROCESS_LOCAL, 8251 bytes)
[2026-01-20T05:15:18.981+0000] {subprocess.py:93} INFO - 26/01/20 05:15:18 INFO Executor: Running task 1.0 in stage 0.0 (TID 1)
[2026-01-20T05:15:18.982+0000] {subprocess.py:93} INFO - 26/01/20 05:15:18 INFO Executor: Running task 4.0 in stage 0.0 (TID 4)
[2026-01-20T05:15:18.983+0000] {subprocess.py:93} INFO - 26/01/20 05:15:18 INFO Executor: Running task 5.0 in stage 0.0 (TID 5)
[2026-01-20T05:15:18.984+0000] {subprocess.py:93} INFO - 26/01/20 05:15:18 INFO Executor: Running task 0.0 in stage 0.0 (TID 0)
[2026-01-20T05:15:18.985+0000] {subprocess.py:93} INFO - 26/01/20 05:15:18 INFO Executor: Running task 2.0 in stage 0.0 (TID 2)
[2026-01-20T05:15:18.986+0000] {subprocess.py:93} INFO - 26/01/20 05:15:18 INFO Executor: Running task 6.0 in stage 0.0 (TID 6)
[2026-01-20T05:15:18.987+0000] {subprocess.py:93} INFO - 26/01/20 05:15:18 INFO Executor: Running task 3.0 in stage 0.0 (TID 3)
[2026-01-20T05:15:18.988+0000] {subprocess.py:93} INFO - 26/01/20 05:15:18 INFO Executor: Running task 7.0 in stage 0.0 (TID 7)
[2026-01-20T05:15:18.988+0000] {subprocess.py:93} INFO - 26/01/20 05:15:18 INFO Executor: Running task 8.0 in stage 0.0 (TID 8)
[2026-01-20T05:15:18.989+0000] {subprocess.py:93} INFO - 26/01/20 05:15:18 INFO Executor: Running task 9.0 in stage 0.0 (TID 9)
[2026-01-20T05:15:18.990+0000] {subprocess.py:93} INFO - 26/01/20 05:15:18 INFO Executor: Running task 10.0 in stage 0.0 (TID 10)
[2026-01-20T05:15:18.990+0000] {subprocess.py:93} INFO - 26/01/20 05:15:18 INFO Executor: Running task 11.0 in stage 0.0 (TID 11)
[2026-01-20T05:15:18.993+0000] {subprocess.py:93} INFO - 26/01/20 05:15:18 INFO Executor: Running task 12.0 in stage 0.0 (TID 12)
[2026-01-20T05:15:19.231+0000] {subprocess.py:93} INFO - 26/01/20 05:15:19 INFO FileScanRDD: Reading File path: file:///opt/spark-data/landing/transaction_events_1768879479.1820476.json, range: 33554432-37748736, partition values: [empty row]
[2026-01-20T05:15:19.232+0000] {subprocess.py:93} INFO - 26/01/20 05:15:19 INFO FileScanRDD: Reading File path: file:///opt/spark-data/landing/transaction_events_1768879479.1820476.json, range: 4194304-8388608, partition values: [empty row]
[2026-01-20T05:15:19.232+0000] {subprocess.py:93} INFO - 26/01/20 05:15:19 INFO FileScanRDD: Reading File path: file:///opt/spark-data/landing/transaction_events_1768879479.1820476.json, range: 41943040-46137344, partition values: [empty row]
[2026-01-20T05:15:19.233+0000] {subprocess.py:93} INFO - 26/01/20 05:15:19 INFO FileScanRDD: Reading File path: file:///opt/spark-data/landing/transaction_events_1768879479.1820476.json, range: 16777216-20971520, partition values: [empty row]
[2026-01-20T05:15:19.234+0000] {subprocess.py:93} INFO - 26/01/20 05:15:19 INFO FileScanRDD: Reading File path: file:///opt/spark-data/landing/transaction_events_1768879479.1820476.json, range: 37748736-41943040, partition values: [empty row]
[2026-01-20T05:15:19.234+0000] {subprocess.py:93} INFO - 26/01/20 05:15:19 INFO FileScanRDD: Reading File path: file:///opt/spark-data/landing/transaction_events_1768879479.1820476.json, range: 25165824-29360128, partition values: [empty row]
[2026-01-20T05:15:19.235+0000] {subprocess.py:93} INFO - 26/01/20 05:15:19 INFO FileScanRDD: Reading File path: file:///opt/spark-data/landing/transaction_events_1768879479.1820476.json, range: 8388608-12582912, partition values: [empty row]
[2026-01-20T05:15:19.235+0000] {subprocess.py:93} INFO - 26/01/20 05:15:19 INFO FileScanRDD: Reading File path: file:///opt/spark-data/landing/transaction_events_1768879479.1820476.json, range: 12582912-16777216, partition values: [empty row]
[2026-01-20T05:15:19.235+0000] {subprocess.py:93} INFO - 26/01/20 05:15:19 INFO FileScanRDD: Reading File path: file:///opt/spark-data/landing/transaction_events_1768879479.1820476.json, range: 29360128-33554432, partition values: [empty row]
[2026-01-20T05:15:19.236+0000] {subprocess.py:93} INFO - 26/01/20 05:15:19 INFO FileScanRDD: Reading File path: file:///opt/spark-data/landing/transaction_events_1768879479.1820476.json, range: 46137344-50331648, partition values: [empty row]
[2026-01-20T05:15:19.236+0000] {subprocess.py:93} INFO - 26/01/20 05:15:19 INFO FileScanRDD: Reading File path: file:///opt/spark-data/landing/transaction_events_1768879479.1820476.json, range: 0-4194304, partition values: [empty row]
[2026-01-20T05:15:19.237+0000] {subprocess.py:93} INFO - 26/01/20 05:15:19 INFO FileScanRDD: Reading File path: file:///opt/spark-data/landing/transaction_events_1768879479.1820476.json, range: 50331648-51561162, partition values: [empty row]
[2026-01-20T05:15:19.238+0000] {subprocess.py:93} INFO - 26/01/20 05:15:19 INFO FileScanRDD: Reading File path: file:///opt/spark-data/landing/transaction_events_1768879479.1820476.json, range: 20971520-25165824, partition values: [empty row]
[2026-01-20T05:15:19.481+0000] {subprocess.py:93} INFO - 26/01/20 05:15:19 INFO CodeGenerator: Code generated in 194.768542 ms
[2026-01-20T05:15:20.145+0000] {subprocess.py:93} INFO - 26/01/20 05:15:20 INFO Executor: Finished task 12.0 in stage 0.0 (TID 12). 3067 bytes result sent to driver
[2026-01-20T05:15:20.163+0000] {subprocess.py:93} INFO - 26/01/20 05:15:20 INFO TaskSetManager: Finished task 12.0 in stage 0.0 (TID 12) in 1193 ms on 519d7d29de3d (executor driver) (1/13)
[2026-01-20T05:15:20.339+0000] {subprocess.py:93} INFO - 26/01/20 05:15:20 INFO Executor: Finished task 7.0 in stage 0.0 (TID 7). 3024 bytes result sent to driver
[2026-01-20T05:15:20.340+0000] {subprocess.py:93} INFO - 26/01/20 05:15:20 INFO Executor: Finished task 11.0 in stage 0.0 (TID 11). 3024 bytes result sent to driver
[2026-01-20T05:15:20.344+0000] {subprocess.py:93} INFO - 26/01/20 05:15:20 INFO Executor: Finished task 10.0 in stage 0.0 (TID 10). 3024 bytes result sent to driver
[2026-01-20T05:15:20.345+0000] {subprocess.py:93} INFO - 26/01/20 05:15:20 INFO Executor: Finished task 5.0 in stage 0.0 (TID 5). 3024 bytes result sent to driver
[2026-01-20T05:15:20.346+0000] {subprocess.py:93} INFO - 26/01/20 05:15:20 INFO Executor: Finished task 8.0 in stage 0.0 (TID 8). 3024 bytes result sent to driver
[2026-01-20T05:15:20.347+0000] {subprocess.py:93} INFO - 26/01/20 05:15:20 INFO TaskSetManager: Finished task 7.0 in stage 0.0 (TID 7) in 1378 ms on 519d7d29de3d (executor driver) (2/13)
[2026-01-20T05:15:20.348+0000] {subprocess.py:93} INFO - 26/01/20 05:15:20 INFO Executor: Finished task 6.0 in stage 0.0 (TID 6). 3024 bytes result sent to driver
[2026-01-20T05:15:20.348+0000] {subprocess.py:93} INFO - 26/01/20 05:15:20 INFO Executor: Finished task 9.0 in stage 0.0 (TID 9). 3067 bytes result sent to driver
[2026-01-20T05:15:20.349+0000] {subprocess.py:93} INFO - 26/01/20 05:15:20 INFO TaskSetManager: Finished task 11.0 in stage 0.0 (TID 11) in 1376 ms on 519d7d29de3d (executor driver) (3/13)
[2026-01-20T05:15:20.350+0000] {subprocess.py:93} INFO - 26/01/20 05:15:20 INFO TaskSetManager: Finished task 10.0 in stage 0.0 (TID 10) in 1377 ms on 519d7d29de3d (executor driver) (4/13)
[2026-01-20T05:15:20.350+0000] {subprocess.py:93} INFO - 26/01/20 05:15:20 INFO TaskSetManager: Finished task 8.0 in stage 0.0 (TID 8) in 1380 ms on 519d7d29de3d (executor driver) (5/13)
[2026-01-20T05:15:20.351+0000] {subprocess.py:93} INFO - 26/01/20 05:15:20 INFO TaskSetManager: Finished task 5.0 in stage 0.0 (TID 5) in 1382 ms on 519d7d29de3d (executor driver) (6/13)
[2026-01-20T05:15:20.352+0000] {subprocess.py:93} INFO - 26/01/20 05:15:20 INFO TaskSetManager: Finished task 6.0 in stage 0.0 (TID 6) in 1383 ms on 519d7d29de3d (executor driver) (7/13)
[2026-01-20T05:15:20.353+0000] {subprocess.py:93} INFO - 26/01/20 05:15:20 INFO TaskSetManager: Finished task 9.0 in stage 0.0 (TID 9) in 1385 ms on 519d7d29de3d (executor driver) (8/13)
[2026-01-20T05:15:20.354+0000] {subprocess.py:93} INFO - 26/01/20 05:15:20 INFO Executor: Finished task 4.0 in stage 0.0 (TID 4). 3024 bytes result sent to driver
[2026-01-20T05:15:20.354+0000] {subprocess.py:93} INFO - 26/01/20 05:15:20 INFO Executor: Finished task 3.0 in stage 0.0 (TID 3). 3067 bytes result sent to driver
[2026-01-20T05:15:20.355+0000] {subprocess.py:93} INFO - 26/01/20 05:15:20 INFO Executor: Finished task 2.0 in stage 0.0 (TID 2). 3067 bytes result sent to driver
[2026-01-20T05:15:20.356+0000] {subprocess.py:93} INFO - 26/01/20 05:15:20 INFO TaskSetManager: Finished task 4.0 in stage 0.0 (TID 4) in 1392 ms on 519d7d29de3d (executor driver) (9/13)
[2026-01-20T05:15:20.357+0000] {subprocess.py:93} INFO - 26/01/20 05:15:20 INFO Executor: Finished task 0.0 in stage 0.0 (TID 0). 3024 bytes result sent to driver
[2026-01-20T05:15:20.358+0000] {subprocess.py:93} INFO - 26/01/20 05:15:20 INFO Executor: Finished task 1.0 in stage 0.0 (TID 1). 3067 bytes result sent to driver
[2026-01-20T05:15:20.359+0000] {subprocess.py:93} INFO - 26/01/20 05:15:20 INFO TaskSetManager: Finished task 3.0 in stage 0.0 (TID 3) in 1393 ms on 519d7d29de3d (executor driver) (10/13)
[2026-01-20T05:15:20.359+0000] {subprocess.py:93} INFO - 26/01/20 05:15:20 INFO TaskSetManager: Finished task 0.0 in stage 0.0 (TID 0) in 1410 ms on 519d7d29de3d (executor driver) (11/13)
[2026-01-20T05:15:20.360+0000] {subprocess.py:93} INFO - 26/01/20 05:15:20 INFO TaskSetManager: Finished task 2.0 in stage 0.0 (TID 2) in 1395 ms on 519d7d29de3d (executor driver) (12/13)
[2026-01-20T05:15:20.361+0000] {subprocess.py:93} INFO - 26/01/20 05:15:20 INFO TaskSetManager: Finished task 1.0 in stage 0.0 (TID 1) in 1397 ms on 519d7d29de3d (executor driver) (13/13)
[2026-01-20T05:15:20.361+0000] {subprocess.py:93} INFO - 26/01/20 05:15:20 INFO TaskSchedulerImpl: Removed TaskSet 0.0, whose tasks have all completed, from pool
[2026-01-20T05:15:20.363+0000] {subprocess.py:93} INFO - 26/01/20 05:15:20 INFO DAGScheduler: ResultStage 0 (json at NativeMethodAccessorImpl.java:0) finished in 1.546 s
[2026-01-20T05:15:20.368+0000] {subprocess.py:93} INFO - 26/01/20 05:15:20 INFO DAGScheduler: Job 0 is finished. Cancelling potential speculative or zombie tasks for this job
[2026-01-20T05:15:20.368+0000] {subprocess.py:93} INFO - 26/01/20 05:15:20 INFO TaskSchedulerImpl: Killing all running tasks in stage 0: Stage finished
[2026-01-20T05:15:20.371+0000] {subprocess.py:93} INFO - 26/01/20 05:15:20 INFO DAGScheduler: Job 0 finished: json at NativeMethodAccessorImpl.java:0, took 1.595282 s
[2026-01-20T05:15:20.500+0000] {subprocess.py:93} INFO - 26/01/20 05:15:20 INFO InMemoryFileIndex: It took 14 ms to list leaf files for 1 paths.
[2026-01-20T05:15:20.537+0000] {subprocess.py:93} INFO - 26/01/20 05:15:20 INFO InMemoryFileIndex: It took 14 ms to list leaf files for 1 paths.
[2026-01-20T05:15:20.603+0000] {subprocess.py:93} INFO - 26/01/20 05:15:20 INFO FileSourceStrategy: Pushed Filters:
[2026-01-20T05:15:20.604+0000] {subprocess.py:93} INFO - 26/01/20 05:15:20 INFO FileSourceStrategy: Post-Scan Filters:
[2026-01-20T05:15:20.612+0000] {subprocess.py:93} INFO - 26/01/20 05:15:20 INFO MemoryStore: Block broadcast_2 stored as values in memory (estimated size 199.2 KiB, free 434.0 MiB)
[2026-01-20T05:15:20.626+0000] {subprocess.py:93} INFO - 26/01/20 05:15:20 INFO MemoryStore: Block broadcast_2_piece0 stored as bytes in memory (estimated size 34.2 KiB, free 433.9 MiB)
[2026-01-20T05:15:20.628+0000] {subprocess.py:93} INFO - 26/01/20 05:15:20 INFO BlockManagerInfo: Added broadcast_2_piece0 in memory on 519d7d29de3d:36181 (size: 34.2 KiB, free: 434.3 MiB)
[2026-01-20T05:15:20.630+0000] {subprocess.py:93} INFO - 26/01/20 05:15:20 INFO SparkContext: Created broadcast 2 from json at NativeMethodAccessorImpl.java:0
[2026-01-20T05:15:20.632+0000] {subprocess.py:93} INFO - 26/01/20 05:15:20 INFO FileSourceScanExec: Planning scan with bin packing, max size: 4194304 bytes, open cost is considered as scanning 4194304 bytes.
[2026-01-20T05:15:20.651+0000] {subprocess.py:93} INFO - 26/01/20 05:15:20 INFO SparkContext: Starting job: json at NativeMethodAccessorImpl.java:0
[2026-01-20T05:15:20.654+0000] {subprocess.py:93} INFO - 26/01/20 05:15:20 INFO DAGScheduler: Got job 1 (json at NativeMethodAccessorImpl.java:0) with 8 output partitions
[2026-01-20T05:15:20.655+0000] {subprocess.py:93} INFO - 26/01/20 05:15:20 INFO DAGScheduler: Final stage: ResultStage 1 (json at NativeMethodAccessorImpl.java:0)
[2026-01-20T05:15:20.656+0000] {subprocess.py:93} INFO - 26/01/20 05:15:20 INFO DAGScheduler: Parents of final stage: List()
[2026-01-20T05:15:20.657+0000] {subprocess.py:93} INFO - 26/01/20 05:15:20 INFO DAGScheduler: Missing parents: List()
[2026-01-20T05:15:20.657+0000] {subprocess.py:93} INFO - 26/01/20 05:15:20 INFO DAGScheduler: Submitting ResultStage 1 (MapPartitionsRDD[7] at json at NativeMethodAccessorImpl.java:0), which has no missing parents
[2026-01-20T05:15:20.660+0000] {subprocess.py:93} INFO - 26/01/20 05:15:20 INFO MemoryStore: Block broadcast_3 stored as values in memory (estimated size 16.0 KiB, free 433.9 MiB)
[2026-01-20T05:15:20.668+0000] {subprocess.py:93} INFO - 26/01/20 05:15:20 INFO MemoryStore: Block broadcast_3_piece0 stored as bytes in memory (estimated size 7.5 KiB, free 433.9 MiB)
[2026-01-20T05:15:20.670+0000] {subprocess.py:93} INFO - 26/01/20 05:15:20 INFO BlockManagerInfo: Added broadcast_3_piece0 in memory on 519d7d29de3d:36181 (size: 7.5 KiB, free: 434.3 MiB)
[2026-01-20T05:15:20.671+0000] {subprocess.py:93} INFO - 26/01/20 05:15:20 INFO SparkContext: Created broadcast 3 from broadcast at DAGScheduler.scala:1580
[2026-01-20T05:15:20.672+0000] {subprocess.py:93} INFO - 26/01/20 05:15:20 INFO DAGScheduler: Submitting 8 missing tasks from ResultStage 1 (MapPartitionsRDD[7] at json at NativeMethodAccessorImpl.java:0) (first 15 tasks are for partitions Vector(0, 1, 2, 3, 4, 5, 6, 7))
[2026-01-20T05:15:20.672+0000] {subprocess.py:93} INFO - 26/01/20 05:15:20 INFO TaskSchedulerImpl: Adding task set 1.0 with 8 tasks resource profile 0
[2026-01-20T05:15:20.674+0000] {subprocess.py:93} INFO - 26/01/20 05:15:20 INFO TaskSetManager: Starting task 0.0 in stage 1.0 (TID 13) (519d7d29de3d, executor driver, partition 0, PROCESS_LOCAL, 8244 bytes)
[2026-01-20T05:15:20.675+0000] {subprocess.py:93} INFO - 26/01/20 05:15:20 INFO TaskSetManager: Starting task 1.0 in stage 1.0 (TID 14) (519d7d29de3d, executor driver, partition 1, PROCESS_LOCAL, 8244 bytes)
[2026-01-20T05:15:20.676+0000] {subprocess.py:93} INFO - 26/01/20 05:15:20 INFO TaskSetManager: Starting task 2.0 in stage 1.0 (TID 15) (519d7d29de3d, executor driver, partition 2, PROCESS_LOCAL, 8244 bytes)
[2026-01-20T05:15:20.677+0000] {subprocess.py:93} INFO - 26/01/20 05:15:20 INFO TaskSetManager: Starting task 3.0 in stage 1.0 (TID 16) (519d7d29de3d, executor driver, partition 3, PROCESS_LOCAL, 8244 bytes)
[2026-01-20T05:15:20.678+0000] {subprocess.py:93} INFO - 26/01/20 05:15:20 INFO TaskSetManager: Starting task 4.0 in stage 1.0 (TID 17) (519d7d29de3d, executor driver, partition 4, PROCESS_LOCAL, 8244 bytes)
[2026-01-20T05:15:20.679+0000] {subprocess.py:93} INFO - 26/01/20 05:15:20 INFO TaskSetManager: Starting task 5.0 in stage 1.0 (TID 18) (519d7d29de3d, executor driver, partition 5, PROCESS_LOCAL, 8244 bytes)
[2026-01-20T05:15:20.679+0000] {subprocess.py:93} INFO - 26/01/20 05:15:20 INFO TaskSetManager: Starting task 6.0 in stage 1.0 (TID 19) (519d7d29de3d, executor driver, partition 6, PROCESS_LOCAL, 8244 bytes)
[2026-01-20T05:15:20.680+0000] {subprocess.py:93} INFO - 26/01/20 05:15:20 INFO TaskSetManager: Starting task 7.0 in stage 1.0 (TID 20) (519d7d29de3d, executor driver, partition 7, PROCESS_LOCAL, 8244 bytes)
[2026-01-20T05:15:20.681+0000] {subprocess.py:93} INFO - 26/01/20 05:15:20 INFO Executor: Running task 1.0 in stage 1.0 (TID 14)
[2026-01-20T05:15:20.681+0000] {subprocess.py:93} INFO - 26/01/20 05:15:20 INFO Executor: Running task 0.0 in stage 1.0 (TID 13)
[2026-01-20T05:15:20.682+0000] {subprocess.py:93} INFO - 26/01/20 05:15:20 INFO Executor: Running task 2.0 in stage 1.0 (TID 15)
[2026-01-20T05:15:20.683+0000] {subprocess.py:93} INFO - 26/01/20 05:15:20 INFO Executor: Running task 3.0 in stage 1.0 (TID 16)
[2026-01-20T05:15:20.684+0000] {subprocess.py:93} INFO - 26/01/20 05:15:20 INFO Executor: Running task 5.0 in stage 1.0 (TID 18)
[2026-01-20T05:15:20.685+0000] {subprocess.py:93} INFO - 26/01/20 05:15:20 INFO Executor: Running task 7.0 in stage 1.0 (TID 20)
[2026-01-20T05:15:20.686+0000] {subprocess.py:93} INFO - 26/01/20 05:15:20 INFO Executor: Running task 4.0 in stage 1.0 (TID 17)
[2026-01-20T05:15:20.687+0000] {subprocess.py:93} INFO - 26/01/20 05:15:20 INFO Executor: Running task 6.0 in stage 1.0 (TID 19)
[2026-01-20T05:15:20.688+0000] {subprocess.py:93} INFO - 26/01/20 05:15:20 INFO FileScanRDD: Reading File path: file:///opt/spark-data/landing/user_events_1768879431.2231393.json, range: 8388608-12582912, partition values: [empty row]
[2026-01-20T05:15:20.689+0000] {subprocess.py:93} INFO - 26/01/20 05:15:20 INFO FileScanRDD: Reading File path: file:///opt/spark-data/landing/user_events_1768879431.2231393.json, range: 4194304-8388608, partition values: [empty row]
[2026-01-20T05:15:20.690+0000] {subprocess.py:93} INFO - 26/01/20 05:15:20 INFO FileScanRDD: Reading File path: file:///opt/spark-data/landing/user_events_1768879431.2231393.json, range: 0-4194304, partition values: [empty row]
[2026-01-20T05:15:20.691+0000] {subprocess.py:93} INFO - 26/01/20 05:15:20 INFO FileScanRDD: Reading File path: file:///opt/spark-data/landing/user_events_1768879431.2231393.json, range: 20971520-25165824, partition values: [empty row]
[2026-01-20T05:15:20.692+0000] {subprocess.py:93} INFO - 26/01/20 05:15:20 INFO FileScanRDD: Reading File path: file:///opt/spark-data/landing/user_events_1768879431.2231393.json, range: 29360128-33532706, partition values: [empty row]
[2026-01-20T05:15:20.693+0000] {subprocess.py:93} INFO - 26/01/20 05:15:20 INFO FileScanRDD: Reading File path: file:///opt/spark-data/landing/user_events_1768879431.2231393.json, range: 25165824-29360128, partition values: [empty row]
[2026-01-20T05:15:20.694+0000] {subprocess.py:93} INFO - 26/01/20 05:15:20 INFO FileScanRDD: Reading File path: file:///opt/spark-data/landing/user_events_1768879431.2231393.json, range: 12582912-16777216, partition values: [empty row]
[2026-01-20T05:15:20.695+0000] {subprocess.py:93} INFO - 26/01/20 05:15:20 INFO FileScanRDD: Reading File path: file:///opt/spark-data/landing/user_events_1768879431.2231393.json, range: 16777216-20971520, partition values: [empty row]
[2026-01-20T05:15:21.202+0000] {subprocess.py:93} INFO - 26/01/20 05:15:21 INFO Executor: Finished task 2.0 in stage 1.0 (TID 15). 2401 bytes result sent to driver
[2026-01-20T05:15:21.205+0000] {subprocess.py:93} INFO - 26/01/20 05:15:21 INFO Executor: Finished task 4.0 in stage 1.0 (TID 17). 2401 bytes result sent to driver
[2026-01-20T05:15:21.207+0000] {subprocess.py:93} INFO - 26/01/20 05:15:21 INFO Executor: Finished task 0.0 in stage 1.0 (TID 13). 2401 bytes result sent to driver
[2026-01-20T05:15:21.208+0000] {subprocess.py:93} INFO - 26/01/20 05:15:21 INFO Executor: Finished task 7.0 in stage 1.0 (TID 20). 2401 bytes result sent to driver
[2026-01-20T05:15:21.209+0000] {subprocess.py:93} INFO - 26/01/20 05:15:21 INFO Executor: Finished task 6.0 in stage 1.0 (TID 19). 2401 bytes result sent to driver
[2026-01-20T05:15:21.209+0000] {subprocess.py:93} INFO - 26/01/20 05:15:21 INFO TaskSetManager: Finished task 2.0 in stage 1.0 (TID 15) in 533 ms on 519d7d29de3d (executor driver) (1/8)
[2026-01-20T05:15:21.210+0000] {subprocess.py:93} INFO - 26/01/20 05:15:21 INFO Executor: Finished task 5.0 in stage 1.0 (TID 18). 2401 bytes result sent to driver
[2026-01-20T05:15:21.211+0000] {subprocess.py:93} INFO - 26/01/20 05:15:21 INFO TaskSetManager: Finished task 0.0 in stage 1.0 (TID 13) in 537 ms on 519d7d29de3d (executor driver) (2/8)
[2026-01-20T05:15:21.212+0000] {subprocess.py:93} INFO - 26/01/20 05:15:21 INFO TaskSetManager: Finished task 7.0 in stage 1.0 (TID 20) in 533 ms on 519d7d29de3d (executor driver) (3/8)
[2026-01-20T05:15:21.212+0000] {subprocess.py:93} INFO - 26/01/20 05:15:21 INFO Executor: Finished task 3.0 in stage 1.0 (TID 16). 2401 bytes result sent to driver
[2026-01-20T05:15:21.213+0000] {subprocess.py:93} INFO - 26/01/20 05:15:21 INFO TaskSetManager: Finished task 6.0 in stage 1.0 (TID 19) in 534 ms on 519d7d29de3d (executor driver) (4/8)
[2026-01-20T05:15:21.214+0000] {subprocess.py:93} INFO - 26/01/20 05:15:21 INFO Executor: Finished task 1.0 in stage 1.0 (TID 14). 2401 bytes result sent to driver
[2026-01-20T05:15:21.215+0000] {subprocess.py:93} INFO - 26/01/20 05:15:21 INFO TaskSetManager: Finished task 5.0 in stage 1.0 (TID 18) in 536 ms on 519d7d29de3d (executor driver) (5/8)
[2026-01-20T05:15:21.216+0000] {subprocess.py:93} INFO - 26/01/20 05:15:21 INFO TaskSetManager: Finished task 4.0 in stage 1.0 (TID 17) in 537 ms on 519d7d29de3d (executor driver) (6/8)
[2026-01-20T05:15:21.216+0000] {subprocess.py:93} INFO - 26/01/20 05:15:21 INFO TaskSetManager: Finished task 1.0 in stage 1.0 (TID 14) in 540 ms on 519d7d29de3d (executor driver) (7/8)
[2026-01-20T05:15:21.217+0000] {subprocess.py:93} INFO - 26/01/20 05:15:21 INFO TaskSetManager: Finished task 3.0 in stage 1.0 (TID 16) in 540 ms on 519d7d29de3d (executor driver) (8/8)
[2026-01-20T05:15:21.218+0000] {subprocess.py:93} INFO - 26/01/20 05:15:21 INFO TaskSchedulerImpl: Removed TaskSet 1.0, whose tasks have all completed, from pool
[2026-01-20T05:15:21.218+0000] {subprocess.py:93} INFO - 26/01/20 05:15:21 INFO DAGScheduler: ResultStage 1 (json at NativeMethodAccessorImpl.java:0) finished in 0.559 s
[2026-01-20T05:15:21.219+0000] {subprocess.py:93} INFO - 26/01/20 05:15:21 INFO DAGScheduler: Job 1 is finished. Cancelling potential speculative or zombie tasks for this job
[2026-01-20T05:15:21.219+0000] {subprocess.py:93} INFO - 26/01/20 05:15:21 INFO TaskSchedulerImpl: Killing all running tasks in stage 1: Stage finished
[2026-01-20T05:15:21.220+0000] {subprocess.py:93} INFO - 26/01/20 05:15:21 INFO DAGScheduler: Job 1 finished: json at NativeMethodAccessorImpl.java:0, took 0.567171 s
[2026-01-20T05:15:21.380+0000] {subprocess.py:93} INFO - Traceback (most recent call last):
[2026-01-20T05:15:21.381+0000] {subprocess.py:93} INFO -   File "/opt/spark-jobs/etl_job.py", line 185, in <module>
[2026-01-20T05:15:21.384+0000] {subprocess.py:93} INFO -     run_etl(spark,'/opt/spark-data/landing', '/opt/spark-data/gold')
[2026-01-20T05:15:21.384+0000] {subprocess.py:93} INFO -   File "/opt/spark-jobs/etl_job.py", line 168, in run_etl
[2026-01-20T05:15:21.386+0000] {subprocess.py:93} INFO -     advertising_gold_zone(spark,df_topic_transaction,df_topic_user,output_path)
[2026-01-20T05:15:21.387+0000] {subprocess.py:93} INFO -   File "/opt/spark-jobs/etl_job.py", line 59, in advertising_gold_zone
[2026-01-20T05:15:21.389+0000] {subprocess.py:93} INFO -     ((F.col("user.user_id") == F.col("transaction.user_id")) & (F.col("user.product_id") == F.col("transaction.line_item.product_id") & \
[2026-01-20T05:15:21.390+0000] {subprocess.py:93} INFO -   File "/opt/spark/python/lib/pyspark.zip/pyspark/sql/column.py", line 1400, in __nonzero__
[2026-01-20T05:15:21.390+0000] {subprocess.py:93} INFO - pyspark.errors.exceptions.base.PySparkValueError: [CANNOT_CONVERT_COLUMN_INTO_BOOL] Cannot convert column into bool: please use '&' for 'and', '|' for 'or', '~' for 'not' when building DataFrame boolean expressions.
[2026-01-20T05:15:21.429+0000] {subprocess.py:93} INFO - 26/01/20 05:15:21 INFO SparkContext: Invoking stop() from shutdown hook
[2026-01-20T05:15:21.429+0000] {subprocess.py:93} INFO - 26/01/20 05:15:21 INFO SparkContext: SparkContext is stopping with exitCode 0.
[2026-01-20T05:15:21.440+0000] {subprocess.py:93} INFO - 26/01/20 05:15:21 INFO SparkUI: Stopped Spark web UI at http://519d7d29de3d:4040
[2026-01-20T05:15:21.451+0000] {subprocess.py:93} INFO - 26/01/20 05:15:21 INFO MapOutputTrackerMasterEndpoint: MapOutputTrackerMasterEndpoint stopped!
[2026-01-20T05:15:21.461+0000] {subprocess.py:93} INFO - 26/01/20 05:15:21 INFO MemoryStore: MemoryStore cleared
[2026-01-20T05:15:21.462+0000] {subprocess.py:93} INFO - 26/01/20 05:15:21 INFO BlockManager: BlockManager stopped
[2026-01-20T05:15:21.466+0000] {subprocess.py:93} INFO - 26/01/20 05:15:21 INFO BlockManagerMaster: BlockManagerMaster stopped
[2026-01-20T05:15:21.468+0000] {subprocess.py:93} INFO - 26/01/20 05:15:21 INFO OutputCommitCoordinator$OutputCommitCoordinatorEndpoint: OutputCommitCoordinator stopped!
[2026-01-20T05:15:21.477+0000] {subprocess.py:93} INFO - 26/01/20 05:15:21 INFO SparkContext: Successfully stopped SparkContext
[2026-01-20T05:15:21.477+0000] {subprocess.py:93} INFO - 26/01/20 05:15:21 INFO ShutdownHookManager: Shutdown hook called
[2026-01-20T05:15:21.478+0000] {subprocess.py:93} INFO - 26/01/20 05:15:21 INFO ShutdownHookManager: Deleting directory /tmp/spark-ea70b78e-3805-4592-a230-f9c89029cc86
[2026-01-20T05:15:21.481+0000] {subprocess.py:93} INFO - 26/01/20 05:15:21 INFO ShutdownHookManager: Deleting directory /tmp/spark-96fbef8d-4fe5-4723-b66e-aa5536282b50
[2026-01-20T05:15:21.484+0000] {subprocess.py:93} INFO - 26/01/20 05:15:21 INFO ShutdownHookManager: Deleting directory /tmp/spark-96fbef8d-4fe5-4723-b66e-aa5536282b50/pyspark-7a7a875f-5e0c-4e25-a98e-e7d1af0588cb
[2026-01-20T05:15:21.516+0000] {subprocess.py:97} INFO - Command exited with return code 1
[2026-01-20T05:15:21.530+0000] {taskinstance.py:2698} ERROR - Task failed with exception
Traceback (most recent call last):
  File "/home/airflow/.local/lib/python3.10/site-packages/airflow/models/taskinstance.py", line 433, in _execute_task
    result = execute_callable(context=context, **execute_callable_kwargs)
  File "/home/airflow/.local/lib/python3.10/site-packages/airflow/operators/bash.py", line 212, in execute
    raise AirflowException(
airflow.exceptions.AirflowException: Bash command failed. The command returned a non-zero exit code 1.
[2026-01-20T05:15:21.534+0000] {taskinstance.py:1138} INFO - Marking task as FAILED. dag_id=streamflow_main, task_id=Spark_Submit, execution_date=20260120T051508, start_date=20260120T051510, end_date=20260120T051521
[2026-01-20T05:15:21.550+0000] {standard_task_runner.py:107} ERROR - Failed to execute job 26 for task Spark_Submit (Bash command failed. The command returned a non-zero exit code 1.; 12078)
[2026-01-20T05:15:21.566+0000] {local_task_job_runner.py:234} INFO - Task exited with return code 1
[2026-01-20T05:15:21.584+0000] {taskinstance.py:3280} INFO - 0 downstream tasks scheduled from follow-on schedule check
